C:/Users/shiva/Desktop/RCU-STM/Components/Core/Inc/Task.hpp:27:12:Queue* Task::GetEventQueue() const	16	static
C:/Users/shiva/Desktop/RCU-STM/Components/Communication/Inc/UARTTask.hpp:27:19:static UARTTask& UARTTask::Inst()	8	static
C:/Users/shiva/Desktop/RCU-STM/Components/Communication/Inc/UARTTask.hpp:43:2:UARTTask::UARTTask()	16	static
C:/Users/shiva/Desktop/RCU-STM/Components/FlightControl/Inc/FlightTask.hpp:14:24:static FlightTask& FlightTask::Inst()	8	static
C:/Users/shiva/Desktop/RCU-STM/Components/SoarDebug/Inc/DebugTask.hpp:26:20:static DebugTask& DebugTask::Inst()	8	static
../Components/main_avionics.cpp:30:6:void run_main()	8	static
../Components/main_avionics.cpp:60:6:void run_StartDefaultTask()	8	static
../Components/main_avionics.cpp:73:6:)	224	static
../Components/main_avionics.cpp:114:6:)	364	static
../Components/main_avionics.cpp:168:1:void __static_initialization_and_destruction_0(int, int)	16	static
../Components/main_avionics.cpp:168:1:cpp)	8	static
../Components/main_avionics.cpp:168:1:cpp)	8	static
