Archive member included to satisfy reference by file (symbol)

c:/st/stm32cubeide_1.10.1/stm32cubeide/plugins/com.st.stm32cube.ide.mcu.externaltools.gnu-tools-for-stm32.10.3-2021.10.win32_1.0.0.202111181127/tools/bin/../lib/gcc/arm-none-eabi/10.3.1/../../../../arm-none-eabi/lib/thumb/v7e-m+fp/hard\libstdc++_nano.a(guard.o)
                              ./Components/Communication/UARTTask.o (__cxa_guard_acquire)
c:/st/stm32cubeide_1.10.1/stm32cubeide/plugins/com.st.stm32cube.ide.mcu.externaltools.gnu-tools-for-stm32.10.3-2021.10.win32_1.0.0.202111181127/tools/bin/../lib/gcc/arm-none-eabi/10.3.1/../../../../arm-none-eabi/lib/thumb/v7e-m+fp/hard\libstdc++_nano.a(new_op.o)
                              ./Components/Core/Task.o (operator new(unsigned int))
c:/st/stm32cubeide_1.10.1/stm32cubeide/plugins/com.st.stm32cube.ide.mcu.externaltools.gnu-tools-for-stm32.10.3-2021.10.win32_1.0.0.202111181127/tools/bin/../lib/gcc/arm-none-eabi/10.3.1/../../../../arm-none-eabi/lib/thumb/v7e-m+fp/hard\libstdc++_nano.a(new_handler.o)
                              c:/st/stm32cubeide_1.10.1/stm32cubeide/plugins/com.st.stm32cube.ide.mcu.externaltools.gnu-tools-for-stm32.10.3-2021.10.win32_1.0.0.202111181127/tools/bin/../lib/gcc/arm-none-eabi/10.3.1/../../../../arm-none-eabi/lib/thumb/v7e-m+fp/hard\libstdc++_nano.a(new_op.o) (std::get_new_handler())
c:/st/stm32cubeide_1.10.1/stm32cubeide/plugins/com.st.stm32cube.ide.mcu.externaltools.gnu-tools-for-stm32.10.3-2021.10.win32_1.0.0.202111181127/tools/bin/../lib/gcc/arm-none-eabi/10.3.1/../../../../arm-none-eabi/lib/thumb/v7e-m+fp/hard\libc_nano.a(lib_a-abort.o)
                              c:/st/stm32cubeide_1.10.1/stm32cubeide/plugins/com.st.stm32cube.ide.mcu.externaltools.gnu-tools-for-stm32.10.3-2021.10.win32_1.0.0.202111181127/tools/bin/../lib/gcc/arm-none-eabi/10.3.1/../../../../arm-none-eabi/lib/thumb/v7e-m+fp/hard\libstdc++_nano.a(new_op.o) (abort)
c:/st/stm32cubeide_1.10.1/stm32cubeide/plugins/com.st.stm32cube.ide.mcu.externaltools.gnu-tools-for-stm32.10.3-2021.10.win32_1.0.0.202111181127/tools/bin/../lib/gcc/arm-none-eabi/10.3.1/../../../../arm-none-eabi/lib/thumb/v7e-m+fp/hard\libc_nano.a(lib_a-errno.o)
                              ./Core/Src/syscalls.o (__errno)
c:/st/stm32cubeide_1.10.1/stm32cubeide/plugins/com.st.stm32cube.ide.mcu.externaltools.gnu-tools-for-stm32.10.3-2021.10.win32_1.0.0.202111181127/tools/bin/../lib/gcc/arm-none-eabi/10.3.1/../../../../arm-none-eabi/lib/thumb/v7e-m+fp/hard\libc_nano.a(lib_a-exit.o)
                              c:/st/stm32cubeide_1.10.1/stm32cubeide/plugins/com.st.stm32cube.ide.mcu.externaltools.gnu-tools-for-stm32.10.3-2021.10.win32_1.0.0.202111181127/tools/bin/../lib/gcc/arm-none-eabi/10.3.1/../../../../arm-none-eabi/lib/thumb/v7e-m+fp/hard/crt0.o (exit)
c:/st/stm32cubeide_1.10.1/stm32cubeide/plugins/com.st.stm32cube.ide.mcu.externaltools.gnu-tools-for-stm32.10.3-2021.10.win32_1.0.0.202111181127/tools/bin/../lib/gcc/arm-none-eabi/10.3.1/../../../../arm-none-eabi/lib/thumb/v7e-m+fp/hard\libc_nano.a(lib_a-findfp.o)
                              ./Middlewares/Third_Party/FreeRTOS/Source/tasks.o (__sf_fake_stderr)
c:/st/stm32cubeide_1.10.1/stm32cubeide/plugins/com.st.stm32cube.ide.mcu.externaltools.gnu-tools-for-stm32.10.3-2021.10.win32_1.0.0.202111181127/tools/bin/../lib/gcc/arm-none-eabi/10.3.1/../../../../arm-none-eabi/lib/thumb/v7e-m+fp/hard\libc_nano.a(lib_a-fwalk.o)
                              c:/st/stm32cubeide_1.10.1/stm32cubeide/plugins/com.st.stm32cube.ide.mcu.externaltools.gnu-tools-for-stm32.10.3-2021.10.win32_1.0.0.202111181127/tools/bin/../lib/gcc/arm-none-eabi/10.3.1/../../../../arm-none-eabi/lib/thumb/v7e-m+fp/hard\libc_nano.a(lib_a-findfp.o) (_fwalk)
c:/st/stm32cubeide_1.10.1/stm32cubeide/plugins/com.st.stm32cube.ide.mcu.externaltools.gnu-tools-for-stm32.10.3-2021.10.win32_1.0.0.202111181127/tools/bin/../lib/gcc/arm-none-eabi/10.3.1/../../../../arm-none-eabi/lib/thumb/v7e-m+fp/hard\libc_nano.a(lib_a-impure.o)
                              c:/st/stm32cubeide_1.10.1/stm32cubeide/plugins/com.st.stm32cube.ide.mcu.externaltools.gnu-tools-for-stm32.10.3-2021.10.win32_1.0.0.202111181127/tools/bin/../lib/gcc/arm-none-eabi/10.3.1/../../../../arm-none-eabi/lib/thumb/v7e-m+fp/hard\libc_nano.a(lib_a-exit.o) (_global_impure_ptr)
c:/st/stm32cubeide_1.10.1/stm32cubeide/plugins/com.st.stm32cube.ide.mcu.externaltools.gnu-tools-for-stm32.10.3-2021.10.win32_1.0.0.202111181127/tools/bin/../lib/gcc/arm-none-eabi/10.3.1/../../../../arm-none-eabi/lib/thumb/v7e-m+fp/hard\libc_nano.a(lib_a-init.o)
                              c:/st/stm32cubeide_1.10.1/stm32cubeide/plugins/com.st.stm32cube.ide.mcu.externaltools.gnu-tools-for-stm32.10.3-2021.10.win32_1.0.0.202111181127/tools/bin/../lib/gcc/arm-none-eabi/10.3.1/../../../../arm-none-eabi/lib/thumb/v7e-m+fp/hard/crt0.o (__libc_init_array)
[...]
Memory Configuration

Name             Origin             Length             Attributes
RAM              0x0000000020000000 0x0000000000010000 xrw
RAM2             0x0000000010000000 0x0000000000004000 xrw
FLASH            0x0000000008000000 0x0000000000020000 xr
*default*        0x0000000000000000 0xffffffffffffffff

Linker script and memory map

LOAD c:/st/stm32cubeide_1.10.1/stm32cubeide/plugins/com.st.stm32cube.ide.mcu.externaltools.gnu-tools-for-stm32.10.3-2021.10.win32_1.0.0.202111181127/tools/bin/../lib/gcc/arm-none-eabi/10.3.1/thumb/v7e-m+fp/hard/crti.o
LOAD c:/st/stm32cubeide_1.10.1/stm32cubeide/plugins/com.st.stm32cube.ide.mcu.externaltools.gnu-tools-for-stm32.10.3-2021.10.win32_1.0.0.202111181127/tools/bin/../lib/gcc/arm-none-eabi/10.3.1/thumb/v7e-m+fp/hard/crtbegin.o
LOAD c:/st/stm32cubeide_1.10.1/stm32cubeide/plugins/com.st.stm32cube.ide.mcu.externaltools.gnu-tools-for-stm32.10.3-2021.10.win32_1.0.0.202111181127/tools/bin/../lib/gcc/arm-none-eabi/10.3.1/../../../../arm-none-eabi/lib/thumb/v7e-m+fp/hard/crt0.o
LOAD ./Components/Communication/UARTTask.o
LOAD ./Components/Core/Command.o
LOAD ./Components/Core/Mutex.o
LOAD ./Components/Core/Queue.o
LOAD ./Components/Core/Task.o
LOAD ./Components/FlightControl/FlightTask.o
LOAD ./Components/SoarDebug/DebugTask.o
LOAD ./Components/Utils.o
LOAD ./Components/main_avionics.o
LOAD ./Core/RunInterface.o
LOAD ./Core/Src/freertos.o
LOAD ./Core/Src/main.o
LOAD ./Core/Src/stm32l4xx_hal_msp.o
LOAD ./Core/Src/stm32l4xx_hal_timebase_tim.o
LOAD ./Core/Src/stm32l4xx_it.o
LOAD ./Core/Src/syscalls.o
LOAD ./Core/Src/sysmem.o
LOAD ./Core/Src/system_stm32l4xx.o
LOAD ./Core/Startup/startup_stm32l431rbtx.o
LOAD ./Drivers/STM32L4xx_HAL_Driver/Src/stm32l4xx_hal.o
LOAD ./Drivers/STM32L4xx_HAL_Driver/Src/stm32l4xx_hal_adc.o
LOAD ./Drivers/STM32L4xx_HAL_Driver/Src/stm32l4xx_hal_adc_ex.o
LOAD ./Drivers/STM32L4xx_HAL_Driver/Src/stm32l4xx_hal_cortex.o
LOAD ./Drivers/STM32L4xx_HAL_Driver/Src/stm32l4xx_hal_crc.o
LOAD ./Drivers/STM32L4xx_HAL_Driver/Src/stm32l4xx_hal_crc_ex.o
LOAD ./Drivers/STM32L4xx_HAL_Driver/Src/stm32l4xx_hal_dma.o
LOAD ./Drivers/STM32L4xx_HAL_Driver/Src/stm32l4xx_hal_dma_ex.o
LOAD ./Drivers/STM32L4xx_HAL_Driver/Src/stm32l4xx_hal_exti.o
LOAD ./Drivers/STM32L4xx_HAL_Driver/Src/stm32l4xx_hal_flash.o
LOAD ./Drivers/STM32L4xx_HAL_Driver/Src/stm32l4xx_hal_flash_ex.o
LOAD ./Drivers/STM32L4xx_HAL_Driver/Src/stm32l4xx_hal_flash_ramfunc.o
LOAD ./Drivers/STM32L4xx_HAL_Driver/Src/stm32l4xx_hal_gpio.o
LOAD ./Drivers/STM32L4xx_HAL_Driver/Src/stm32l4xx_hal_i2c.o
LOAD ./Drivers/STM32L4xx_HAL_Driver/Src/stm32l4xx_hal_i2c_ex.o
LOAD ./Drivers/STM32L4xx_HAL_Driver/Src/stm32l4xx_hal_pwr.o
LOAD ./Drivers/STM32L4xx_HAL_Driver/Src/stm32l4xx_hal_pwr_ex.o
LOAD ./Drivers/STM32L4xx_HAL_Driver/Src/stm32l4xx_hal_rcc.o
LOAD ./Drivers/STM32L4xx_HAL_Driver/Src/stm32l4xx_hal_rcc_ex.o
LOAD ./Drivers/STM32L4xx_HAL_Driver/Src/stm32l4xx_hal_spi.o
LOAD ./Drivers/STM32L4xx_HAL_Driver/Src/stm32l4xx_hal_spi_ex.o
LOAD ./Drivers/STM32L4xx_HAL_Driver/Src/stm32l4xx_hal_tim.o
LOAD ./Drivers/STM32L4xx_HAL_Driver/Src/stm32l4xx_hal_tim_ex.o
LOAD ./Drivers/STM32L4xx_HAL_Driver/Src/stm32l4xx_hal_uart.o
LOAD ./Drivers/STM32L4xx_HAL_Driver/Src/stm32l4xx_hal_uart_ex.o
LOAD ./Middlewares/Third_Party/FreeRTOS/Source/CMSIS_RTOS/cmsis_os.o
LOAD ./Middlewares/Third_Party/FreeRTOS/Source/croutine.o
LOAD ./Middlewares/Third_Party/FreeRTOS/Source/event_groups.o
LOAD ./Middlewares/Third_Party/FreeRTOS/Source/list.o
LOAD ./Middlewares/Third_Party/FreeRTOS/Source/queue.o
LOAD ./Middlewares/Third_Party/FreeRTOS/Source/stream_buffer.o
LOAD ./Middlewares/Third_Party/FreeRTOS/Source/tasks.o
LOAD ./Middlewares/Third_Party/FreeRTOS/Source/timers.o
LOAD ./Middlewares/Third_Party/FreeRTOS/Source/portable/GCC/ARM_CM4F/port.o
LOAD ./Middlewares/Third_Party/FreeRTOS/Source/portable/MemMang/heap_4.o
START GROUP
LOAD c:/st/stm32cubeide_1.10.1/stm32cubeide/plugins/com.st.stm32cube.ide.mcu.externaltools.gnu-tools-for-stm32.10.3-2021.10.win32_1.0.0.202111181127/tools/bin/../lib/gcc/arm-none-eabi/10.3.1/../../../../arm-none-eabi/lib/thumb/v7e-m+fp/hard\libstdc++_nano.a
LOAD c:/st/stm32cubeide_1.10.1/stm32cubeide/plugins/com.st.stm32cube.ide.mcu.externaltools.gnu-tools-for-stm32.10.3-2021.10.win32_1.0.0.202111181127/tools/bin/../lib/gcc/arm-none-eabi/10.3.1/../../../../arm-none-eabi/lib/thumb/v7e-m+fp/hard\libsupc++_nano.a
END GROUP
LOAD c:/st/stm32cubeide_1.10.1/stm32cubeide/plugins/com.st.stm32cube.ide.mcu.externaltools.gnu-tools-for-stm32.10.3-2021.10.win32_1.0.0.202111181127/tools/bin/../lib/gcc/arm-none-eabi/10.3.1/../../../../arm-none-eabi/lib/thumb/v7e-m+fp/hard\libstdc++_nano.a
LOAD c:/st/stm32cubeide_1.10.1/stm32cubeide/plugins/com.st.stm32cube.ide.mcu.externaltools.gnu-tools-for-stm32.10.3-2021.10.win32_1.0.0.202111181127/tools/bin/../lib/gcc/arm-none-eabi/10.3.1/../../../../arm-none-eabi/lib/thumb/v7e-m+fp/hard\libm.a
LOAD c:/st/stm32cubeide_1.10.1/stm32cubeide/plugins/com.st.stm32cube.ide.mcu.externaltools.gnu-tools-for-stm32.10.3-2021.10.win32_1.0.0.202111181127/tools/bin/../lib/gcc/arm-none-eabi/10.3.1/../../../../arm-none-eabi/lib/thumb/v7e-m+fp/hard\libc_nano.a
START GROUP
LOAD c:/st/stm32cubeide_1.10.1/stm32cubeide/plugins/com.st.stm32cube.ide.mcu.externaltools.gnu-tools-for-stm32.10.3-2021.10.win32_1.0.0.202111181127/tools/bin/../lib/gcc/arm-none-eabi/10.3.1/thumb/v7e-m+fp/hard\libgcc.a
LOAD c:/st/stm32cubeide_1.10.1/stm32cubeide/plugins/com.st.stm32cube.ide.mcu.externaltools.gnu-tools-for-stm32.10.3-2021.10.win32_1.0.0.202111181127/tools/bin/../lib/gcc/arm-none-eabi/10.3.1/../../../../arm-none-eabi/lib/thumb/v7e-m+fp/hard\libc_nano.a
END GROUP
START GROUP
LOAD c:/st/stm32cubeide_1.10.1/stm32cubeide/plugins/com.st.stm32cube.ide.mcu.externaltools.gnu-tools-for-stm32.10.3-2021.10.win32_1.0.0.202111181127/tools/bin/../lib/gcc/arm-none-eabi/10.3.1/thumb/v7e-m+fp/hard\libgcc.a
LOAD c:/st/stm32cubeide_1.10.1/stm32cubeide/plugins/com.st.stm32cube.ide.mcu.externaltools.gnu-tools-for-stm32.10.3-2021.10.win32_1.0.0.202111181127/tools/bin/../lib/gcc/arm-none-eabi/10.3.1/../../../../arm-none-eabi/lib/thumb/v7e-m+fp/hard\libc_nano.a
LOAD c:/st/stm32cubeide_1.10.1/stm32cubeide/plugins/com.st.stm32cube.ide.mcu.externaltools.gnu-tools-for-stm32.10.3-2021.10.win32_1.0.0.202111181127/tools/bin/../lib/gcc/arm-none-eabi/10.3.1/../../../../arm-none-eabi/lib/thumb/v7e-m+fp/hard\libnosys.a
END GROUP
START GROUP
LOAD c:/st/stm32cubeide_1.10.1/stm32cubeide/plugins/com.st.stm32cube.ide.mcu.externaltools.gnu-tools-for-stm32.10.3-2021.10.win32_1.0.0.202111181127/tools/bin/../lib/gcc/arm-none-eabi/10.3.1/thumb/v7e-m+fp/hard\libgcc.a
LOAD c:/st/stm32cubeide_1.10.1/stm32cubeide/plugins/com.st.stm32cube.ide.mcu.externaltools.gnu-tools-for-stm32.10.3-2021.10.win32_1.0.0.202111181127/tools/bin/../lib/gcc/arm-none-eabi/10.3.1/../../../../arm-none-eabi/lib/thumb/v7e-m+fp/hard\libc_nano.a
LOAD c:/st/stm32cubeide_1.10.1/stm32cubeide/plugins/com.st.stm32cube.ide.mcu.externaltools.gnu-tools-for-stm32.10.3-2021.10.win32_1.0.0.202111181127/tools/bin/../lib/gcc/arm-none-eabi/10.3.1/../../../../arm-none-eabi/lib/thumb/v7e-m+fp/hard\libnosys.a
END GROUP
LOAD c:/st/stm32cubeide_1.10.1/stm32cubeide/plugins/com.st.stm32cube.ide.mcu.externaltools.gnu-tools-for-stm32.10.3-2021.10.win32_1.0.0.202111181127/tools/bin/../lib/gcc/arm-none-eabi/10.3.1/thumb/v7e-m+fp/hard/crtend.o
LOAD c:/st/stm32cubeide_1.10.1/stm32cubeide/plugins/com.st.stm32cube.ide.mcu.externaltools.gnu-tools-for-stm32.10.3-2021.10.win32_1.0.0.202111181127/tools/bin/../lib/gcc/arm-none-eabi/10.3.1/thumb/v7e-m+fp/hard/crtn.o
                0x0000000020010000                _estack = (ORIGIN (RAM) + LENGTH (RAM))
                0x0000000000000200                _Min_Heap_Size = 0x200
                0x0000000000000400                _Min_Stack_Size = 0x400

.isr_vector     0x0000000008000000      0x18c
                0x0000000008000000                . = ALIGN (0x4)
 *(.isr_vector)
 .isr_vector    0x0000000008000000      0x18c ./Core/Startup/startup_stm32l431rbtx.o
                0x0000000008000000                g_pfnVectors
                0x000000000800018c                . = ALIGN (0x4)

.text           0x0000000008000190     0x92fc
                0x0000000008000190                . = ALIGN (0x4)
 *(.text)
 .text          0x0000000008000190       0x40 c:/st/stm32cubeide_1.10.1/stm32cubeide/plugins/com.st.stm32cube.ide.mcu.externaltools.gnu-tools-for-stm32.10.3-2021.10.win32_1.0.0.202111181127/tools/bin/../lib/gcc/arm-none-eabi/10.3.1/thumb/v7e-m+fp/hard/crtbegin.o
 .text          0x00000000080001d0       0x14 c:/st/stm32cubeide_1.10.1/stm32cubeide/plugins/com.st.stm32cube.ide.mcu.externaltools.gnu-tools-for-stm32.10.3-2021.10.win32_1.0.0.202111181127/tools/bin/../lib/gcc/arm-none-eabi/10.3.1/../../../../arm-none-eabi/lib/thumb/v7e-m+fp/hard\libc_nano.a(lib_a-strcmp.o)
                0x00000000080001d0                strcmp
 .text          0x00000000080001e4       0x10 c:/st/stm32cubeide_1.10.1/stm32cubeide/plugins/com.st.stm32cube.ide.mcu.externaltools.gnu-tools-for-stm32.10.3-2021.10.win32_1.0.0.202111181127/tools/bin/../lib/gcc/arm-none-eabi/10.3.1/../../../../arm-none-eabi/lib/thumb/v7e-m+fp/hard\libc_nano.a(lib_a-strlen.o)
                0x00000000080001e4                strlen
 *fill*         0x00000000080001f4        0xc 
 .text          0x0000000008000200       0xa0 c:/st/stm32cubeide_1.10.1/stm32cubeide/plugins/com.st.stm32cube.ide.mcu.externaltools.gnu-tools-for-stm32.10.3-2021.10.win32_1.0.0.202111181127/tools/bin/../lib/gcc/arm-none-eabi/10.3.1/../../../../arm-none-eabi/lib/thumb/v7e-m+fp/hard\libc_nano.a(lib_a-memchr.o)
                0x0000000008000200                memchr
 .text          0x00000000080002a0       0x30 c:/st/stm32cubeide_1.10.1/stm32cubeide/plugins/com.st.stm32cube.ide.mcu.externaltools.gnu-tools-for-stm32.10.3-2021.10.win32_1.0.0.202111181127/tools/bin/../lib/gcc/arm-none-eabi/10.3.1/thumb/v7e-m+fp/hard\libgcc.a(_aeabi_uldivmod.o)
                0x00000000080002a0                __aeabi_uldivmod
 .text          0x00000000080002d0      0x2d0 c:/st/stm32cubeide_1.10.1/stm32cubeide/plugins/com.st.stm32cube.ide.mcu.externaltools.gnu-tools-for-stm32.10.3-2021.10.win32_1.0.0.202111181127/tools/bin/../lib/gcc/arm-none-eabi/10.3.1/thumb/v7e-m+fp/hard\libgcc.a(_udivmoddi4.o)
                0x00000000080002d0                __udivmoddi4
 .text          0x00000000080005a0        0x4 c:/st/stm32cubeide_1.10.1/stm32cubeide/plugins/com.st.stm32cube.ide.mcu.externaltools.gnu-tools-for-stm32.10.3-2021.10.win32_1.0.0.202111181127/tools/bin/../lib/gcc/arm-none-eabi/10.3.1/thumb/v7e-m+fp/hard\libgcc.a(_dvmd_tls.o)
                0x00000000080005a0                __aeabi_idiv0
                0x00000000080005a0                __aeabi_ldiv0
 *(.text*)
 .text._ZNK7Command14GetDataPointerEv
                0x00000000080005a4       0x18 ./Components/Communication/UARTTask.o
                0x00000000080005a4                Command::GetDataPointer() const
 .text._ZNK7Command10GetCommandEv
                0x00000000080005bc       0x18 ./Components/Communication/UARTTask.o
                0x00000000080005bc                Command::GetCommand() const
 .text._ZNK7Command14GetTaskCommandEv
                0x00000000080005d4       0x18 ./Components/Communication/UARTTask.o
                0x00000000080005d4                Command::GetTaskCommand() const
 .text._ZN8UARTTask4InstEv
                0x00000000080005ec       0x50 ./Components/Communication/UARTTask.o
                0x00000000080005ec                UARTTask::Inst()
 .text._ZN8UARTTask7RunTaskEPv
                0x000000000800063c       0x1e ./Components/Communication/UARTTask.o
                0x000000000800063c                UARTTask::RunTask(void*)
 .text._ZN8UARTTaskC2Ev
                0x000000000800065a       0x1c ./Components/Communication/UARTTask.o
                0x000000000800065a                UARTTask::UARTTask()
                0x000000000800065a                UARTTask::UARTTask()
 *fill*         0x0000000008000676        0x2 
 .text._ZN8UARTTask8InitTaskEv
                0x0000000008000678       0x64 ./Components/Communication/UARTTask.o
                0x0000000008000678                UARTTask::InitTask()
 .text._ZN8UARTTask3RunEPv
                0x00000000080006dc       0x32 ./Components/Communication/UARTTask.o
                0x00000000080006dc                UARTTask::Run(void*)
 *fill*         0x000000000800070e        0x2 
 .text._ZN8UARTTask13HandleCommandER7Command
                0x0000000008000710       0x88 ./Components/Communication/UARTTask.o
                0x0000000008000710                UARTTask::HandleCommand(Command&)
 .text._ZStanSt12memory_orderSt23__memory_order_modifier
                0x0000000008000798       0x1c ./Components/Core/Command.o
                0x0000000008000798                std::operator&(std::memory_order, std::__memory_order_modifier)
 .text._Z11soar_mallocm
                0x00000000080007b4       0x34 ./Components/Core/Command.o
                0x00000000080007b4                soar_malloc(unsigned long)
 .text._Z9soar_freePv
                0x00000000080007e8       0x16 ./Components/Core/Command.o
                0x00000000080007e8                soar_free(void*)
 .text._ZN7CommandC2Ev
                0x00000000080007fe       0x34 ./Components/Core/Command.o
                0x00000000080007fe                Command::Command()
                0x00000000080007fe                Command::Command()
 .text._ZN7CommandC2E15GLOBAL_COMMANDSt
                0x0000000008000832       0x3c ./Components/Core/Command.o
                0x0000000008000832                Command::Command(GLOBAL_COMMANDS, unsigned short)
                0x0000000008000832                Command::Command(GLOBAL_COMMANDS, unsigned short)
 *fill*         0x000000000800086e        0x2 
 .text._ZN7Command12AllocateDataEt
                0x0000000008000870       0x74 ./Components/Core/Command.o
                0x0000000008000870                Command::AllocateData(unsigned short)
 .text._ZN7Command17CopyDataToCommandEPht
                0x00000000080008e4       0x4c ./Components/Core/Command.o
                0x00000000080008e4                Command::CopyDataToCommand(unsigned char*, unsigned short)
 .text._ZN7Command5ResetEv
                0x0000000008000930       0x38 ./Components/Core/Command.o
                0x0000000008000930                Command::Reset()
 .text._ZNK7Command11GetDataSizeEv
                0x0000000008000968       0x24 ./Components/Core/Command.o
                0x0000000008000968                Command::GetDataSize() const
 .text._ZNSt13__atomic_baseItEpLEt
                0x000000000800098c       0x34 ./Components/Core/Command.o
                0x000000000800098c                std::__atomic_base<unsigned short>::operator+=(unsigned short)
 .text._ZNKSt13__atomic_baseItEcvtEv
                0x00000000080009c0       0x34 ./Components/Core/Command.o
                0x00000000080009c0                std::__atomic_base<unsigned short>::operator unsigned short() const
 .text._ZNSt13__atomic_baseItEmIEt
                0x00000000080009f4       0x36 ./Components/Core/Command.o
                0x00000000080009f4                std::__atomic_base<unsigned short>::operator-=(unsigned short)
 *fill*         0x0000000008000a2a        0x2 
 .text._ZN5MutexC2Ev
                0x0000000008000a2c       0x3c ./Components/Core/Mutex.o
                0x0000000008000a2c                Mutex::Mutex()
                0x0000000008000a2c                Mutex::Mutex()
 .text._ZN5MutexD2Ev
                0x0000000008000a68       0x1c ./Components/Core/Mutex.o
                0x0000000008000a68                Mutex::~Mutex()
                0x0000000008000a68                Mutex::~Mutex()
 .text._ZN5Mutex4LockEm
                0x0000000008000a84       0x40 ./Components/Core/Mutex.o
                0x0000000008000a84                Mutex::Lock(unsigned long)
 .text._ZN5Mutex6UnlockEv
                0x0000000008000ac4       0x2a ./Components/Core/Mutex.o
                0x0000000008000ac4                Mutex::Unlock()
 .text._ZN5QueueC2Et
                0x0000000008000aee       0x2e ./Components/Core/Queue.o
                0x0000000008000aee                Queue::Queue(unsigned short)
                0x0000000008000aee                Queue::Queue(unsigned short)
 .text._ZN5Queue11SendFromISRER7Command
                0x0000000008000b1c       0x3c ./Components/Core/Queue.o
                0x0000000008000b1c                Queue::SendFromISR(Command&)
 .text._ZN5Queue4SendER7Command
                0x0000000008000b58       0x48 ./Components/Core/Queue.o
                0x0000000008000b58                Queue::Send(Command&)
 .text._ZN5Queue11ReceiveWaitER7Command
                0x0000000008000ba0       0x38 ./Components/Core/Queue.o
                0x0000000008000ba0                Queue::ReceiveWait(Command&)
 .text._ZN4TaskC2Et
                0x0000000008000bd8       0x42 ./Components/Core/Task.o
                0x0000000008000bd8                Task::Task(unsigned short)
                0x0000000008000bd8                Task::Task(unsigned short)
 *fill*         0x0000000008000c1a        0x2 
 .text._ZN10FlightTask4InstEv
                0x0000000008000c1c       0x50 ./Components/FlightControl/FlightTask.o
                0x0000000008000c1c                FlightTask::Inst()
 .text._ZN10FlightTask7RunTaskEPv
                0x0000000008000c6c       0x1e ./Components/FlightControl/FlightTask.o
                0x0000000008000c6c                FlightTask::RunTask(void*)
 *fill*         0x0000000008000c8a        0x2 
 .text._ZN4GPIO4LED12OnEv
                0x0000000008000c8c       0x18 ./Components/FlightControl/FlightTask.o
                0x0000000008000c8c                GPIO::LED1::On()
 .text._ZN4GPIO4LED13OffEv
                0x0000000008000ca4       0x18 ./Components/FlightControl/FlightTask.o
                0x0000000008000ca4                GPIO::LED1::Off()
 .text._ZN10FlightTaskC2Ev
                0x0000000008000cbc       0x1c ./Components/FlightControl/FlightTask.o
                0x0000000008000cbc                FlightTask::FlightTask()
                0x0000000008000cbc                FlightTask::FlightTask()
 .text._ZN10FlightTask8InitTaskEv
                0x0000000008000cd8       0x64 ./Components/FlightControl/FlightTask.o
                0x0000000008000cd8                FlightTask::InitTask()
 .text._ZN10FlightTask3RunEPv
                0x0000000008000d3c       0x40 ./Components/FlightControl/FlightTask.o
                0x0000000008000d3c                FlightTask::Run(void*)
 .text._ZN9DebugTask4InstEv
                0x0000000008000d7c       0x50 ./Components/SoarDebug/DebugTask.o
                0x0000000008000d7c                DebugTask::Inst()
 .text._ZN9DebugTask7RunTaskEPv
                0x0000000008000dcc       0x1e ./Components/SoarDebug/DebugTask.o
                0x0000000008000dcc                DebugTask::RunTask(void*)
 *fill*         0x0000000008000dea        0x2 
 .text.HAL_UART_RxCpltCallback
                0x0000000008000dec       0x2c ./Components/SoarDebug/DebugTask.o
                0x0000000008000dec                HAL_UART_RxCpltCallback
 .text._ZN9DebugTaskC2Ev
                0x0000000008000e18       0x36 ./Components/SoarDebug/DebugTask.o
                0x0000000008000e18                DebugTask::DebugTask()
                0x0000000008000e18                DebugTask::DebugTask()
 *fill*         0x0000000008000e4e        0x2 
 .text._ZN9DebugTask8InitTaskEv
                0x0000000008000e50       0x64 ./Components/SoarDebug/DebugTask.o
                0x0000000008000e50                DebugTask::InitTask()
 .text._ZN9DebugTask3RunEPv
                0x0000000008000eb4       0x6c ./Components/SoarDebug/DebugTask.o
                0x0000000008000eb4                DebugTask::Run(void*)
 .text._ZN9DebugTask18HandleDebugMessageEPKc
                0x0000000008000f20       0xe0 ./Components/SoarDebug/DebugTask.o
                0x0000000008000f20                DebugTask::HandleDebugMessage(char const*)
 .text._ZN9DebugTask11ReceiveDataEv
                0x0000000008001000       0x24 ./Components/SoarDebug/DebugTask.o
                0x0000000008001000                DebugTask::ReceiveData()
 .text._ZN9DebugTask15InterruptRxDataEv
                0x0000000008001024       0xa4 ./Components/SoarDebug/DebugTask.o
                0x0000000008001024                DebugTask::InterruptRxData()
 .text._ZNK4Task13GetEventQueueEv
                0x00000000080010c8       0x18 ./Components/main_avionics.o
                0x00000000080010c8                Task::GetEventQueue() const
 .text._Z8run_mainv
                0x00000000080010e0       0x80 ./Components/main_avionics.o
                0x00000000080010e0                run_main()
 .text._Z5printPKcz
                0x0000000008001160       0xc4 ./Components/main_avionics.o
                0x0000000008001160                print(char const*, ...)
 .text._Z17soar_assert_debugbPKctS0_z
                0x0000000008001224      0x184 ./Components/main_avionics.o
                0x0000000008001224                soar_assert_debug(bool, char const*, unsigned short, char const*, ...)
 .text._Z41__static_initialization_and_destruction_0ii
                0x00000000080013a8       0x44 ./Components/main_avionics.o
 .text._GLOBAL__sub_I__ZN6Global11vaListMutexE
                0x00000000080013ec       0x10 ./Components/main_avionics.o
 .text._GLOBAL__sub_D__ZN6Global11vaListMutexE
                0x00000000080013fc       0x10 ./Components/main_avionics.o
 .text.run_interface
                0x000000000800140c        0xc ./Core/RunInterface.o
                0x000000000800140c                run_interface
 .text.vApplicationGetIdleTaskMemory
                0x0000000008001418       0x34 ./Core/Src/freertos.o
                0x0000000008001418                vApplicationGetIdleTaskMemory
 .text.main     0x000000000800144c       0x3a ./Core/Src/main.o
                0x000000000800144c                main
 .text.SystemClock_Config
                0x0000000008001486       0x8c ./Core/Src/main.o
                0x0000000008001486                SystemClock_Config
 *fill*         0x0000000008001512        0x2 
 .text.MX_ADC1_Init
                0x0000000008001514       0xc8 ./Core/Src/main.o
 .text.MX_CRC_Init
                0x00000000080015dc       0x44 ./Core/Src/main.o
 .text.MX_I2C1_Init
                0x0000000008001620       0x7c ./Core/Src/main.o
 .text.MX_LPUART1_UART_Init
                0x000000000800169c       0x5c ./Core/Src/main.o
 .text.MX_USART1_UART_Init
                0x00000000080016f8       0x60 ./Core/Src/main.o
 .text.MX_USART2_UART_Init
                0x0000000008001758       0x60 ./Core/Src/main.o
 .text.MX_USART3_UART_Init
                0x00000000080017b8       0x64 ./Core/Src/main.o
 .text.MX_SPI2_Init
                0x000000000800181c       0x7c ./Core/Src/main.o
 .text.MX_GPIO_Init
                0x0000000008001898      0x124 ./Core/Src/main.o
 .text.HAL_TIM_PeriodElapsedCallback
                0x00000000080019bc       0x24 ./Core/Src/main.o
                0x00000000080019bc                HAL_TIM_PeriodElapsedCallback
 .text.Error_Handler
                0x00000000080019e0        0xa ./Core/Src/main.o
                0x00000000080019e0                Error_Handler
 *fill*         0x00000000080019ea        0x2 
 .text.HAL_MspInit
                0x00000000080019ec       0x50 ./Core/Src/stm32l4xx_hal_msp.o
                0x00000000080019ec                HAL_MspInit
 .text.HAL_ADC_MspInit
                0x0000000008001a3c       0xfc ./Core/Src/stm32l4xx_hal_msp.o
                0x0000000008001a3c                HAL_ADC_MspInit
 .text.HAL_CRC_MspInit
                0x0000000008001b38       0x40 ./Core/Src/stm32l4xx_hal_msp.o
                0x0000000008001b38                HAL_CRC_MspInit
 .text.HAL_I2C_MspInit
                0x0000000008001b78       0xb4 ./Core/Src/stm32l4xx_hal_msp.o
                0x0000000008001b78                HAL_I2C_MspInit
 .text.HAL_UART_MspInit
                0x0000000008001c2c      0x2a0 ./Core/Src/stm32l4xx_hal_msp.o
                0x0000000008001c2c                HAL_UART_MspInit
 .text.HAL_SPI_MspInit
                0x0000000008001ecc       0x88 ./Core/Src/stm32l4xx_hal_msp.o
                0x0000000008001ecc                HAL_SPI_MspInit
 .text.HAL_InitTick
                0x0000000008001f54       0xdc ./Core/Src/stm32l4xx_hal_timebase_tim.o
                0x0000000008001f54                HAL_InitTick
 .text.NMI_Handler
                0x0000000008002030        0x6 ./Core/Src/stm32l4xx_it.o
                0x0000000008002030                NMI_Handler
 .text.HardFault_Handler
                0x0000000008002036        0x6 ./Core/Src/stm32l4xx_it.o
                0x0000000008002036                HardFault_Handler
 .text.MemManage_Handler
                0x000000000800203c        0x6 ./Core/Src/stm32l4xx_it.o
                0x000000000800203c                MemManage_Handler
 .text.BusFault_Handler
                0x0000000008002042        0x6 ./Core/Src/stm32l4xx_it.o
                0x0000000008002042                BusFault_Handler
 .text.UsageFault_Handler
                0x0000000008002048        0x6 ./Core/Src/stm32l4xx_it.o
                0x0000000008002048                UsageFault_Handler
 .text.DebugMon_Handler
                0x000000000800204e        0xe ./Core/Src/stm32l4xx_it.o
                0x000000000800204e                DebugMon_Handler
 .text.TIM1_UP_TIM16_IRQHandler
                0x000000000800205c       0x14 ./Core/Src/stm32l4xx_it.o
                0x000000000800205c                TIM1_UP_TIM16_IRQHandler
 .text._getpid  0x0000000008002070       0x10 ./Core/Src/syscalls.o
                0x0000000008002070                _getpid
 .text._kill    0x0000000008002080       0x20 ./Core/Src/syscalls.o
                0x0000000008002080                _kill
 .text._exit    0x00000000080020a0       0x14 ./Core/Src/syscalls.o
                0x00000000080020a0                _exit
 .text._sbrk    0x00000000080020b4       0x6c ./Core/Src/sysmem.o
                0x00000000080020b4                _sbrk
 .text.SystemInit
                0x0000000008002120       0x24 ./Core/Src/system_stm32l4xx.o
                0x0000000008002120                SystemInit
 .text.Reset_Handler
                0x0000000008002144       0x50 ./Core/Startup/startup_stm32l431rbtx.o
                0x0000000008002144                Reset_Handler
 .text.Default_Handler
                0x0000000008002194        0x2 ./Core/Startup/startup_stm32l431rbtx.o
                0x0000000008002194                RTC_Alarm_IRQHandler
                0x0000000008002194                EXTI2_IRQHandler
                0x0000000008002194                TIM1_CC_IRQHandler
                0x0000000008002194                TSC_IRQHandler
                0x0000000008002194                TAMP_STAMP_IRQHandler
                0x0000000008002194                EXTI3_IRQHandler
                0x0000000008002194                LPTIM2_IRQHandler
                0x0000000008002194                I2C3_ER_IRQHandler
                0x0000000008002194                EXTI0_IRQHandler
                0x0000000008002194                I2C2_EV_IRQHandler
                0x0000000008002194                CAN1_RX0_IRQHandler
                0x0000000008002194                FPU_IRQHandler
                0x0000000008002194                SPI1_IRQHandler
                0x0000000008002194                TIM6_DAC_IRQHandler
                0x0000000008002194                DMA2_Channel2_IRQHandler
                0x0000000008002194                DMA1_Channel4_IRQHandler
                0x0000000008002194                ADC1_IRQHandler
                0x0000000008002194                USART3_IRQHandler
                0x0000000008002194                DMA1_Channel7_IRQHandler
                0x0000000008002194                CAN1_RX1_IRQHandler
                0x0000000008002194                DMA2_Channel1_IRQHandler
                0x0000000008002194                QUADSPI_IRQHandler
                0x0000000008002194                I2C1_EV_IRQHandler
                0x0000000008002194                DMA1_Channel6_IRQHandler
                0x0000000008002194                DMA2_Channel4_IRQHandler
                0x0000000008002194                RCC_IRQHandler
                0x0000000008002194                TIM1_TRG_COM_IRQHandler
                0x0000000008002194                DMA1_Channel1_IRQHandler
                0x0000000008002194                Default_Handler
                0x0000000008002194                DMA2_Channel7_IRQHandler
                0x0000000008002194                EXTI15_10_IRQHandler
                0x0000000008002194                TIM7_IRQHandler
                0x0000000008002194                SDMMC1_IRQHandler
                0x0000000008002194                I2C3_EV_IRQHandler
                0x0000000008002194                EXTI9_5_IRQHandler
                0x0000000008002194                RTC_WKUP_IRQHandler
                0x0000000008002194                PVD_PVM_IRQHandler
                0x0000000008002194                SPI2_IRQHandler
                0x0000000008002194                CAN1_TX_IRQHandler
                0x0000000008002194                DMA2_Channel5_IRQHandler
                0x0000000008002194                CRS_IRQHandler
                0x0000000008002194                DMA1_Channel5_IRQHandler
                0x0000000008002194                EXTI4_IRQHandler
                0x0000000008002194                RNG_IRQHandler
                0x0000000008002194                DMA1_Channel3_IRQHandler
                0x0000000008002194                COMP_IRQHandler
                0x0000000008002194                WWDG_IRQHandler
                0x0000000008002194                LPUART1_IRQHandler
                0x0000000008002194                DMA2_Channel6_IRQHandler
                0x0000000008002194                TIM2_IRQHandler
                0x0000000008002194                EXTI1_IRQHandler
                0x0000000008002194                USART2_IRQHandler
                0x0000000008002194                I2C2_ER_IRQHandler
                0x0000000008002194                DMA1_Channel2_IRQHandler
                0x0000000008002194                CAN1_SCE_IRQHandler
                0x0000000008002194                FLASH_IRQHandler
                0x0000000008002194                USART1_IRQHandler
                0x0000000008002194                SPI3_IRQHandler
                0x0000000008002194                I2C1_ER_IRQHandler
                0x0000000008002194                SWPMI1_IRQHandler
                0x0000000008002194                LPTIM1_IRQHandler
                0x0000000008002194                SAI1_IRQHandler
                0x0000000008002194                DMA2_Channel3_IRQHandler
                0x0000000008002194                TIM1_BRK_TIM15_IRQHandler
 .text.HAL_Init
                0x0000000008002196       0x30 ./Drivers/STM32L4xx_HAL_Driver/Src/stm32l4xx_hal.o
                0x0000000008002196                HAL_Init
 *fill*         0x00000000080021c6        0x2 
 .text.HAL_IncTick
                0x00000000080021c8       0x28 ./Drivers/STM32L4xx_HAL_Driver/Src/stm32l4xx_hal.o
                0x00000000080021c8                HAL_IncTick
 .text.HAL_GetTick
                0x00000000080021f0       0x18 ./Drivers/STM32L4xx_HAL_Driver/Src/stm32l4xx_hal.o
                0x00000000080021f0                HAL_GetTick
 .text.LL_ADC_SetCommonClock
                0x0000000008002208       0x26 ./Drivers/STM32L4xx_HAL_Driver/Src/stm32l4xx_hal_adc.o
 .text.LL_ADC_SetCommonPathInternalCh
                0x000000000800222e       0x26 ./Drivers/STM32L4xx_HAL_Driver/Src/stm32l4xx_hal_adc.o
 .text.LL_ADC_GetCommonPathInternalCh
                0x0000000008002254       0x1c ./Drivers/STM32L4xx_HAL_Driver/Src/stm32l4xx_hal_adc.o
 .text.LL_ADC_SetOffset
                0x0000000008002270       0x48 ./Drivers/STM32L4xx_HAL_Driver/Src/stm32l4xx_hal_adc.o
 .text.LL_ADC_GetOffsetChannel
                0x00000000080022b8       0x2c ./Drivers/STM32L4xx_HAL_Driver/Src/stm32l4xx_hal_adc.o
 .text.LL_ADC_SetOffsetState
                0x00000000080022e4       0x36 ./Drivers/STM32L4xx_HAL_Driver/Src/stm32l4xx_hal_adc.o
 .text.LL_ADC_REG_SetSequencerRanks
                0x000000000800231a       0x58 ./Drivers/STM32L4xx_HAL_Driver/Src/stm32l4xx_hal_adc.o
 .text.LL_ADC_SetChannelSamplingTime
                0x0000000008002372       0x56 ./Drivers/STM32L4xx_HAL_Driver/Src/stm32l4xx_hal_adc.o
 .text.LL_ADC_SetChannelSingleDiff
                0x00000000080023c8       0x48 ./Drivers/STM32L4xx_HAL_Driver/Src/stm32l4xx_hal_adc.o
 .text.LL_ADC_DisableDeepPowerDown
                0x0000000008002410       0x24 ./Drivers/STM32L4xx_HAL_Driver/Src/stm32l4xx_hal_adc.o
 .text.LL_ADC_IsDeepPowerDownEnabled
                0x0000000008002434       0x28 ./Drivers/STM32L4xx_HAL_Driver/Src/stm32l4xx_hal_adc.o
 .text.LL_ADC_EnableInternalRegulator
                0x000000000800245c       0x28 ./Drivers/STM32L4xx_HAL_Driver/Src/stm32l4xx_hal_adc.o
 .text.LL_ADC_IsInternalRegulatorEnabled
                0x0000000008002484       0x28 ./Drivers/STM32L4xx_HAL_Driver/Src/stm32l4xx_hal_adc.o
 .text.LL_ADC_IsEnabled
                0x00000000080024ac       0x26 ./Drivers/STM32L4xx_HAL_Driver/Src/stm32l4xx_hal_adc.o
 .text.LL_ADC_REG_IsConversionOngoing
                0x00000000080024d2       0x26 ./Drivers/STM32L4xx_HAL_Driver/Src/stm32l4xx_hal_adc.o
 .text.LL_ADC_INJ_IsConversionOngoing
                0x00000000080024f8       0x26 ./Drivers/STM32L4xx_HAL_Driver/Src/stm32l4xx_hal_adc.o
 *fill*         0x000000000800251e        0x2 
 .text.HAL_ADC_Init
                0x0000000008002520      0x290 ./Drivers/STM32L4xx_HAL_Driver/Src/stm32l4xx_hal_adc.o
                0x0000000008002520                HAL_ADC_Init
 .text.HAL_ADC_ConfigChannel
                0x00000000080027b0      0x7c0 ./Drivers/STM32L4xx_HAL_Driver/Src/stm32l4xx_hal_adc.o
                0x00000000080027b0                HAL_ADC_ConfigChannel
 .text.__NVIC_SetPriorityGrouping
                0x0000000008002f70       0x48 ./Drivers/STM32L4xx_HAL_Driver/Src/stm32l4xx_hal_cortex.o
 .text.__NVIC_GetPriorityGrouping
                0x0000000008002fb8       0x1c ./Drivers/STM32L4xx_HAL_Driver/Src/stm32l4xx_hal_cortex.o
 .text.__NVIC_EnableIRQ
                0x0000000008002fd4       0x3c ./Drivers/STM32L4xx_HAL_Driver/Src/stm32l4xx_hal_cortex.o
 .text.__NVIC_SetPriority
                0x0000000008003010       0x54 ./Drivers/STM32L4xx_HAL_Driver/Src/stm32l4xx_hal_cortex.o
 .text.NVIC_EncodePriority
                0x0000000008003064       0x66 ./Drivers/STM32L4xx_HAL_Driver/Src/stm32l4xx_hal_cortex.o
 *fill*         0x00000000080030ca        0x2 
 .text.__NVIC_SystemReset
                0x00000000080030cc       0x2c ./Drivers/STM32L4xx_HAL_Driver/Src/stm32l4xx_hal_cortex.o
 .text.HAL_NVIC_SetPriorityGrouping
                0x00000000080030f8       0x16 ./Drivers/STM32L4xx_HAL_Driver/Src/stm32l4xx_hal_cortex.o
                0x00000000080030f8                HAL_NVIC_SetPriorityGrouping
 .text.HAL_NVIC_SetPriority
                0x000000000800310e       0x38 ./Drivers/STM32L4xx_HAL_Driver/Src/stm32l4xx_hal_cortex.o
                0x000000000800310e                HAL_NVIC_SetPriority
 .text.HAL_NVIC_EnableIRQ
                0x0000000008003146       0x1c ./Drivers/STM32L4xx_HAL_Driver/Src/stm32l4xx_hal_cortex.o
                0x0000000008003146                HAL_NVIC_EnableIRQ
 .text.HAL_NVIC_SystemReset
                0x0000000008003162        0x8 ./Drivers/STM32L4xx_HAL_Driver/Src/stm32l4xx_hal_cortex.o
                0x0000000008003162                HAL_NVIC_SystemReset
 *fill*         0x000000000800316a        0x2 
 .text.HAL_CRC_Init
                0x000000000800316c       0xc8 ./Drivers/STM32L4xx_HAL_Driver/Src/stm32l4xx_hal_crc.o
                0x000000000800316c                HAL_CRC_Init
 .text.HAL_CRCEx_Polynomial_Set
                0x0000000008003234      0x10c ./Drivers/STM32L4xx_HAL_Driver/Src/stm32l4xx_hal_crc_ex.o
                0x0000000008003234                HAL_CRCEx_Polynomial_Set
 .text.HAL_GPIO_Init
                0x0000000008003340      0x2f4 ./Drivers/STM32L4xx_HAL_Driver/Src/stm32l4xx_hal_gpio.o
                0x0000000008003340                HAL_GPIO_Init
 .text.HAL_GPIO_WritePin
                0x0000000008003634       0x30 ./Drivers/STM32L4xx_HAL_Driver/Src/stm32l4xx_hal_gpio.o
                0x0000000008003634                HAL_GPIO_WritePin
 .text.HAL_I2C_Init
                0x0000000008003664      0x11e ./Drivers/STM32L4xx_HAL_Driver/Src/stm32l4xx_hal_i2c.o
                0x0000000008003664                HAL_I2C_Init
 .text.HAL_I2CEx_ConfigAnalogFilter
                0x0000000008003782       0x96 ./Drivers/STM32L4xx_HAL_Driver/Src/stm32l4xx_hal_i2c_ex.o
                0x0000000008003782                HAL_I2CEx_ConfigAnalogFilter
 .text.HAL_I2CEx_ConfigDigitalFilter
                0x0000000008003818       0x98 ./Drivers/STM32L4xx_HAL_Driver/Src/stm32l4xx_hal_i2c_ex.o
                0x0000000008003818                HAL_I2CEx_ConfigDigitalFilter
 .text.HAL_PWREx_GetVoltageRange
                0x00000000080038b0       0x1c ./Drivers/STM32L4xx_HAL_Driver/Src/stm32l4xx_hal_pwr_ex.o
                0x00000000080038b0                HAL_PWREx_GetVoltageRange
 .text.HAL_PWREx_ControlVoltageScaling
                0x00000000080038cc       0xac ./Drivers/STM32L4xx_HAL_Driver/Src/stm32l4xx_hal_pwr_ex.o
                0x00000000080038cc                HAL_PWREx_ControlVoltageScaling
 .text.HAL_RCC_OscConfig
                0x0000000008003978      0x828 ./Drivers/STM32L4xx_HAL_Driver/Src/stm32l4xx_hal_rcc.o
                0x0000000008003978                HAL_RCC_OscConfig
 .text.HAL_RCC_ClockConfig
                0x00000000080041a0      0x200 ./Drivers/STM32L4xx_HAL_Driver/Src/stm32l4xx_hal_rcc.o
                0x00000000080041a0                HAL_RCC_ClockConfig
 .text.HAL_RCC_GetSysClockFreq
                0x00000000080043a0      0x118 ./Drivers/STM32L4xx_HAL_Driver/Src/stm32l4xx_hal_rcc.o
                0x00000000080043a0                HAL_RCC_GetSysClockFreq
 .text.HAL_RCC_GetHCLKFreq
                0x00000000080044b8       0x18 ./Drivers/STM32L4xx_HAL_Driver/Src/stm32l4xx_hal_rcc.o
                0x00000000080044b8                HAL_RCC_GetHCLKFreq
 .text.HAL_RCC_GetPCLK1Freq
                0x00000000080044d0       0x2c ./Drivers/STM32L4xx_HAL_Driver/Src/stm32l4xx_hal_rcc.o
                0x00000000080044d0                HAL_RCC_GetPCLK1Freq
 .text.HAL_RCC_GetPCLK2Freq
                0x00000000080044fc       0x2c ./Drivers/STM32L4xx_HAL_Driver/Src/stm32l4xx_hal_rcc.o
                0x00000000080044fc                HAL_RCC_GetPCLK2Freq
 .text.HAL_RCC_GetClockConfig
                0x0000000008004528       0x64 ./Drivers/STM32L4xx_HAL_Driver/Src/stm32l4xx_hal_rcc.o
                0x0000000008004528                HAL_RCC_GetClockConfig
 .text.RCC_SetFlashLatencyFromMSIRange
                0x000000000800458c       0xc0 ./Drivers/STM32L4xx_HAL_Driver/Src/stm32l4xx_hal_rcc.o
 .text.HAL_RCCEx_PeriphCLKConfig
                0x000000000800464c      0x430 ./Drivers/STM32L4xx_HAL_Driver/Src/stm32l4xx_hal_rcc_ex.o
                0x000000000800464c                HAL_RCCEx_PeriphCLKConfig
 .text.RCCEx_PLLSAI1_Config
                0x0000000008004a7c      0x1e4 ./Drivers/STM32L4xx_HAL_Driver/Src/stm32l4xx_hal_rcc_ex.o
 .text.HAL_SPI_Init
                0x0000000008004c60      0x146 ./Drivers/STM32L4xx_HAL_Driver/Src/stm32l4xx_hal_spi.o
                0x0000000008004c60                HAL_SPI_Init
 .text.HAL_TIM_Base_Init
                0x0000000008004da6       0xae ./Drivers/STM32L4xx_HAL_Driver/Src/stm32l4xx_hal_tim.o
                0x0000000008004da6                HAL_TIM_Base_Init
 .text.HAL_TIM_Base_MspInit
                0x0000000008004e54       0x14 ./Drivers/STM32L4xx_HAL_Driver/Src/stm32l4xx_hal_tim.o
                0x0000000008004e54                HAL_TIM_Base_MspInit
 .text.HAL_TIM_Base_Start_IT
                0x0000000008004e68       0xa8 ./Drivers/STM32L4xx_HAL_Driver/Src/stm32l4xx_hal_tim.o
                0x0000000008004e68                HAL_TIM_Base_Start_IT
 .text.HAL_TIM_IRQHandler
                0x0000000008004f10      0x23e ./Drivers/STM32L4xx_HAL_Driver/Src/stm32l4xx_hal_tim.o
                0x0000000008004f10                HAL_TIM_IRQHandler
 .text.HAL_TIM_OC_DelayElapsedCallback
                0x000000000800514e       0x14 ./Drivers/STM32L4xx_HAL_Driver/Src/stm32l4xx_hal_tim.o
                0x000000000800514e                HAL_TIM_OC_DelayElapsedCallback
 .text.HAL_TIM_IC_CaptureCallback
                0x0000000008005162       0x14 ./Drivers/STM32L4xx_HAL_Driver/Src/stm32l4xx_hal_tim.o
                0x0000000008005162                HAL_TIM_IC_CaptureCallback
 .text.HAL_TIM_PWM_PulseFinishedCallback
                0x0000000008005176       0x14 ./Drivers/STM32L4xx_HAL_Driver/Src/stm32l4xx_hal_tim.o
                0x0000000008005176                HAL_TIM_PWM_PulseFinishedCallback
 .text.HAL_TIM_TriggerCallback
                0x000000000800518a       0x14 ./Drivers/STM32L4xx_HAL_Driver/Src/stm32l4xx_hal_tim.o
                0x000000000800518a                HAL_TIM_TriggerCallback
 *fill*         0x000000000800519e        0x2 
 .text.TIM_Base_SetConfig
                0x00000000080051a0       0xc8 ./Drivers/STM32L4xx_HAL_Driver/Src/stm32l4xx_hal_tim.o
                0x00000000080051a0                TIM_Base_SetConfig
 .text.HAL_TIMEx_CommutCallback
                0x0000000008005268       0x14 ./Drivers/STM32L4xx_HAL_Driver/Src/stm32l4xx_hal_tim_ex.o
                0x0000000008005268                HAL_TIMEx_CommutCallback
 .text.HAL_TIMEx_BreakCallback
                0x000000000800527c       0x14 ./Drivers/STM32L4xx_HAL_Driver/Src/stm32l4xx_hal_tim_ex.o
                0x000000000800527c                HAL_TIMEx_BreakCallback
 .text.HAL_TIMEx_Break2Callback
                0x0000000008005290       0x14 ./Drivers/STM32L4xx_HAL_Driver/Src/stm32l4xx_hal_tim_ex.o
                0x0000000008005290                HAL_TIMEx_Break2Callback
 .text.HAL_UART_Init
                0x00000000080052a4       0x9c ./Drivers/STM32L4xx_HAL_Driver/Src/stm32l4xx_hal_uart.o
                0x00000000080052a4                HAL_UART_Init
 .text.HAL_UART_Transmit
                0x0000000008005340      0x128 ./Drivers/STM32L4xx_HAL_Driver/Src/stm32l4xx_hal_uart.o
                0x0000000008005340                HAL_UART_Transmit
 .text.HAL_UART_Receive_IT
                0x0000000008005468       0xac ./Drivers/STM32L4xx_HAL_Driver/Src/stm32l4xx_hal_uart.o
                0x0000000008005468                HAL_UART_Receive_IT
 .text.HAL_UARTEx_RxEventCallback
                0x0000000008005514       0x18 ./Drivers/STM32L4xx_HAL_Driver/Src/stm32l4xx_hal_uart.o
                0x0000000008005514                HAL_UARTEx_RxEventCallback
 .text.UART_SetConfig
                0x000000000800552c      0x4b4 ./Drivers/STM32L4xx_HAL_Driver/Src/stm32l4xx_hal_uart.o
                0x000000000800552c                UART_SetConfig
 .text.UART_AdvFeatureConfig
                0x00000000080059e0      0x144 ./Drivers/STM32L4xx_HAL_Driver/Src/stm32l4xx_hal_uart.o
                0x00000000080059e0                UART_AdvFeatureConfig
 .text.UART_CheckIdleState
                0x0000000008005b24       0x92 ./Drivers/STM32L4xx_HAL_Driver/Src/stm32l4xx_hal_uart.o
                0x0000000008005b24                UART_CheckIdleState
 .text.UART_WaitOnFlagUntilTimeout
                0x0000000008005bb6      0x188 ./Drivers/STM32L4xx_HAL_Driver/Src/stm32l4xx_hal_uart.o
                0x0000000008005bb6                UART_WaitOnFlagUntilTimeout
 *fill*         0x0000000008005d3e        0x2 
 .text.UART_Start_Receive_IT
                0x0000000008005d40      0x194 ./Drivers/STM32L4xx_HAL_Driver/Src/stm32l4xx_hal_uart.o
                0x0000000008005d40                UART_Start_Receive_IT
 .text.UART_RxISR_8BIT
                0x0000000008005ed4      0x160 ./Drivers/STM32L4xx_HAL_Driver/Src/stm32l4xx_hal_uart.o
 .text.UART_RxISR_16BIT
                0x0000000008006034      0x160 ./Drivers/STM32L4xx_HAL_Driver/Src/stm32l4xx_hal_uart.o
 .text.HAL_RS485Ex_Init
                0x0000000008006194       0xce ./Drivers/STM32L4xx_HAL_Driver/Src/stm32l4xx_hal_uart_ex.o
                0x0000000008006194                HAL_RS485Ex_Init
 .text.osKernelStart
                0x0000000008006262        0xe ./Middlewares/Third_Party/FreeRTOS/Source/CMSIS_RTOS/cmsis_os.o
                0x0000000008006262                osKernelStart
 .text.osDelay  0x0000000008006270       0x28 ./Middlewares/Third_Party/FreeRTOS/Source/CMSIS_RTOS/cmsis_os.o
                0x0000000008006270                osDelay
 .text.vListInitialise
                0x0000000008006298       0x40 ./Middlewares/Third_Party/FreeRTOS/Source/list.o
                0x0000000008006298                vListInitialise
 .text.vListInitialiseItem
                0x00000000080062d8       0x1a ./Middlewares/Third_Party/FreeRTOS/Source/list.o
                0x00000000080062d8                vListInitialiseItem
 .text.vListInsertEnd
                0x00000000080062f2       0x48 ./Middlewares/Third_Party/FreeRTOS/Source/list.o
                0x00000000080062f2                vListInsertEnd
 .text.vListInsert
                0x000000000800633a       0x72 ./Middlewares/Third_Party/FreeRTOS/Source/list.o
                0x000000000800633a                vListInsert
 .text.uxListRemove
                0x00000000080063ac       0x54 ./Middlewares/Third_Party/FreeRTOS/Source/list.o
                0x00000000080063ac                uxListRemove
 .text.xQueueGenericReset
                0x0000000008006400       0xd0 ./Middlewares/Third_Party/FreeRTOS/Source/queue.o
                0x0000000008006400                xQueueGenericReset
 .text.xQueueGenericCreate
                0x00000000080064d0       0x74 ./Middlewares/Third_Party/FreeRTOS/Source/queue.o
                0x00000000080064d0                xQueueGenericCreate
 .text.prvInitialiseNewQueue
                0x0000000008006544       0x3e ./Middlewares/Third_Party/FreeRTOS/Source/queue.o
 .text.prvInitialiseMutex
                0x0000000008006582       0x34 ./Middlewares/Third_Party/FreeRTOS/Source/queue.o
 .text.xQueueCreateMutex
                0x00000000080065b6       0x30 ./Middlewares/Third_Party/FreeRTOS/Source/queue.o
                0x00000000080065b6                xQueueCreateMutex
 *fill*         0x00000000080065e6        0x2 
 .text.xQueueGenericSend
                0x00000000080065e8      0x1fc ./Middlewares/Third_Party/FreeRTOS/Source/queue.o
                0x00000000080065e8                xQueueGenericSend
 .text.xQueueGenericSendFromISR
                0x00000000080067e4      0x136 ./Middlewares/Third_Party/FreeRTOS/Source/queue.o
                0x00000000080067e4                xQueueGenericSendFromISR
 *fill*         0x000000000800691a        0x2 
 .text.xQueueReceive
                0x000000000800691c      0x1c0 ./Middlewares/Third_Party/FreeRTOS/Source/queue.o
                0x000000000800691c                xQueueReceive
 .text.xQueueSemaphoreTake
                0x0000000008006adc      0x218 ./Middlewares/Third_Party/FreeRTOS/Source/queue.o
                0x0000000008006adc                xQueueSemaphoreTake
 .text.vQueueDelete
                0x0000000008006cf4       0x46 ./Middlewares/Third_Party/FreeRTOS/Source/queue.o
                0x0000000008006cf4                vQueueDelete
 .text.prvGetDisinheritPriorityAfterTimeout
                0x0000000008006d3a       0x30 ./Middlewares/Third_Party/FreeRTOS/Source/queue.o
 .text.prvCopyDataToQueue
                0x0000000008006d6a       0xd4 ./Middlewares/Third_Party/FreeRTOS/Source/queue.o
 .text.prvCopyDataFromQueue
                0x0000000008006e3e       0x4c ./Middlewares/Third_Party/FreeRTOS/Source/queue.o
 .text.prvUnlockQueue
                0x0000000008006e8a       0xa4 ./Middlewares/Third_Party/FreeRTOS/Source/queue.o
 .text.prvIsQueueEmpty
                0x0000000008006f2e       0x2c ./Middlewares/Third_Party/FreeRTOS/Source/queue.o
 .text.prvIsQueueFull
                0x0000000008006f5a       0x30 ./Middlewares/Third_Party/FreeRTOS/Source/queue.o
 *fill*         0x0000000008006f8a        0x2 
 .text.vQueueUnregisterQueue
                0x0000000008006f8c       0x54 ./Middlewares/Third_Party/FreeRTOS/Source/queue.o
                0x0000000008006f8c                vQueueUnregisterQueue
 .text.xTaskCreateStatic
                0x0000000008006fe0       0xba ./Middlewares/Third_Party/FreeRTOS/Source/tasks.o
                0x0000000008006fe0                xTaskCreateStatic
 .text.xTaskCreate
                0x000000000800709a       0x8a ./Middlewares/Third_Party/FreeRTOS/Source/tasks.o
                0x000000000800709a                xTaskCreate
 .text.prvInitialiseNewTask
                0x0000000008007124      0x13c ./Middlewares/Third_Party/FreeRTOS/Source/tasks.o
 .text.prvAddNewTaskToReadyList
                0x0000000008007260       0xd4 ./Middlewares/Third_Party/FreeRTOS/Source/tasks.o
 .text.vTaskDelay
                0x0000000008007334       0x68 ./Middlewares/Third_Party/FreeRTOS/Source/tasks.o
                0x0000000008007334                vTaskDelay
 .text.vTaskStartScheduler
                0x000000000800739c       0xd4 ./Middlewares/Third_Party/FreeRTOS/Source/tasks.o
                0x000000000800739c                vTaskStartScheduler
 .text.vTaskSuspendAll
                0x0000000008007470       0x1c ./Middlewares/Third_Party/FreeRTOS/Source/tasks.o
                0x0000000008007470                vTaskSuspendAll
 .text.xTaskResumeAll
                0x000000000800748c      0x138 ./Middlewares/Third_Party/FreeRTOS/Source/tasks.o
                0x000000000800748c                xTaskResumeAll
 .text.xTaskGetTickCount
                0x00000000080075c4       0x20 ./Middlewares/Third_Party/FreeRTOS/Source/tasks.o
                0x00000000080075c4                xTaskGetTickCount
 .text.xTaskIncrementTick
                0x00000000080075e4      0x170 ./Middlewares/Third_Party/FreeRTOS/Source/tasks.o
                0x00000000080075e4                xTaskIncrementTick
 .text.vTaskSwitchContext
                0x0000000008007754       0xc4 ./Middlewares/Third_Party/FreeRTOS/Source/tasks.o
                0x0000000008007754                vTaskSwitchContext
 .text.vTaskPlaceOnEventList
                0x0000000008007818       0x48 ./Middlewares/Third_Party/FreeRTOS/Source/tasks.o
                0x0000000008007818                vTaskPlaceOnEventList
 .text.xTaskRemoveFromEventList
                0x0000000008007860       0xc4 ./Middlewares/Third_Party/FreeRTOS/Source/tasks.o
                0x0000000008007860                xTaskRemoveFromEventList
 .text.vTaskInternalSetTimeOutState
                0x0000000008007924       0x2c ./Middlewares/Third_Party/FreeRTOS/Source/tasks.o
                0x0000000008007924                vTaskInternalSetTimeOutState
 .text.xTaskCheckForTimeOut
                0x0000000008007950       0xc4 ./Middlewares/Third_Party/FreeRTOS/Source/tasks.o
                0x0000000008007950                xTaskCheckForTimeOut
 .text.vTaskMissedYield
                0x0000000008007a14       0x18 ./Middlewares/Third_Party/FreeRTOS/Source/tasks.o
                0x0000000008007a14                vTaskMissedYield
 .text.prvIdleTask
                0x0000000008007a2c       0x30 ./Middlewares/Third_Party/FreeRTOS/Source/tasks.o
 .text.prvInitialiseTaskLists
                0x0000000008007a5c       0x80 ./Middlewares/Third_Party/FreeRTOS/Source/tasks.o
 .text.prvCheckTasksWaitingTermination
                0x0000000008007adc       0x5c ./Middlewares/Third_Party/FreeRTOS/Source/tasks.o
 .text.prvDeleteTCB
                0x0000000008007b38       0x68 ./Middlewares/Third_Party/FreeRTOS/Source/tasks.o
 .text.prvResetNextTaskUnblockTime
                0x0000000008007ba0       0x40 ./Middlewares/Third_Party/FreeRTOS/Source/tasks.o
 .text.xTaskGetSchedulerState
                0x0000000008007be0       0x3c ./Middlewares/Third_Party/FreeRTOS/Source/tasks.o
                0x0000000008007be0                xTaskGetSchedulerState
 .text.xTaskPriorityInherit
                0x0000000008007c1c       0xec ./Middlewares/Third_Party/FreeRTOS/Source/tasks.o
                0x0000000008007c1c                xTaskPriorityInherit
 .text.xTaskPriorityDisinherit
                0x0000000008007d08      0x10c ./Middlewares/Third_Party/FreeRTOS/Source/tasks.o
                0x0000000008007d08                xTaskPriorityDisinherit
 .text.vTaskPriorityDisinheritAfterTimeout
                0x0000000008007e14      0x11c ./Middlewares/Third_Party/FreeRTOS/Source/tasks.o
                0x0000000008007e14                vTaskPriorityDisinheritAfterTimeout
 .text.pvTaskIncrementMutexHeldCount
                0x0000000008007f30       0x28 ./Middlewares/Third_Party/FreeRTOS/Source/tasks.o
                0x0000000008007f30                pvTaskIncrementMutexHeldCount
 .text.prvAddCurrentTaskToDelayedList
                0x0000000008007f58       0xcc ./Middlewares/Third_Party/FreeRTOS/Source/tasks.o
 .text.pxPortInitialiseStack
                0x0000000008008024       0x68 ./Middlewares/Third_Party/FreeRTOS/Source/portable/GCC/ARM_CM4F/port.o
                0x0000000008008024                pxPortInitialiseStack
 .text.prvTaskExitError
                0x000000000800808c       0x58 ./Middlewares/Third_Party/FreeRTOS/Source/portable/GCC/ARM_CM4F/port.o
 *fill*         0x00000000080080e4        0xc 
 .text.SVC_Handler
                0x00000000080080f0       0x28 ./Middlewares/Third_Party/FreeRTOS/Source/portable/GCC/ARM_CM4F/port.o
                0x00000000080080f0                SVC_Handler
 .text.prvPortStartFirstTask
                0x0000000008008118       0x28 ./Middlewares/Third_Party/FreeRTOS/Source/portable/GCC/ARM_CM4F/port.o
 .text.xPortStartScheduler
                0x0000000008008140      0x144 ./Middlewares/Third_Party/FreeRTOS/Source/portable/GCC/ARM_CM4F/port.o
                0x0000000008008140                xPortStartScheduler
 .text.vPortEnterCritical
                0x0000000008008284       0x60 ./Middlewares/Third_Party/FreeRTOS/Source/portable/GCC/ARM_CM4F/port.o
                0x0000000008008284                vPortEnterCritical
 .text.vPortExitCritical
                0x00000000080082e4       0x54 ./Middlewares/Third_Party/FreeRTOS/Source/portable/GCC/ARM_CM4F/port.o
                0x00000000080082e4                vPortExitCritical
 *fill*         0x0000000008008338        0x8 
 .text.PendSV_Handler
                0x0000000008008340       0x68 ./Middlewares/Third_Party/FreeRTOS/Source/portable/GCC/ARM_CM4F/port.o
                0x0000000008008340                PendSV_Handler
 .text.SysTick_Handler
                0x00000000080083a8       0x44 ./Middlewares/Third_Party/FreeRTOS/Source/portable/GCC/ARM_CM4F/port.o
                0x00000000080083a8                SysTick_Handler
 .text.vPortSetupTimerInterrupt
                0x00000000080083ec       0x48 ./Middlewares/Third_Party/FreeRTOS/Source/portable/GCC/ARM_CM4F/port.o
                0x00000000080083ec                vPortSetupTimerInterrupt
 .text.vPortEnableVFP
                0x0000000008008434       0x14 ./Middlewares/Third_Party/FreeRTOS/Source/portable/GCC/ARM_CM4F/port.o
 .text.vPortValidateInterruptPriority
                0x0000000008008448       0x80 ./Middlewares/Third_Party/FreeRTOS/Source/portable/GCC/ARM_CM4F/port.o
                0x0000000008008448                vPortValidateInterruptPriority
 .text.pvPortMalloc
                0x00000000080084c8      0x198 ./Middlewares/Third_Party/FreeRTOS/Source/portable/MemMang/heap_4.o
                0x00000000080084c8                pvPortMalloc
 .text.vPortFree
                0x0000000008008660       0xc4 ./Middlewares/Third_Party/FreeRTOS/Source/portable/MemMang/heap_4.o
                0x0000000008008660                vPortFree
 .text.xPortGetFreeHeapSize
                0x0000000008008724       0x18 ./Middlewares/Third_Party/FreeRTOS/Source/portable/MemMang/heap_4.o
                0x0000000008008724                xPortGetFreeHeapSize
 .text.xPortGetMinimumEverFreeHeapSize
                0x000000000800873c       0x18 ./Middlewares/Third_Party/FreeRTOS/Source/portable/MemMang/heap_4.o
                0x000000000800873c                xPortGetMinimumEverFreeHeapSize
 .text.prvHeapInit
                0x0000000008008754       0xc4 ./Middlewares/Third_Party/FreeRTOS/Source/portable/MemMang/heap_4.o
 .text.prvInsertBlockIntoFreeList
                0x0000000008008818       0xb4 ./Middlewares/Third_Party/FreeRTOS/Source/portable/MemMang/heap_4.o
 .text.__cxa_guard_acquire
                0x00000000080088cc       0x18 c:/st/stm32cubeide_1.10.1/stm32cubeide/plugins/com.st.stm32cube.ide.mcu.externaltools.gnu-tools-for-stm32.10.3-2021.10.win32_1.0.0.202111181127/tools/bin/../lib/gcc/arm-none-eabi/10.3.1/../../../../arm-none-eabi/lib/thumb/v7e-m+fp/hard\libstdc++_nano.a(guard.o)
                0x00000000080088cc                __cxa_guard_acquire
 .text.__cxa_guard_release
                0x00000000080088e4        0x6 c:/st/stm32cubeide_1.10.1/stm32cubeide/plugins/com.st.stm32cube.ide.mcu.externaltools.gnu-tools-for-stm32.10.3-2021.10.win32_1.0.0.202111181127/tools/bin/../lib/gcc/arm-none-eabi/10.3.1/../../../../arm-none-eabi/lib/thumb/v7e-m+fp/hard\libstdc++_nano.a(guard.o)
                0x00000000080088e4                __cxa_guard_release
 .text._Znwj    0x00000000080088ea       0x22 c:/st/stm32cubeide_1.10.1/stm32cubeide/plugins/com.st.stm32cube.ide.mcu.externaltools.gnu-tools-for-stm32.10.3-2021.10.win32_1.0.0.202111181127/tools/bin/../lib/gcc/arm-none-eabi/10.3.1/../../../../arm-none-eabi/lib/thumb/v7e-m+fp/hard\libstdc++_nano.a(new_op.o)
                0x00000000080088ea                operator new(unsigned int)
 .text._ZSt15get_new_handlerv
                0x000000000800890c       0x10 c:/st/stm32cubeide_1.10.1/stm32cubeide/plugins/com.st.stm32cube.ide.mcu.externaltools.gnu-tools-for-stm32.10.3-2021.10.win32_1.0.0.202111181127/tools/bin/../lib/gcc/arm-none-eabi/10.3.1/../../../../arm-none-eabi/lib/thumb/v7e-m+fp/hard\libstdc++_nano.a(new_handler.o)
                0x000000000800890c                std::get_new_handler()
 .text.abort    0x000000000800891c        0xe c:/st/stm32cubeide_1.10.1/stm32cubeide/plugins/com.st.stm32cube.ide.mcu.externaltools.gnu-tools-for-stm32.10.3-2021.10.win32_1.0.0.202111181127/tools/bin/../lib/gcc/arm-none-eabi/10.3.1/../../../../arm-none-eabi/lib/thumb/v7e-m+fp/hard\libc_nano.a(lib_a-abort.o)
                0x000000000800891c                abort
 *fill*         0x000000000800892a        0x2 
 .text.__errno  0x000000000800892c        0xc c:/st/stm32cubeide_1.10.1/stm32cubeide/plugins/com.st.stm32cube.ide.mcu.externaltools.gnu-tools-for-stm32.10.3-2021.10.win32_1.0.0.202111181127/tools/bin/../lib/gcc/arm-none-eabi/10.3.1/../../../../arm-none-eabi/lib/thumb/v7e-m+fp/hard\libc_nano.a(lib_a-errno.o)
                0x000000000800892c                __errno
 .text.__libc_init_array
                0x0000000008008938       0x48 c:/st/stm32cubeide_1.10.1/stm32cubeide/plugins/com.st.stm32cube.ide.mcu.externaltools.gnu-tools-for-stm32.10.3-2021.10.win32_1.0.0.202111181127/tools/bin/../lib/gcc/arm-none-eabi/10.3.1/../../../../arm-none-eabi/lib/thumb/v7e-m+fp/hard\libc_nano.a(lib_a-init.o)
                0x0000000008008938                __libc_init_array
 .text.__retarget_lock_acquire_recursive
                0x0000000008008980        0x2 c:/st/stm32cubeide_1.10.1/stm32cubeide/plugins/com.st.stm32cube.ide.mcu.externaltools.gnu-tools-for-stm32.10.3-2021.10.win32_1.0.0.202111181127/tools/bin/../lib/gcc/arm-none-eabi/10.3.1/../../../../arm-none-eabi/lib/thumb/v7e-m+fp/hard\libc_nano.a(lib_a-lock.o)
                0x0000000008008980                __retarget_lock_acquire_recursive
 .text.__retarget_lock_release_recursive
                0x0000000008008982        0x2 c:/st/stm32cubeide_1.10.1/stm32cubeide/plugins/com.st.stm32cube.ide.mcu.externaltools.gnu-tools-for-stm32.10.3-2021.10.win32_1.0.0.202111181127/tools/bin/../lib/gcc/arm-none-eabi/10.3.1/../../../../arm-none-eabi/lib/thumb/v7e-m+fp/hard\libc_nano.a(lib_a-lock.o)
                0x0000000008008982                __retarget_lock_release_recursive
 .text.malloc   0x0000000008008984       0x10 c:/st/stm32cubeide_1.10.1/stm32cubeide/plugins/com.st.stm32cube.ide.mcu.externaltools.gnu-tools-for-stm32.10.3-2021.10.win32_1.0.0.202111181127/tools/bin/../lib/gcc/arm-none-eabi/10.3.1/../../../../arm-none-eabi/lib/thumb/v7e-m+fp/hard\libc_nano.a(lib_a-malloc.o)
                0x0000000008008984                malloc
 .text.memcpy   0x0000000008008994       0x1c c:/st/stm32cubeide_1.10.1/stm32cubeide/plugins/com.st.stm32cube.ide.mcu.externaltools.gnu-tools-for-stm32.10.3-2021.10.win32_1.0.0.202111181127/tools/bin/../lib/gcc/arm-none-eabi/10.3.1/../../../../arm-none-eabi/lib/thumb/v7e-m+fp/hard\libc_nano.a(lib_a-memcpy-stub.o)
                0x0000000008008994                memcpy
 .text.memset   0x00000000080089b0       0x10 c:/st/stm32cubeide_1.10.1/stm32cubeide/plugins/com.st.stm32cube.ide.mcu.externaltools.gnu-tools-for-stm32.10.3-2021.10.win32_1.0.0.202111181127/tools/bin/../lib/gcc/arm-none-eabi/10.3.1/../../../../arm-none-eabi/lib/thumb/v7e-m+fp/hard\libc_nano.a(lib_a-memset.o)
                0x00000000080089b0                memset
 .text._free_r  0x00000000080089c0       0x98 c:/st/stm32cubeide_1.10.1/stm32cubeide/plugins/com.st.stm32cube.ide.mcu.externaltools.gnu-tools-for-stm32.10.3-2021.10.win32_1.0.0.202111181127/tools/bin/../lib/gcc/arm-none-eabi/10.3.1/../../../../arm-none-eabi/lib/thumb/v7e-m+fp/hard\libc_nano.a(lib_a-nano-freer.o)
                0x00000000080089c0                _free_r
 .text.sbrk_aligned
                0x0000000008008a58       0x40 c:/st/stm32cubeide_1.10.1/stm32cubeide/plugins/com.st.stm32cube.ide.mcu.externaltools.gnu-tools-for-stm32.10.3-2021.10.win32_1.0.0.202111181127/tools/bin/../lib/gcc/arm-none-eabi/10.3.1/../../../../arm-none-eabi/lib/thumb/v7e-m+fp/hard\libc_nano.a(lib_a-nano-mallocr.o)
 .text._malloc_r
                0x0000000008008a98       0xe8 c:/st/stm32cubeide_1.10.1/stm32cubeide/plugins/com.st.stm32cube.ide.mcu.externaltools.gnu-tools-for-stm32.10.3-2021.10.win32_1.0.0.202111181127/tools/bin/../lib/gcc/arm-none-eabi/10.3.1/../../../../arm-none-eabi/lib/thumb/v7e-m+fp/hard\libc_nano.a(lib_a-nano-mallocr.o)
                0x0000000008008a98                _malloc_r
 .text.cleanup_glue
                0x0000000008008b80       0x1a c:/st/stm32cubeide_1.10.1/stm32cubeide/plugins/com.st.stm32cube.ide.mcu.externaltools.gnu-tools-for-stm32.10.3-2021.10.win32_1.0.0.202111181127/tools/bin/../lib/gcc/arm-none-eabi/10.3.1/../../../../arm-none-eabi/lib/thumb/v7e-m+fp/hard\libc_nano.a(lib_a-reent.o)
                0x0000000008008b80                cleanup_glue
 *fill*         0x0000000008008b9a        0x2 
 .text._reclaim_reent
                0x0000000008008b9c       0xb8 c:/st/stm32cubeide_1.10.1/stm32cubeide/plugins/com.st.stm32cube.ide.mcu.externaltools.gnu-tools-for-stm32.10.3-2021.10.win32_1.0.0.202111181127/tools/bin/../lib/gcc/arm-none-eabi/10.3.1/../../../../arm-none-eabi/lib/thumb/v7e-m+fp/hard\libc_nano.a(lib_a-reent.o)
                0x0000000008008b9c                _reclaim_reent
 .text._sbrk_r  0x0000000008008c54       0x20 c:/st/stm32cubeide_1.10.1/stm32cubeide/plugins/com.st.stm32cube.ide.mcu.externaltools.gnu-tools-for-stm32.10.3-2021.10.win32_1.0.0.202111181127/tools/bin/../lib/gcc/arm-none-eabi/10.3.1/../../../../arm-none-eabi/lib/thumb/v7e-m+fp/hard\libc_nano.a(lib_a-sbrkr.o)
                0x0000000008008c54                _sbrk_r
 .text._raise_r
                0x0000000008008c74       0x50 c:/st/stm32cubeide_1.10.1/stm32cubeide/plugins/com.st.stm32cube.ide.mcu.externaltools.gnu-tools-for-stm32.10.3-2021.10.win32_1.0.0.202111181127/tools/bin/../lib/gcc/arm-none-eabi/10.3.1/../../../../arm-none-eabi/lib/thumb/v7e-m+fp/hard\libc_nano.a(lib_a-signal.o)
                0x0000000008008c74                _raise_r
 .text.raise    0x0000000008008cc4       0x10 c:/st/stm32cubeide_1.10.1/stm32cubeide/plugins/com.st.stm32cube.ide.mcu.externaltools.gnu-tools-for-stm32.10.3-2021.10.win32_1.0.0.202111181127/tools/bin/../lib/gcc/arm-none-eabi/10.3.1/../../../../arm-none-eabi/lib/thumb/v7e-m+fp/hard\libc_nano.a(lib_a-signal.o)
                0x0000000008008cc4                raise
 .text._kill_r  0x0000000008008cd4       0x24 c:/st/stm32cubeide_1.10.1/stm32cubeide/plugins/com.st.stm32cube.ide.mcu.externaltools.gnu-tools-for-stm32.10.3-2021.10.win32_1.0.0.202111181127/tools/bin/../lib/gcc/arm-none-eabi/10.3.1/../../../../arm-none-eabi/lib/thumb/v7e-m+fp/hard\libc_nano.a(lib_a-signalr.o)
                0x0000000008008cd4                _kill_r
 .text._getpid_r
                0x0000000008008cf8        0x4 c:/st/stm32cubeide_1.10.1/stm32cubeide/plugins/com.st.stm32cube.ide.mcu.externaltools.gnu-tools-for-stm32.10.3-2021.10.win32_1.0.0.202111181127/tools/bin/../lib/gcc/arm-none-eabi/10.3.1/../../../../arm-none-eabi/lib/thumb/v7e-m+fp/hard\libc_nano.a(lib_a-signalr.o)
                0x0000000008008cf8                _getpid_r
 .text.snprintf
                0x0000000008008cfc       0x68 c:/st/stm32cubeide_1.10.1/stm32cubeide/plugins/com.st.stm32cube.ide.mcu.externaltools.gnu-tools-for-stm32.10.3-2021.10.win32_1.0.0.202111181127/tools/bin/../lib/gcc/arm-none-eabi/10.3.1/../../../../arm-none-eabi/lib/thumb/v7e-m+fp/hard\libc_nano.a(lib_a-snprintf.o)
                0x0000000008008cfc                sniprintf
                0x0000000008008cfc                snprintf
 .text._vsnprintf_r
                0x0000000008008d64       0x56 c:/st/stm32cubeide_1.10.1/stm32cubeide/plugins/com.st.stm32cube.ide.mcu.externaltools.gnu-tools-for-stm32.10.3-2021.10.win32_1.0.0.202111181127/tools/bin/../lib/gcc/arm-none-eabi/10.3.1/../../../../arm-none-eabi/lib/thumb/v7e-m+fp/hard\libc_nano.a(lib_a-vsnprintf.o)
                0x0000000008008d64                _vsniprintf_r
                0x0000000008008d64                _vsnprintf_r
 *fill*         0x0000000008008dba        0x2 
 .text.vsnprintf
                0x0000000008008dbc       0x1c c:/st/stm32cubeide_1.10.1/stm32cubeide/plugins/com.st.stm32cube.ide.mcu.externaltools.gnu-tools-for-stm32.10.3-2021.10.win32_1.0.0.202111181127/tools/bin/../lib/gcc/arm-none-eabi/10.3.1/../../../../arm-none-eabi/lib/thumb/v7e-m+fp/hard\libc_nano.a(lib_a-vsnprintf.o)
                0x0000000008008dbc                vsniprintf
                0x0000000008008dbc                vsnprintf
 .text.__malloc_lock
                0x0000000008008dd8        0xc c:/st/stm32cubeide_1.10.1/stm32cubeide/plugins/com.st.stm32cube.ide.mcu.externaltools.gnu-tools-for-stm32.10.3-2021.10.win32_1.0.0.202111181127/tools/bin/../lib/gcc/arm-none-eabi/10.3.1/../../../../arm-none-eabi/lib/thumb/v7e-m+fp/hard\libc_nano.a(lib_a-mlock.o)
                0x0000000008008dd8                __malloc_lock
 .text.__malloc_unlock
                0x0000000008008de4        0xc c:/st/stm32cubeide_1.10.1/stm32cubeide/plugins/com.st.stm32cube.ide.mcu.externaltools.gnu-tools-for-stm32.10.3-2021.10.win32_1.0.0.202111181127/tools/bin/../lib/gcc/arm-none-eabi/10.3.1/../../../../arm-none-eabi/lib/thumb/v7e-m+fp/hard\libc_nano.a(lib_a-mlock.o)
                0x0000000008008de4                __malloc_unlock
 .text.__ssputs_r
                0x0000000008008df0       0xb6 c:/st/stm32cubeide_1.10.1/stm32cubeide/plugins/com.st.stm32cube.ide.mcu.externaltools.gnu-tools-for-stm32.10.3-2021.10.win32_1.0.0.202111181127/tools/bin/../lib/gcc/arm-none-eabi/10.3.1/../../../../arm-none-eabi/lib/thumb/v7e-m+fp/hard\libc_nano.a(lib_a-nano-svfprintf.o)
                0x0000000008008df0                __ssputs_r
 *fill*         0x0000000008008ea6        0x2 
 .text._svfprintf_r
                0x0000000008008ea8      0x200 c:/st/stm32cubeide_1.10.1/stm32cubeide/plugins/com.st.stm32cube.ide.mcu.externaltools.gnu-tools-for-stm32.10.3-2021.10.win32_1.0.0.202111181127/tools/bin/../lib/gcc/arm-none-eabi/10.3.1/../../../../arm-none-eabi/lib/thumb/v7e-m+fp/hard\libc_nano.a(lib_a-nano-svfprintf.o)
                0x0000000008008ea8                _svfiprintf_r
                0x0000000008008ea8                _svfprintf_r
 .text._printf_common
                0x00000000080090a8       0xda c:/st/stm32cubeide_1.10.1/stm32cubeide/plugins/com.st.stm32cube.ide.mcu.externaltools.gnu-tools-for-stm32.10.3-2021.10.win32_1.0.0.202111181127/tools/bin/../lib/gcc/arm-none-eabi/10.3.1/../../../../arm-none-eabi/lib/thumb/v7e-m+fp/hard\libc_nano.a(lib_a-nano-vfprintf_i.o)
                0x00000000080090a8                _printf_common
 *fill*         0x0000000008009182        0x2 
 .text._printf_i
                0x0000000008009184      0x24c c:/st/stm32cubeide_1.10.1/stm32cubeide/plugins/com.st.stm32cube.ide.mcu.externaltools.gnu-tools-for-stm32.10.3-2021.10.win32_1.0.0.202111181127/tools/bin/../lib/gcc/arm-none-eabi/10.3.1/../../../../arm-none-eabi/lib/thumb/v7e-m+fp/hard\libc_nano.a(lib_a-nano-vfprintf_i.o)
                0x0000000008009184                _printf_i
 .text.memmove  0x00000000080093d0       0x34 c:/st/stm32cubeide_1.10.1/stm32cubeide/plugins/com.st.stm32cube.ide.mcu.externaltools.gnu-tools-for-stm32.10.3-2021.10.win32_1.0.0.202111181127/tools/bin/../lib/gcc/arm-none-eabi/10.3.1/../../../../arm-none-eabi/lib/thumb/v7e-m+fp/hard\libc_nano.a(lib_a-memmove.o)
                0x00000000080093d0                memmove
 .text._realloc_r
                0x0000000008009404       0x5e c:/st/stm32cubeide_1.10.1/stm32cubeide/plugins/com.st.stm32cube.ide.mcu.externaltools.gnu-tools-for-stm32.10.3-2021.10.win32_1.0.0.202111181127/tools/bin/../lib/gcc/arm-none-eabi/10.3.1/../../../../arm-none-eabi/lib/thumb/v7e-m+fp/hard\libc_nano.a(lib_a-nano-reallocr.o)
                0x0000000008009404                _realloc_r
 .text._malloc_usable_size_r
                0x0000000008009462       0x10 c:/st/stm32cubeide_1.10.1/stm32cubeide/plugins/com.st.stm32cube.ide.mcu.externaltools.gnu-tools-for-stm32.10.3-2021.10.win32_1.0.0.202111181127/tools/bin/../lib/gcc/arm-none-eabi/10.3.1/../../../../arm-none-eabi/lib/thumb/v7e-m+fp/hard\libc_nano.a(lib_a-nano-msizer.o)
                0x0000000008009462                _malloc_usable_size_r
 *(.glue_7)
 .glue_7        0x0000000008009472        0x0 linker stubs
 *(.glue_7t)
 .glue_7t       0x0000000008009472        0x0 linker stubs
 *(.eh_frame)
 *fill*         0x0000000008009472        0x2 
 .eh_frame      0x0000000008009474        0x0 c:/st/stm32cubeide_1.10.1/stm32cubeide/plugins/com.st.stm32cube.ide.mcu.externaltools.gnu-tools-for-stm32.10.3-2021.10.win32_1.0.0.202111181127/tools/bin/../lib/gcc/arm-none-eabi/10.3.1/thumb/v7e-m+fp/hard/crtbegin.o
 *(.init)
 .init          0x0000000008009474        0x4 c:/st/stm32cubeide_1.10.1/stm32cubeide/plugins/com.st.stm32cube.ide.mcu.externaltools.gnu-tools-for-stm32.10.3-2021.10.win32_1.0.0.202111181127/tools/bin/../lib/gcc/arm-none-eabi/10.3.1/thumb/v7e-m+fp/hard/crti.o
                0x0000000008009474                _init
 .init          0x0000000008009478        0x8 c:/st/stm32cubeide_1.10.1/stm32cubeide/plugins/com.st.stm32cube.ide.mcu.externaltools.gnu-tools-for-stm32.10.3-2021.10.win32_1.0.0.202111181127/tools/bin/../lib/gcc/arm-none-eabi/10.3.1/thumb/v7e-m+fp/hard/crtn.o
 *(.fini)
 .fini          0x0000000008009480        0x4 c:/st/stm32cubeide_1.10.1/stm32cubeide/plugins/com.st.stm32cube.ide.mcu.externaltools.gnu-tools-for-stm32.10.3-2021.10.win32_1.0.0.202111181127/tools/bin/../lib/gcc/arm-none-eabi/10.3.1/thumb/v7e-m+fp/hard/crti.o
                0x0000000008009480                _fini
 .fini          0x0000000008009484        0x8 c:/st/stm32cubeide_1.10.1/stm32cubeide/plugins/com.st.stm32cube.ide.mcu.externaltools.gnu-tools-for-stm32.10.3-2021.10.win32_1.0.0.202111181127/tools/bin/../lib/gcc/arm-none-eabi/10.3.1/thumb/v7e-m+fp/hard/crtn.o
                0x000000000800948c                . = ALIGN (0x4)
                0x000000000800948c                _etext = .

.vfp11_veneer   0x000000000800948c        0x0
 .vfp11_veneer  0x000000000800948c        0x0 linker stubs

.v4_bx          0x000000000800948c        0x0
 .v4_bx         0x000000000800948c        0x0 linker stubs

.iplt           0x000000000800948c        0x0
 .iplt          0x000000000800948c        0x0 c:/st/stm32cubeide_1.10.1/stm32cubeide/plugins/com.st.stm32cube.ide.mcu.externaltools.gnu-tools-for-stm32.10.3-2021.10.win32_1.0.0.202111181127/tools/bin/../lib/gcc/arm-none-eabi/10.3.1/thumb/v7e-m+fp/hard/crtbegin.o

.rodata         0x000000000800948c      0x6f8
                0x000000000800948c                . = ALIGN (0x4)
 *(.rodata)
 .rodata        0x000000000800948c       0xea ./Components/Communication/UARTTask.o
 *fill*         0x0000000008009576        0x2 
 .rodata        0x0000000008009578       0x6f ./Components/Core/Command.o
 *fill*         0x00000000080095e7        0x1 
 .rodata        0x00000000080095e8       0x39 ./Components/Core/Mutex.o
 *fill*         0x0000000008009621        0x3 
 .rodata        0x0000000008009624       0x46 ./Components/Core/Queue.o
 *fill*         0x000000000800966a        0x2 
 .rodata        0x000000000800966c       0xae ./Components/FlightControl/FlightTask.o
 *fill*         0x000000000800971a        0x2 
 .rodata        0x000000000800971c      0x1de ./Components/SoarDebug/DebugTask.o
 *fill*         0x00000000080098fa        0x2 
 .rodata        0x00000000080098fc      0x1a4 ./Components/main_avionics.o
 .rodata        0x0000000008009aa0        0x5 ./Middlewares/Third_Party/FreeRTOS/Source/tasks.o
 *(.rodata*)
 *fill*         0x0000000008009aa5        0x3 
 .rodata.AHBPrescTable
                0x0000000008009aa8       0x10 ./Core/Src/system_stm32l4xx.o
                0x0000000008009aa8                AHBPrescTable
 .rodata.APBPrescTable
                0x0000000008009ab8        0x8 ./Core/Src/system_stm32l4xx.o
                0x0000000008009ab8                APBPrescTable
 .rodata.MSIRangeTable
                0x0000000008009ac0       0x30 ./Core/Src/system_stm32l4xx.o
                0x0000000008009ac0                MSIRangeTable
 .rodata.__sf_fake_stderr
                0x0000000008009af0       0x20 c:/st/stm32cubeide_1.10.1/stm32cubeide/plugins/com.st.stm32cube.ide.mcu.externaltools.gnu-tools-for-stm32.10.3-2021.10.win32_1.0.0.202111181127/tools/bin/../lib/gcc/arm-none-eabi/10.3.1/../../../../arm-none-eabi/lib/thumb/v7e-m+fp/hard\libc_nano.a(lib_a-findfp.o)
                0x0000000008009af0                __sf_fake_stderr
 .rodata.__sf_fake_stdin
                0x0000000008009b10       0x20 c:/st/stm32cubeide_1.10.1/stm32cubeide/plugins/com.st.stm32cube.ide.mcu.externaltools.gnu-tools-for-stm32.10.3-2021.10.win32_1.0.0.202111181127/tools/bin/../lib/gcc/arm-none-eabi/10.3.1/../../../../arm-none-eabi/lib/thumb/v7e-m+fp/hard\libc_nano.a(lib_a-findfp.o)
                0x0000000008009b10                __sf_fake_stdin
 .rodata.__sf_fake_stdout
                0x0000000008009b30       0x20 c:/st/stm32cubeide_1.10.1/stm32cubeide/plugins/com.st.stm32cube.ide.mcu.externaltools.gnu-tools-for-stm32.10.3-2021.10.win32_1.0.0.202111181127/tools/bin/../lib/gcc/arm-none-eabi/10.3.1/../../../../arm-none-eabi/lib/thumb/v7e-m+fp/hard\libc_nano.a(lib_a-findfp.o)
                0x0000000008009b30                __sf_fake_stdout
 .rodata._svfprintf_r.str1.1
                0x0000000008009b50       0x11 c:/st/stm32cubeide_1.10.1/stm32cubeide/plugins/com.st.stm32cube.ide.mcu.externaltools.gnu-tools-for-stm32.10.3-2021.10.win32_1.0.0.202111181127/tools/bin/../lib/gcc/arm-none-eabi/10.3.1/../../../../arm-none-eabi/lib/thumb/v7e-m+fp/hard\libc_nano.a(lib_a-nano-svfprintf.o)
 .rodata._printf_i.str1.1
                0x0000000008009b61       0x22 c:/st/stm32cubeide_1.10.1/stm32cubeide/plugins/com.st.stm32cube.ide.mcu.externaltools.gnu-tools-for-stm32.10.3-2021.10.win32_1.0.0.202111181127/tools/bin/../lib/gcc/arm-none-eabi/10.3.1/../../../../arm-none-eabi/lib/thumb/v7e-m+fp/hard\libc_nano.a(lib_a-nano-vfprintf_i.o)
                0x0000000008009b84                . = ALIGN (0x4)
 *fill*         0x0000000008009b83        0x1 

.ARM.extab      0x0000000008009b84        0x0
                0x0000000008009b84                . = ALIGN (0x4)
 *(.ARM.extab* .gnu.linkonce.armextab.*)
                0x0000000008009b84                . = ALIGN (0x4)

.ARM            0x0000000008009b84        0x8
                0x0000000008009b84                . = ALIGN (0x4)
                0x0000000008009b84                __exidx_start = .
 *(.ARM.exidx*)
 .ARM.exidx     0x0000000008009b84        0x8 c:/st/stm32cubeide_1.10.1/stm32cubeide/plugins/com.st.stm32cube.ide.mcu.externaltools.gnu-tools-for-stm32.10.3-2021.10.win32_1.0.0.202111181127/tools/bin/../lib/gcc/arm-none-eabi/10.3.1/thumb/v7e-m+fp/hard\libgcc.a(_udivmoddi4.o)
                0x0000000008009b8c                __exidx_end = .
                0x0000000008009b8c                . = ALIGN (0x4)

.rel.dyn        0x0000000008009b8c        0x0
 .rel.iplt      0x0000000008009b8c        0x0 c:/st/stm32cubeide_1.10.1/stm32cubeide/plugins/com.st.stm32cube.ide.mcu.externaltools.gnu-tools-for-stm32.10.3-2021.10.win32_1.0.0.202111181127/tools/bin/../lib/gcc/arm-none-eabi/10.3.1/thumb/v7e-m+fp/hard/crtbegin.o

.preinit_array  0x0000000008009b8c        0x0
                0x0000000008009b8c                . = ALIGN (0x4)
                0x0000000008009b8c                PROVIDE (__preinit_array_start = .)
 *(.preinit_array*)
                0x0000000008009b8c                PROVIDE (__preinit_array_end = .)
                0x0000000008009b8c                . = ALIGN (0x4)

.init_array     0x0000000008009b8c        0x8
                0x0000000008009b8c                . = ALIGN (0x4)
                0x0000000008009b8c                PROVIDE (__init_array_start = .)
 *(SORT_BY_NAME(.init_array.*))
 *(.init_array*)
 .init_array    0x0000000008009b8c        0x4 c:/st/stm32cubeide_1.10.1/stm32cubeide/plugins/com.st.stm32cube.ide.mcu.externaltools.gnu-tools-for-stm32.10.3-2021.10.win32_1.0.0.202111181127/tools/bin/../lib/gcc/arm-none-eabi/10.3.1/thumb/v7e-m+fp/hard/crtbegin.o
 .init_array    0x0000000008009b90        0x4 ./Components/main_avionics.o
                0x0000000008009b94                PROVIDE (__init_array_end = .)
                0x0000000008009b94                . = ALIGN (0x4)

.fini_array     0x0000000008009b94        0x8
                0x0000000008009b94                . = ALIGN (0x4)
                [!provide]                        PROVIDE (__fini_array_start = .)
 *(SORT_BY_NAME(.fini_array.*))
 *(.fini_array*)
 .fini_array    0x0000000008009b94        0x4 c:/st/stm32cubeide_1.10.1/stm32cubeide/plugins/com.st.stm32cube.ide.mcu.externaltools.gnu-tools-for-stm32.10.3-2021.10.win32_1.0.0.202111181127/tools/bin/../lib/gcc/arm-none-eabi/10.3.1/thumb/v7e-m+fp/hard/crtbegin.o
 .fini_array    0x0000000008009b98        0x4 ./Components/main_avionics.o
                [!provide]                        PROVIDE (__fini_array_end = .)
                0x0000000008009b9c                . = ALIGN (0x4)
                0x0000000008009b9c                _sidata = LOADADDR (.data)

.data           0x0000000020000000       0x74 load address 0x0000000008009b9c
                0x0000000020000000                . = ALIGN (0x4)
                0x0000000020000000                _sdata = .
 *(.data)
 *(.data*)
 .data.SystemCoreClock
                0x0000000020000000        0x4 ./Core/Src/system_stm32l4xx.o
                0x0000000020000000                SystemCoreClock
 .data.uwTickPrio
                0x0000000020000004        0x4 ./Drivers/STM32L4xx_HAL_Driver/Src/stm32l4xx_hal.o
                0x0000000020000004                uwTickPrio
 .data.uwTickFreq
                0x0000000020000008        0x1 ./Drivers/STM32L4xx_HAL_Driver/Src/stm32l4xx_hal.o
                0x0000000020000008                uwTickFreq
 *fill*         0x0000000020000009        0x3 
 .data.uxCriticalNesting
                0x000000002000000c        0x4 ./Middlewares/Third_Party/FreeRTOS/Source/portable/GCC/ARM_CM4F/port.o
 .data._impure_ptr
                0x0000000020000010        0x4 c:/st/stm32cubeide_1.10.1/stm32cubeide/plugins/com.st.stm32cube.ide.mcu.externaltools.gnu-tools-for-stm32.10.3-2021.10.win32_1.0.0.202111181127/tools/bin/../lib/gcc/arm-none-eabi/10.3.1/../../../../arm-none-eabi/lib/thumb/v7e-m+fp/hard\libc_nano.a(lib_a-impure.o)
                0x0000000020000010                _impure_ptr
 .data.impure_data
                0x0000000020000014       0x60 c:/st/stm32cubeide_1.10.1/stm32cubeide/plugins/com.st.stm32cube.ide.mcu.externaltools.gnu-tools-for-stm32.10.3-2021.10.win32_1.0.0.202111181127/tools/bin/../lib/gcc/arm-none-eabi/10.3.1/../../../../arm-none-eabi/lib/thumb/v7e-m+fp/hard\libc_nano.a(lib_a-impure.o)
 *(.RamFunc)
 *(.RamFunc*)
                0x0000000020000074                . = ALIGN (0x4)
                0x0000000020000074                _edata = .

.igot.plt       0x0000000020000074        0x0 load address 0x0000000008009c10
 .igot.plt      0x0000000020000074        0x0 c:/st/stm32cubeide_1.10.1/stm32cubeide/plugins/com.st.stm32cube.ide.mcu.externaltools.gnu-tools-for-stm32.10.3-2021.10.win32_1.0.0.202111181127/tools/bin/../lib/gcc/arm-none-eabi/10.3.1/thumb/v7e-m+fp/hard/crtbegin.o
                0x0000000020000074                . = ALIGN (0x4)

.bss            0x0000000020000074     0x1414 load address 0x0000000008009c10
                0x0000000020000074                _sbss = .
                0x0000000020000074                __bss_start__ = _sbss
 *(.bss)
 .bss           0x0000000020000074       0x1c c:/st/stm32cubeide_1.10.1/stm32cubeide/plugins/com.st.stm32cube.ide.mcu.externaltools.gnu-tools-for-stm32.10.3-2021.10.win32_1.0.0.202111181127/tools/bin/../lib/gcc/arm-none-eabi/10.3.1/thumb/v7e-m+fp/hard/crtbegin.o
 *(.bss*)
 .bss._ZZN8UARTTask4InstEvE4inst
                0x0000000020000090        0x8 ./Components/Communication/UARTTask.o
                0x0000000020000090                UARTTask::Inst()::inst
 .bss._ZGVZN8UARTTask4InstEvE4inst
                0x0000000020000098        0x4 ./Components/Communication/UARTTask.o
                0x0000000020000098                guard variable for UARTTask::Inst()::inst
 .bss._ZN7Command21statAllocationCounterE
                0x000000002000009c        0x2 ./Components/Core/Command.o
                0x000000002000009c                Command::statAllocationCounter
 *fill*         0x000000002000009e        0x2 
 .bss._ZZN10FlightTask4InstEvE4inst
                0x00000000200000a0        0x8 ./Components/FlightControl/FlightTask.o
                0x00000000200000a0                FlightTask::Inst()::inst
 .bss._ZGVZN10FlightTask4InstEvE4inst
                0x00000000200000a8        0x4 ./Components/FlightControl/FlightTask.o
                0x00000000200000a8                guard variable for FlightTask::Inst()::inst
 .bss._ZZN9DebugTask4InstEvE4inst
                0x00000000200000ac       0x1c ./Components/SoarDebug/DebugTask.o
                0x00000000200000ac                DebugTask::Inst()::inst
 .bss._ZGVZN9DebugTask4InstEvE4inst
                0x00000000200000c8        0x4 ./Components/SoarDebug/DebugTask.o
                0x00000000200000c8                guard variable for DebugTask::Inst()::inst
 .bss._ZN6Global11vaListMutexE
                0x00000000200000cc        0x4 ./Components/main_avionics.o
                0x00000000200000cc                Global::vaListMutex
 .bss.xIdleTaskTCBBuffer
                0x00000000200000d0       0xb4 ./Core/Src/freertos.o
 .bss.xIdleStack
                0x0000000020000184      0x200 ./Core/Src/freertos.o
 .bss.hadc1     0x0000000020000384       0x64 ./Core/Src/main.o
                0x0000000020000384                hadc1
 .bss.hcrc      0x00000000200003e8       0x24 ./Core/Src/main.o
                0x00000000200003e8                hcrc
 .bss.hi2c1     0x000000002000040c       0x54 ./Core/Src/main.o
                0x000000002000040c                hi2c1
 .bss.hlpuart1  0x0000000020000460       0x84 ./Core/Src/main.o
                0x0000000020000460                hlpuart1
 .bss.huart1    0x00000000200004e4       0x84 ./Core/Src/main.o
                0x00000000200004e4                huart1
 .bss.huart2    0x0000000020000568       0x84 ./Core/Src/main.o
                0x0000000020000568                huart2
 .bss.huart3    0x00000000200005ec       0x84 ./Core/Src/main.o
                0x00000000200005ec                huart3
 .bss.hspi2     0x0000000020000670       0x64 ./Core/Src/main.o
                0x0000000020000670                hspi2
 .bss.htim1     0x00000000200006d4       0x4c ./Core/Src/stm32l4xx_hal_timebase_tim.o
                0x00000000200006d4                htim1
 .bss.__sbrk_heap_end
                0x0000000020000720        0x4 ./Core/Src/sysmem.o
 .bss.uwTick    0x0000000020000724        0x4 ./Drivers/STM32L4xx_HAL_Driver/Src/stm32l4xx_hal.o
                0x0000000020000724                uwTick
 .bss.xQueueRegistry
                0x0000000020000728       0x40 ./Middlewares/Third_Party/FreeRTOS/Source/queue.o
                0x0000000020000728                xQueueRegistry
 .bss.pxCurrentTCB
                0x0000000020000768        0x4 ./Middlewares/Third_Party/FreeRTOS/Source/tasks.o
                0x0000000020000768                pxCurrentTCB
 .bss.pxReadyTasksLists
                0x000000002000076c       0x8c ./Middlewares/Third_Party/FreeRTOS/Source/tasks.o
 .bss.xDelayedTaskList1
                0x00000000200007f8       0x14 ./Middlewares/Third_Party/FreeRTOS/Source/tasks.o
 .bss.xDelayedTaskList2
                0x000000002000080c       0x14 ./Middlewares/Third_Party/FreeRTOS/Source/tasks.o
 .bss.pxDelayedTaskList
                0x0000000020000820        0x4 ./Middlewares/Third_Party/FreeRTOS/Source/tasks.o
 .bss.pxOverflowDelayedTaskList
                0x0000000020000824        0x4 ./Middlewares/Third_Party/FreeRTOS/Source/tasks.o
 .bss.xPendingReadyList
                0x0000000020000828       0x14 ./Middlewares/Third_Party/FreeRTOS/Source/tasks.o
 .bss.xTasksWaitingTermination
                0x000000002000083c       0x14 ./Middlewares/Third_Party/FreeRTOS/Source/tasks.o
 .bss.uxDeletedTasksWaitingCleanUp
                0x0000000020000850        0x4 ./Middlewares/Third_Party/FreeRTOS/Source/tasks.o
 .bss.xSuspendedTaskList
                0x0000000020000854       0x14 ./Middlewares/Third_Party/FreeRTOS/Source/tasks.o
 .bss.uxCurrentNumberOfTasks
                0x0000000020000868        0x4 ./Middlewares/Third_Party/FreeRTOS/Source/tasks.o
 .bss.xTickCount
                0x000000002000086c        0x4 ./Middlewares/Third_Party/FreeRTOS/Source/tasks.o
 .bss.uxTopReadyPriority
                0x0000000020000870        0x4 ./Middlewares/Third_Party/FreeRTOS/Source/tasks.o
 .bss.xSchedulerRunning
                0x0000000020000874        0x4 ./Middlewares/Third_Party/FreeRTOS/Source/tasks.o
 .bss.xPendedTicks
                0x0000000020000878        0x4 ./Middlewares/Third_Party/FreeRTOS/Source/tasks.o
 .bss.xYieldPending
                0x000000002000087c        0x4 ./Middlewares/Third_Party/FreeRTOS/Source/tasks.o
 .bss.xNumOfOverflows
                0x0000000020000880        0x4 ./Middlewares/Third_Party/FreeRTOS/Source/tasks.o
 .bss.uxTaskNumber
                0x0000000020000884        0x4 ./Middlewares/Third_Party/FreeRTOS/Source/tasks.o
 .bss.xNextTaskUnblockTime
                0x0000000020000888        0x4 ./Middlewares/Third_Party/FreeRTOS/Source/tasks.o
 .bss.xIdleTaskHandle
                0x000000002000088c        0x4 ./Middlewares/Third_Party/FreeRTOS/Source/tasks.o
 .bss.uxSchedulerSuspended
                0x0000000020000890        0x4 ./Middlewares/Third_Party/FreeRTOS/Source/tasks.o
 .bss.ucMaxSysCallPriority
                0x0000000020000894        0x1 ./Middlewares/Third_Party/FreeRTOS/Source/portable/GCC/ARM_CM4F/port.o
 *fill*         0x0000000020000895        0x3 
 .bss.ulMaxPRIGROUPValue
                0x0000000020000898        0x4 ./Middlewares/Third_Party/FreeRTOS/Source/portable/GCC/ARM_CM4F/port.o
 .bss.ucHeap    0x000000002000089c      0xbb8 ./Middlewares/Third_Party/FreeRTOS/Source/portable/MemMang/heap_4.o
 .bss.xStart    0x0000000020001454        0x8 ./Middlewares/Third_Party/FreeRTOS/Source/portable/MemMang/heap_4.o
 .bss.pxEnd     0x000000002000145c        0x4 ./Middlewares/Third_Party/FreeRTOS/Source/portable/MemMang/heap_4.o
 .bss.xFreeBytesRemaining
                0x0000000020001460        0x4 ./Middlewares/Third_Party/FreeRTOS/Source/portable/MemMang/heap_4.o
 .bss.xMinimumEverFreeBytesRemaining
                0x0000000020001464        0x4 ./Middlewares/Third_Party/FreeRTOS/Source/portable/MemMang/heap_4.o
 .bss.xNumberOfSuccessfulAllocations
                0x0000000020001468        0x4 ./Middlewares/Third_Party/FreeRTOS/Source/portable/MemMang/heap_4.o
 .bss.xNumberOfSuccessfulFrees
                0x000000002000146c        0x4 ./Middlewares/Third_Party/FreeRTOS/Source/portable/MemMang/heap_4.o
 .bss.xBlockAllocatedBit
                0x0000000020001470        0x4 ./Middlewares/Third_Party/FreeRTOS/Source/portable/MemMang/heap_4.o
 .bss._ZN12_GLOBAL__N_113__new_handlerE
                0x0000000020001474        0x4 c:/st/stm32cubeide_1.10.1/stm32cubeide/plugins/com.st.stm32cube.ide.mcu.externaltools.gnu-tools-for-stm32.10.3-2021.10.win32_1.0.0.202111181127/tools/bin/../lib/gcc/arm-none-eabi/10.3.1/../../../../arm-none-eabi/lib/thumb/v7e-m+fp/hard\libstdc++_nano.a(new_handler.o)
 .bss.__lock___malloc_recursive_mutex
                0x0000000020001478        0x1 c:/st/stm32cubeide_1.10.1/stm32cubeide/plugins/com.st.stm32cube.ide.mcu.externaltools.gnu-tools-for-stm32.10.3-2021.10.win32_1.0.0.202111181127/tools/bin/../lib/gcc/arm-none-eabi/10.3.1/../../../../arm-none-eabi/lib/thumb/v7e-m+fp/hard\libc_nano.a(lib_a-lock.o)
                0x0000000020001478                __lock___malloc_recursive_mutex
 *fill*         0x0000000020001479        0x3 
 .bss.__malloc_free_list
                0x000000002000147c        0x4 c:/st/stm32cubeide_1.10.1/stm32cubeide/plugins/com.st.stm32cube.ide.mcu.externaltools.gnu-tools-for-stm32.10.3-2021.10.win32_1.0.0.202111181127/tools/bin/../lib/gcc/arm-none-eabi/10.3.1/../../../../arm-none-eabi/lib/thumb/v7e-m+fp/hard\libc_nano.a(lib_a-nano-mallocr.o)
                0x000000002000147c                __malloc_free_list
 .bss.__malloc_sbrk_start
                0x0000000020001480        0x4 c:/st/stm32cubeide_1.10.1/stm32cubeide/plugins/com.st.stm32cube.ide.mcu.externaltools.gnu-tools-for-stm32.10.3-2021.10.win32_1.0.0.202111181127/tools/bin/../lib/gcc/arm-none-eabi/10.3.1/../../../../arm-none-eabi/lib/thumb/v7e-m+fp/hard\libc_nano.a(lib_a-nano-mallocr.o)
                0x0000000020001480                __malloc_sbrk_start
 .bss.errno     0x0000000020001484        0x4 c:/st/stm32cubeide_1.10.1/stm32cubeide/plugins/com.st.stm32cube.ide.mcu.externaltools.gnu-tools-for-stm32.10.3-2021.10.win32_1.0.0.202111181127/tools/bin/../lib/gcc/arm-none-eabi/10.3.1/../../../../arm-none-eabi/lib/thumb/v7e-m+fp/hard\libc_nano.a(lib_a-reent.o)
                0x0000000020001484                errno
 *(COMMON)
                0x0000000020001488                . = ALIGN (0x4)
                0x0000000020001488                _ebss = .
                0x0000000020001488                __bss_end__ = _ebss

._user_heap_stack
                0x0000000020001488      0x600 load address 0x0000000008009c10
                0x0000000020001488                . = ALIGN (0x8)
                [!provide]                        PROVIDE (end = .)
                0x0000000020001488                PROVIDE (_end = .)
                0x0000000020001688                . = (. + _Min_Heap_Size)
 *fill*         0x0000000020001488      0x200 
                0x0000000020001a88                . = (. + _Min_Stack_Size)
 *fill*         0x0000000020001688      0x400 
                0x0000000020001a88                . = ALIGN (0x8)

/DISCARD/
 libc.a(*)
 libm.a(*)
 libgcc.a(*)

.ARM.attributes
                0x0000000000000000       0x30
 *(.ARM.attributes)
 .ARM.attributes
                0x0000000000000000       0x1e c:/st/stm32cubeide_1.10.1/stm32cubeide/plugins/com.st.stm32cube.ide.mcu.externaltools.gnu-tools-for-stm32.10.3-2021.10.win32_1.0.0.202111181127/tools/bin/../lib/gcc/arm-none-eabi/10.3.1/thumb/v7e-m+fp/hard/crti.o
 .ARM.attributes
                0x000000000000001e       0x34 c:/st/stm32cubeide_1.10.1/stm32cubeide/plugins/com.st.stm32cube.ide.mcu.externaltools.gnu-tools-for-stm32.10.3-2021.10.win32_1.0.0.202111181127/tools/bin/../lib/gcc/arm-none-eabi/10.3.1/thumb/v7e-m+fp/hard/crtbegin.o
 .ARM.attributes
                0x0000000000000052       0x34 ./Components/Communication/UARTTask.o
 .ARM.attributes
                0x0000000000000086       0x34 ./Components/Core/Command.o
 .ARM.attributes
                0x00000000000000ba       0x34 ./Components/Core/Mutex.o
 .ARM.attributes
                0x00000000000000ee       0x34 ./Components/Core/Queue.o
 .ARM.attributes
                0x0000000000000122       0x34 ./Components/Core/Task.o
 .ARM.attributes
                0x0000000000000156       0x34 ./Components/FlightControl/FlightTask.o
 .ARM.attributes
                0x000000000000018a       0x34 ./Components/SoarDebug/DebugTask.o
 .ARM.attributes
                0x00000000000001be       0x34 ./Components/main_avionics.o
 .ARM.attributes
                0x00000000000001f2       0x34 ./Core/RunInterface.o
 .ARM.attributes
                0x0000000000000226       0x34 ./Core/Src/freertos.o
 .ARM.attributes
                0x000000000000025a       0x34 ./Core/Src/main.o
 .ARM.attributes
                0x000000000000028e       0x34 ./Core/Src/stm32l4xx_hal_msp.o
 .ARM.attributes
                0x00000000000002c2       0x34 ./Core/Src/stm32l4xx_hal_timebase_tim.o
 .ARM.attributes
                0x00000000000002f6       0x34 ./Core/Src/stm32l4xx_it.o
 .ARM.attributes
                0x000000000000032a       0x34 ./Core/Src/syscalls.o
 .ARM.attributes
                0x000000000000035e       0x34 ./Core/Src/sysmem.o
 .ARM.attributes
                0x0000000000000392       0x34 ./Core/Src/system_stm32l4xx.o
 .ARM.attributes