Archive member included to satisfy reference by file (symbol)

c:/st/stm32cubeide_1.10.1/stm32cubeide/plugins/com.st.stm32cube.ide.mcu.externaltools.gnu-tools-for-stm32.10.3-2021.10.win32_1.0.100.202210260954/tools/bin/../lib/gcc/arm-none-eabi/10.3.1/../../../../arm-none-eabi/lib/thumb/v7e-m+fp/hard\libstdc++_nano.a(guard.o)
                              ./Components/Communication/UARTTask.o (__cxa_guard_acquire)
c:/st/stm32cubeide_1.10.1/stm32cubeide/plugins/com.st.stm32cube.ide.mcu.externaltools.gnu-tools-for-stm32.10.3-2021.10.win32_1.0.100.202210260954/tools/bin/../lib/gcc/arm-none-eabi/10.3.1/../../../../arm-none-eabi/lib/thumb/v7e-m+fp/hard\libstdc++_nano.a(new_op.o)
                              ./Components/Core/Task.o (operator new(unsigned int))
c:/st/stm32cubeide_1.10.1/stm32cubeide/plugins/com.st.stm32cube.ide.mcu.externaltools.gnu-tools-for-stm32.10.3-2021.10.win32_1.0.100.202210260954/tools/bin/../lib/gcc/arm-none-eabi/10.3.1/../../../../arm-none-eabi/lib/thumb/v7e-m+fp/hard\libstdc++_nano.a(new_handler.o)
                              c:/st/stm32cubeide_1.10.1/stm32cubeide/plugins/com.st.stm32cube.ide.mcu.externaltools.gnu-tools-for-stm32.10.3-2021.10.win32_1.0.100.202210260954/tools/bin/../lib/gcc/arm-none-eabi/10.3.1/../../../../arm-none-eabi/lib/thumb/v7e-m+fp/hard\libstdc++_nano.a(new_op.o) (std::get_new_handler())
c:/st/stm32cubeide_1.10.1/stm32cubeide/plugins/com.st.stm32cube.ide.mcu.externaltools.gnu-tools-for-stm32.10.3-2021.10.win32_1.0.100.202210260954/tools/bin/../lib/gcc/arm-none-eabi/10.3.1/../../../../arm-none-eabi/lib/thumb/v7e-m+fp/hard\libc_nano.a(lib_a-abort.o)
                              c:/st/stm32cubeide_1.10.1/stm32cubeide/plugins/com.st.stm32cube.ide.mcu.externaltools.gnu-tools-for-stm32.10.3-2021.10.win32_1.0.100.202210260954/tools/bin/../lib/gcc/arm-none-eabi/10.3.1/../../../../arm-none-eabi/lib/thumb/v7e-m+fp/hard\libstdc++_nano.a(new_op.o) (abort)
c:/st/stm32cubeide_1.10.1/stm32cubeide/plugins/com.st.stm32cube.ide.mcu.externaltools.gnu-tools-for-stm32.10.3-2021.10.win32_1.0.100.202210260954/tools/bin/../lib/gcc/arm-none-eabi/10.3.1/../../../../arm-none-eabi/lib/thumb/v7e-m+fp/hard\libc_nano.a(lib_a-errno.o)
                              ./Core/Src/syscalls.o (__errno)
c:/st/stm32cubeide_1.10.1/stm32cubeide/plugins/com.st.stm32cube.ide.mcu.externaltools.gnu-tools-for-stm32.10.3-2021.10.win32_1.0.100.202210260954/tools/bin/../lib/gcc/arm-none-eabi/10.3.1/../../../../arm-none-eabi/lib/thumb/v7e-m+fp/hard\libc_nano.a(lib_a-exit.o)
                              c:/st/stm32cubeide_1.10.1/stm32cubeide/plugins/com.st.stm32cube.ide.mcu.externaltools.gnu-tools-for-stm32.10.3-2021.10.win32_1.0.100.202210260954/tools/bin/../lib/gcc/arm-none-eabi/10.3.1/../../../../arm-none-eabi/lib/thumb/v7e-m+fp/hard/crt0.o (exit)
c:/st/stm32cubeide_1.10.1/stm32cubeide/plugins/com.st.stm32cube.ide.mcu.externaltools.gnu-tools-for-stm32.10.3-2021.10.win32_1.0.100.202210260954/tools/bin/../lib/gcc/arm-none-eabi/10.3.1/../../../../arm-none-eabi/lib/thumb/v7e-m+fp/hard\libc_nano.a(lib_a-findfp.o)
                              ./Middlewares/Third_Party/FreeRTOS/Source/tasks.o (__sf_fake_stderr)
c:/st/stm32cubeide_1.10.1/stm32cubeide/plugins/com.st.stm32cube.ide.mcu.externaltools.gnu-tools-for-stm32.10.3-2021.10.win32_1.0.100.202210260954/tools/bin/../lib/gcc/arm-none-eabi/10.3.1/../../../../arm-none-eabi/lib/thumb/v7e-m+fp/hard\libc_nano.a(lib_a-fwalk.o)
                              c:/st/stm32cubeide_1.10.1/stm32cubeide/plugins/com.st.stm32cube.ide.mcu.externaltools.gnu-tools-for-stm32.10.3-2021.10.win32_1.0.100.202210260954/tools/bin/../lib/gcc/arm-none-eabi/10.3.1/../../../../arm-none-eabi/lib/thumb/v7e-m+fp/hard\libc_nano.a(lib_a-findfp.o) (_fwalk)
c:/st/stm32cubeide_1.10.1/stm32cubeide/plugins/com.st.stm32cube.ide.mcu.externaltools.gnu-tools-for-stm32.10.3-2021.10.win32_1.0.100.202210260954/tools/bin/../lib/gcc/arm-none-eabi/10.3.1/../../../../arm-none-eabi/lib/thumb/v7e-m+fp/hard\libc_nano.a(lib_a-impure.o)
                              c:/st/stm32cubeide_1.10.1/stm32cubeide/plugins/com.st.stm32cube.ide.mcu.externaltools.gnu-tools-for-stm32.10.3-2021.10.win32_1.0.100.202210260954/tools/bin/../lib/gcc/arm-none-eabi/10.3.1/../../../../arm-none-eabi/lib/thumb/v7e-m+fp/hard\libc_nano.a(lib_a-exit.o) (_global_impure_ptr)
c:/st/stm32cubeide_1.10.1/stm32cubeide/plugins/com.st.stm32cube.ide.mcu.externaltools.gnu-tools-for-stm32.10.3-2021.10.win32_1.0.100.202210260954/tools/bin/../lib/gcc/arm-none-eabi/10.3.1/../../../../arm-none-eabi/lib/thumb/v7e-m+fp/hard\libc_nano.a(lib_a-init.o)
                              c:/st/stm32cubeide_1.10.1/stm32cubeide/plugins/com.st.stm32cube.ide.mcu.externaltools.gnu-tools-for-stm32.10.3-2021.10.win32_1.0.100.202210260954/tools/bin/../lib/gcc/arm-none-eabi/10.3.1/../../../../arm-none-eabi/lib/thumb/v7e-m+fp/hard/crt0.o (__libc_init_array)
[...]
Memory Configuration

Name             Origin             Length             Attributes
RAM              0x0000000020000000 0x0000000000010000 xrw
RAM2             0x0000000010000000 0x0000000000004000 xrw
FLASH            0x0000000008000000 0x0000000000020000 xr
*default*        0x0000000000000000 0xffffffffffffffff

Linker script and memory map

LOAD c:/st/stm32cubeide_1.10.1/stm32cubeide/plugins/com.st.stm32cube.ide.mcu.externaltools.gnu-tools-for-stm32.10.3-2021.10.win32_1.0.100.202210260954/tools/bin/../lib/gcc/arm-none-eabi/10.3.1/thumb/v7e-m+fp/hard/crti.o
LOAD c:/st/stm32cubeide_1.10.1/stm32cubeide/plugins/com.st.stm32cube.ide.mcu.externaltools.gnu-tools-for-stm32.10.3-2021.10.win32_1.0.100.202210260954/tools/bin/../lib/gcc/arm-none-eabi/10.3.1/thumb/v7e-m+fp/hard/crtbegin.o
LOAD c:/st/stm32cubeide_1.10.1/stm32cubeide/plugins/com.st.stm32cube.ide.mcu.externaltools.gnu-tools-for-stm32.10.3-2021.10.win32_1.0.100.202210260954/tools/bin/../lib/gcc/arm-none-eabi/10.3.1/../../../../arm-none-eabi/lib/thumb/v7e-m+fp/hard/crt0.o
LOAD ./Components/Communication/UARTTask.o
LOAD ./Components/Core/Command.o
LOAD ./Components/Core/Mutex.o
LOAD ./Components/Core/Queue.o
LOAD ./Components/Core/Task.o
LOAD ./Components/FlightControl/FlightTask.o
LOAD ./Components/SoarDebug/DebugTask.o
LOAD ./Components/Utils.o
LOAD ./Components/main_avionics.o
LOAD ./Core/Src/freertos.o
LOAD ./Core/Src/main.o
LOAD ./Core/Src/stm32l4xx_hal_msp.o
LOAD ./Core/Src/stm32l4xx_hal_timebase_tim.o
LOAD ./Core/Src/stm32l4xx_it.o
LOAD ./Core/Src/syscalls.o
LOAD ./Core/Src/sysmem.o
LOAD ./Core/Src/system_stm32l4xx.o
LOAD ./Core/Startup/startup_stm32l431rbtx.o
LOAD ./Drivers/STM32L4xx_HAL_Driver/Src/stm32l4xx_hal.o
LOAD ./Drivers/STM32L4xx_HAL_Driver/Src/stm32l4xx_hal_adc.o
LOAD ./Drivers/STM32L4xx_HAL_Driver/Src/stm32l4xx_hal_adc_ex.o
LOAD ./Drivers/STM32L4xx_HAL_Driver/Src/stm32l4xx_hal_cortex.o
LOAD ./Drivers/STM32L4xx_HAL_Driver/Src/stm32l4xx_hal_crc.o
LOAD ./Drivers/STM32L4xx_HAL_Driver/Src/stm32l4xx_hal_crc_ex.o
LOAD ./Drivers/STM32L4xx_HAL_Driver/Src/stm32l4xx_hal_dma.o
LOAD ./Drivers/STM32L4xx_HAL_Driver/Src/stm32l4xx_hal_dma_ex.o
LOAD ./Drivers/STM32L4xx_HAL_Driver/Src/stm32l4xx_hal_exti.o
LOAD ./Drivers/STM32L4xx_HAL_Driver/Src/stm32l4xx_hal_flash.o
LOAD ./Drivers/STM32L4xx_HAL_Driver/Src/stm32l4xx_hal_flash_ex.o
LOAD ./Drivers/STM32L4xx_HAL_Driver/Src/stm32l4xx_hal_flash_ramfunc.o
LOAD ./Drivers/STM32L4xx_HAL_Driver/Src/stm32l4xx_hal_gpio.o
LOAD ./Drivers/STM32L4xx_HAL_Driver/Src/stm32l4xx_hal_i2c.o
LOAD ./Drivers/STM32L4xx_HAL_Driver/Src/stm32l4xx_hal_i2c_ex.o
LOAD ./Drivers/STM32L4xx_HAL_Driver/Src/stm32l4xx_hal_pwr.o
LOAD ./Drivers/STM32L4xx_HAL_Driver/Src/stm32l4xx_hal_pwr_ex.o
LOAD ./Drivers/STM32L4xx_HAL_Driver/Src/stm32l4xx_hal_rcc.o
LOAD ./Drivers/STM32L4xx_HAL_Driver/Src/stm32l4xx_hal_rcc_ex.o
LOAD ./Drivers/STM32L4xx_HAL_Driver/Src/stm32l4xx_hal_spi.o
LOAD ./Drivers/STM32L4xx_HAL_Driver/Src/stm32l4xx_hal_spi_ex.o
LOAD ./Drivers/STM32L4xx_HAL_Driver/Src/stm32l4xx_hal_tim.o
LOAD ./Drivers/STM32L4xx_HAL_Driver/Src/stm32l4xx_hal_tim_ex.o
LOAD ./Drivers/STM32L4xx_HAL_Driver/Src/stm32l4xx_hal_uart.o
LOAD ./Drivers/STM32L4xx_HAL_Driver/Src/stm32l4xx_hal_uart_ex.o
LOAD ./Middlewares/Third_Party/FreeRTOS/Source/CMSIS_RTOS/cmsis_os.o
LOAD ./Middlewares/Third_Party/FreeRTOS/Source/croutine.o
LOAD ./Middlewares/Third_Party/FreeRTOS/Source/event_groups.o
LOAD ./Middlewares/Third_Party/FreeRTOS/Source/list.o
LOAD ./Middlewares/Third_Party/FreeRTOS/Source/queue.o
LOAD ./Middlewares/Third_Party/FreeRTOS/Source/stream_buffer.o
LOAD ./Middlewares/Third_Party/FreeRTOS/Source/tasks.o
LOAD ./Middlewares/Third_Party/FreeRTOS/Source/timers.o
LOAD ./Middlewares/Third_Party/FreeRTOS/Source/portable/GCC/ARM_CM4F/port.o
LOAD ./Middlewares/Third_Party/FreeRTOS/Source/portable/MemMang/heap_4.o
START GROUP
LOAD c:/st/stm32cubeide_1.10.1/stm32cubeide/plugins/com.st.stm32cube.ide.mcu.externaltools.gnu-tools-for-stm32.10.3-2021.10.win32_1.0.100.202210260954/tools/bin/../lib/gcc/arm-none-eabi/10.3.1/../../../../arm-none-eabi/lib/thumb/v7e-m+fp/hard\libstdc++_nano.a
LOAD c:/st/stm32cubeide_1.10.1/stm32cubeide/plugins/com.st.stm32cube.ide.mcu.externaltools.gnu-tools-for-stm32.10.3-2021.10.win32_1.0.100.202210260954/tools/bin/../lib/gcc/arm-none-eabi/10.3.1/../../../../arm-none-eabi/lib/thumb/v7e-m+fp/hard\libsupc++_nano.a
END GROUP
LOAD c:/st/stm32cubeide_1.10.1/stm32cubeide/plugins/com.st.stm32cube.ide.mcu.externaltools.gnu-tools-for-stm32.10.3-2021.10.win32_1.0.100.202210260954/tools/bin/../lib/gcc/arm-none-eabi/10.3.1/../../../../arm-none-eabi/lib/thumb/v7e-m+fp/hard\libstdc++_nano.a
LOAD c:/st/stm32cubeide_1.10.1/stm32cubeide/plugins/com.st.stm32cube.ide.mcu.externaltools.gnu-tools-for-stm32.10.3-2021.10.win32_1.0.100.202210260954/tools/bin/../lib/gcc/arm-none-eabi/10.3.1/../../../../arm-none-eabi/lib/thumb/v7e-m+fp/hard\libm.a
LOAD c:/st/stm32cubeide_1.10.1/stm32cubeide/plugins/com.st.stm32cube.ide.mcu.externaltools.gnu-tools-for-stm32.10.3-2021.10.win32_1.0.100.202210260954/tools/bin/../lib/gcc/arm-none-eabi/10.3.1/../../../../arm-none-eabi/lib/thumb/v7e-m+fp/hard\libc_nano.a
START GROUP
LOAD c:/st/stm32cubeide_1.10.1/stm32cubeide/plugins/com.st.stm32cube.ide.mcu.externaltools.gnu-tools-for-stm32.10.3-2021.10.win32_1.0.100.202210260954/tools/bin/../lib/gcc/arm-none-eabi/10.3.1/thumb/v7e-m+fp/hard\libgcc.a
LOAD c:/st/stm32cubeide_1.10.1/stm32cubeide/plugins/com.st.stm32cube.ide.mcu.externaltools.gnu-tools-for-stm32.10.3-2021.10.win32_1.0.100.202210260954/tools/bin/../lib/gcc/arm-none-eabi/10.3.1/../../../../arm-none-eabi/lib/thumb/v7e-m+fp/hard\libc_nano.a
END GROUP
START GROUP
LOAD c:/st/stm32cubeide_1.10.1/stm32cubeide/plugins/com.st.stm32cube.ide.mcu.externaltools.gnu-tools-for-stm32.10.3-2021.10.win32_1.0.100.202210260954/tools/bin/../lib/gcc/arm-none-eabi/10.3.1/thumb/v7e-m+fp/hard\libgcc.a
LOAD c:/st/stm32cubeide_1.10.1/stm32cubeide/plugins/com.st.stm32cube.ide.mcu.externaltools.gnu-tools-for-stm32.10.3-2021.10.win32_1.0.100.202210260954/tools/bin/../lib/gcc/arm-none-eabi/10.3.1/../../../../arm-none-eabi/lib/thumb/v7e-m+fp/hard\libc_nano.a
LOAD c:/st/stm32cubeide_1.10.1/stm32cubeide/plugins/com.st.stm32cube.ide.mcu.externaltools.gnu-tools-for-stm32.10.3-2021.10.win32_1.0.100.202210260954/tools/bin/../lib/gcc/arm-none-eabi/10.3.1/../../../../arm-none-eabi/lib/thumb/v7e-m+fp/hard\libnosys.a
END GROUP
START GROUP
LOAD c:/st/stm32cubeide_1.10.1/stm32cubeide/plugins/com.st.stm32cube.ide.mcu.externaltools.gnu-tools-for-stm32.10.3-2021.10.win32_1.0.100.202210260954/tools/bin/../lib/gcc/arm-none-eabi/10.3.1/thumb/v7e-m+fp/hard\libgcc.a
LOAD c:/st/stm32cubeide_1.10.1/stm32cubeide/plugins/com.st.stm32cube.ide.mcu.externaltools.gnu-tools-for-stm32.10.3-2021.10.win32_1.0.100.202210260954/tools/bin/../lib/gcc/arm-none-eabi/10.3.1/../../../../arm-none-eabi/lib/thumb/v7e-m+fp/hard\libc_nano.a
LOAD c:/st/stm32cubeide_1.10.1/stm32cubeide/plugins/com.st.stm32cube.ide.mcu.externaltools.gnu-tools-for-stm32.10.3-2021.10.win32_1.0.100.202210260954/tools/bin/../lib/gcc/arm-none-eabi/10.3.1/../../../../arm-none-eabi/lib/thumb/v7e-m+fp/hard\libnosys.a
END GROUP
LOAD c:/st/stm32cubeide_1.10.1/stm32cubeide/plugins/com.st.stm32cube.ide.mcu.externaltools.gnu-tools-for-stm32.10.3-2021.10.win32_1.0.100.202210260954/tools/bin/../lib/gcc/arm-none-eabi/10.3.1/thumb/v7e-m+fp/hard/crtend.o
LOAD c:/st/stm32cubeide_1.10.1/stm32cubeide/plugins/com.st.stm32cube.ide.mcu.externaltools.gnu-tools-for-stm32.10.3-2021.10.win32_1.0.100.202210260954/tools/bin/../lib/gcc/arm-none-eabi/10.3.1/thumb/v7e-m+fp/hard/crtn.o
                0x0000000020010000                _estack = (ORIGIN (RAM) + LENGTH (RAM))
                0x0000000000000200                _Min_Heap_Size = 0x200
                0x0000000000000400                _Min_Stack_Size = 0x400

.isr_vector     0x0000000008000000      0x18c
                0x0000000008000000                . = ALIGN (0x4)
 *(.isr_vector)
 .isr_vector    0x0000000008000000      0x18c ./Core/Startup/startup_stm32l431rbtx.o
                0x0000000008000000                g_pfnVectors
                0x000000000800018c                . = ALIGN (0x4)

.text           0x0000000008000190     0x937c
                0x0000000008000190                . = ALIGN (0x4)
 *(.text)
 .text          0x0000000008000190       0x40 c:/st/stm32cubeide_1.10.1/stm32cubeide/plugins/com.st.stm32cube.ide.mcu.externaltools.gnu-tools-for-stm32.10.3-2021.10.win32_1.0.100.202210260954/tools/bin/../lib/gcc/arm-none-eabi/10.3.1/thumb/v7e-m+fp/hard/crtbegin.o
 .text          0x00000000080001d0       0x14 c:/st/stm32cubeide_1.10.1/stm32cubeide/plugins/com.st.stm32cube.ide.mcu.externaltools.gnu-tools-for-stm32.10.3-2021.10.win32_1.0.100.202210260954/tools/bin/../lib/gcc/arm-none-eabi/10.3.1/../../../../arm-none-eabi/lib/thumb/v7e-m+fp/hard\libc_nano.a(lib_a-strcmp.o)
                0x00000000080001d0                strcmp
 .text          0x00000000080001e4       0x10 c:/st/stm32cubeide_1.10.1/stm32cubeide/plugins/com.st.stm32cube.ide.mcu.externaltools.gnu-tools-for-stm32.10.3-2021.10.win32_1.0.100.202210260954/tools/bin/../lib/gcc/arm-none-eabi/10.3.1/../../../../arm-none-eabi/lib/thumb/v7e-m+fp/hard\libc_nano.a(lib_a-strlen.o)
                0x00000000080001e4                strlen
 *fill*         0x00000000080001f4        0xc 
 .text          0x0000000008000200       0xa0 c:/st/stm32cubeide_1.10.1/stm32cubeide/plugins/com.st.stm32cube.ide.mcu.externaltools.gnu-tools-for-stm32.10.3-2021.10.win32_1.0.100.202210260954/tools/bin/../lib/gcc/arm-none-eabi/10.3.1/../../../../arm-none-eabi/lib/thumb/v7e-m+fp/hard\libc_nano.a(lib_a-memchr.o)
                0x0000000008000200                memchr
 .text          0x00000000080002a0       0x30 c:/st/stm32cubeide_1.10.1/stm32cubeide/plugins/com.st.stm32cube.ide.mcu.externaltools.gnu-tools-for-stm32.10.3-2021.10.win32_1.0.100.202210260954/tools/bin/../lib/gcc/arm-none-eabi/10.3.1/thumb/v7e-m+fp/hard\libgcc.a(_aeabi_uldivmod.o)
                0x00000000080002a0                __aeabi_uldivmod
 .text          0x00000000080002d0      0x2d0 c:/st/stm32cubeide_1.10.1/stm32cubeide/plugins/com.st.stm32cube.ide.mcu.externaltools.gnu-tools-for-stm32.10.3-2021.10.win32_1.0.100.202210260954/tools/bin/../lib/gcc/arm-none-eabi/10.3.1/thumb/v7e-m+fp/hard\libgcc.a(_udivmoddi4.o)
                0x00000000080002d0                __udivmoddi4
 .text          0x00000000080005a0        0x4 c:/st/stm32cubeide_1.10.1/stm32cubeide/plugins/com.st.stm32cube.ide.mcu.externaltools.gnu-tools-for-stm32.10.3-2021.10.win32_1.0.100.202210260954/tools/bin/../lib/gcc/arm-none-eabi/10.3.1/thumb/v7e-m+fp/hard\libgcc.a(_dvmd_tls.o)
                0x00000000080005a0                __aeabi_idiv0
                0x00000000080005a0                __aeabi_ldiv0
 *(.text*)
 .text._ZNK7Command14GetDataPointerEv
                0x00000000080005a4       0x18 ./Components/Communication/UARTTask.o
                0x00000000080005a4                Command::GetDataPointer() const
 .text._ZNK7Command10GetCommandEv
                0x00000000080005bc       0x18 ./Components/Communication/UARTTask.o
                0x00000000080005bc                Command::GetCommand() const
 .text._ZNK7Command14GetTaskCommandEv
                0x00000000080005d4       0x18 ./Components/Communication/UARTTask.o
                0x00000000080005d4                Command::GetTaskCommand() const
 .text._ZN8UARTTask4InstEv
                0x00000000080005ec       0x50 ./Components/Communication/UARTTask.o
                0x00000000080005ec                UARTTask::Inst()
 .text._ZN8UARTTask7RunTaskEPv
                0x000000000800063c       0x1e ./Components/Communication/UARTTask.o
                0x000000000800063c                UARTTask::RunTask(void*)
 .text._ZN8UARTTaskC2Ev
                0x000000000800065a       0x1c ./Components/Communication/UARTTask.o
                0x000000000800065a                UARTTask::UARTTask()
                0x000000000800065a                UARTTask::UARTTask()
 *fill*         0x0000000008000676        0x2 
 .text._ZN8UARTTask8InitTaskEv
                0x0000000008000678       0x64 ./Components/Communication/UARTTask.o
                0x0000000008000678                UARTTask::InitTask()
 .text._ZN8UARTTask3RunEPv
                0x00000000080006dc       0x32 ./Components/Communication/UARTTask.o
                0x00000000080006dc                UARTTask::Run(void*)
 *fill*         0x000000000800070e        0x2 
 .text._ZN8UARTTask13HandleCommandER7Command
                0x0000000008000710       0x88 ./Components/Communication/UARTTask.o
                0x0000000008000710                UARTTask::HandleCommand(Command&)
 .text._ZStanSt12memory_orderSt23__memory_order_modifier
                0x0000000008000798       0x1c ./Components/Core/Command.o
                0x0000000008000798                std::operator&(std::memory_order, std::__memory_order_modifier)
 .text._Z11soar_mallocm
                0x00000000080007b4       0x34 ./Components/Core/Command.o
                0x00000000080007b4                soar_malloc(unsigned long)
 .text._Z9soar_freePv
                0x00000000080007e8       0x16 ./Components/Core/Command.o
                0x00000000080007e8                soar_free(void*)
 .text._ZN7CommandC2Ev
                0x00000000080007fe       0x34 ./Components/Core/Command.o
                0x00000000080007fe                Command::Command()
                0x00000000080007fe                Command::Command()
 .text._ZN7CommandC2E15GLOBAL_COMMANDSt
                0x0000000008000832       0x3c ./Components/Core/Command.o
                0x0000000008000832                Command::Command(GLOBAL_COMMANDS, unsigned short)
                0x0000000008000832                Command::Command(GLOBAL_COMMANDS, unsigned short)
 *fill*         0x000000000800086e        0x2 
 .text._ZN7Command12AllocateDataEt
                0x0000000008000870       0x74 ./Components/Core/Command.o
                0x0000000008000870                Command::AllocateData(unsigned short)
 .text._ZN7Command17CopyDataToCommandEPht
                0x00000000080008e4       0x4c ./Components/Core/Command.o
                0x00000000080008e4                Command::CopyDataToCommand(unsigned char*, unsigned short)
 .text._ZN7Command5ResetEv
                0x0000000008000930       0x38 ./Components/Core/Command.o
                0x0000000008000930                Command::Reset()
 .text._ZNK7Command11GetDataSizeEv
                0x0000000008000968       0x24 ./Components/Core/Command.o
                0x0000000008000968                Command::GetDataSize() const
 .text._ZNSt13__atomic_baseItEpLEt
                0x000000000800098c       0x34 ./Components/Core/Command.o
                0x000000000800098c                std::__atomic_base<unsigned short>::operator+=(unsigned short)
 .text._ZNKSt13__atomic_baseItEcvtEv
                0x00000000080009c0       0x34 ./Components/Core/Command.o
                0x00000000080009c0                std::__atomic_base<unsigned short>::operator unsigned short() const
 .text._ZNSt13__atomic_baseItEmIEt
                0x00000000080009f4       0x36 ./Components/Core/Command.o
                0x00000000080009f4                std::__atomic_base<unsigned short>::operator-=(unsigned short)
 *fill*         0x0000000008000a2a        0x2 
 .text._ZN5MutexC2Ev
                0x0000000008000a2c       0x3c ./Components/Core/Mutex.o
                0x0000000008000a2c                Mutex::Mutex()
                0x0000000008000a2c                Mutex::Mutex()
 .text._ZN5MutexD2Ev
                0x0000000008000a68       0x1c ./Components/Core/Mutex.o
                0x0000000008000a68                Mutex::~Mutex()
                0x0000000008000a68                Mutex::~Mutex()
 .text._ZN5Mutex4LockEm
                0x0000000008000a84       0x40 ./Components/Core/Mutex.o
                0x0000000008000a84                Mutex::Lock(unsigned long)
 .text._ZN5Mutex6UnlockEv
                0x0000000008000ac4       0x2a ./Components/Core/Mutex.o
                0x0000000008000ac4                Mutex::Unlock()
 .text._ZN5QueueC2Et
                0x0000000008000aee       0x2e ./Components/Core/Queue.o
                0x0000000008000aee                Queue::Queue(unsigned short)
                0x0000000008000aee                Queue::Queue(unsigned short)
 .text._ZN5Queue11SendFromISRER7Command
                0x0000000008000b1c       0x3c ./Components/Core/Queue.o
                0x0000000008000b1c                Queue::SendFromISR(Command&)
 .text._ZN5Queue4SendER7Command
                0x0000000008000b58       0x48 ./Components/Core/Queue.o
                0x0000000008000b58                Queue::Send(Command&)
 .text._ZN5Queue11ReceiveWaitER7Command
                0x0000000008000ba0       0x38 ./Components/Core/Queue.o
                0x0000000008000ba0                Queue::ReceiveWait(Command&)
 .text._ZN4TaskC2Et
                0x0000000008000bd8       0x42 ./Components/Core/Task.o
                0x0000000008000bd8                Task::Task(unsigned short)
                0x0000000008000bd8                Task::Task(unsigned short)
 *fill*         0x0000000008000c1a        0x2 
 .text._ZN10FlightTask4InstEv
                0x0000000008000c1c       0x50 ./Components/FlightControl/FlightTask.o
                0x0000000008000c1c                FlightTask::Inst()
 .text._ZN10FlightTask7RunTaskEPv
                0x0000000008000c6c       0x1e ./Components/FlightControl/FlightTask.o
                0x0000000008000c6c                FlightTask::RunTask(void*)
 *fill*         0x0000000008000c8a        0x2 
 .text._ZN4GPIO4LED12OnEv
                0x0000000008000c8c       0x18 ./Components/FlightControl/FlightTask.o
                0x0000000008000c8c                GPIO::LED1::On()
 .text._ZN4GPIO4LED13OffEv
                0x0000000008000ca4       0x18 ./Components/FlightControl/FlightTask.o
                0x0000000008000ca4                GPIO::LED1::Off()
 .text._ZN10FlightTaskC2Ev
                0x0000000008000cbc       0x1c ./Components/FlightControl/FlightTask.o
                0x0000000008000cbc                FlightTask::FlightTask()
                0x0000000008000cbc                FlightTask::FlightTask()
 .text._ZN10FlightTask8InitTaskEv
                0x0000000008000cd8       0x64 ./Components/FlightControl/FlightTask.o
                0x0000000008000cd8                FlightTask::InitTask()
 .text._ZN10FlightTask3RunEPv
                0x0000000008000d3c       0x40 ./Components/FlightControl/FlightTask.o
                0x0000000008000d3c                FlightTask::Run(void*)
 .text._ZN9DebugTask4InstEv
                0x0000000008000d7c       0x50 ./Components/SoarDebug/DebugTask.o
                0x0000000008000d7c                DebugTask::Inst()
 .text._ZN9DebugTask7RunTaskEPv
                0x0000000008000dcc       0x1e ./Components/SoarDebug/DebugTask.o
                0x0000000008000dcc                DebugTask::RunTask(void*)
 *fill*         0x0000000008000dea        0x2 
 .text.HAL_UART_RxCpltCallback
                0x0000000008000dec       0x2c ./Components/SoarDebug/DebugTask.o
                0x0000000008000dec                HAL_UART_RxCpltCallback
 .text._ZN9DebugTaskC2Ev
                0x0000000008000e18       0x36 ./Components/SoarDebug/DebugTask.o
                0x0000000008000e18                DebugTask::DebugTask()
                0x0000000008000e18                DebugTask::DebugTask()
 *fill*         0x0000000008000e4e        0x2 
 .text._ZN9DebugTask8InitTaskEv
                0x0000000008000e50       0x64 ./Components/SoarDebug/DebugTask.o
                0x0000000008000e50                DebugTask::InitTask()
 .text._ZN9DebugTask3RunEPv
                0x0000000008000eb4       0x6c ./Components/SoarDebug/DebugTask.o
                0x0000000008000eb4                DebugTask::Run(void*)
 .text._ZN9DebugTask18HandleDebugMessageEPKc
                0x0000000008000f20       0xe0 ./Components/SoarDebug/DebugTask.o
                0x0000000008000f20                DebugTask::HandleDebugMessage(char const*)
 .text._ZN9DebugTask11ReceiveDataEv
                0x0000000008001000       0x24 ./Components/SoarDebug/DebugTask.o
                0x0000000008001000                DebugTask::ReceiveData()
 .text._ZN9DebugTask15InterruptRxDataEv
                0x0000000008001024       0xa4 ./Components/SoarDebug/DebugTask.o
                0x0000000008001024                DebugTask::InterruptRxData()
 .text._ZNK4Task13GetEventQueueEv
                0x00000000080010c8       0x18 ./Components/main_avionics.o
                0x00000000080010c8                Task::GetEventQueue() const
 .text._Z8run_mainv
                0x00000000080010e0       0x80 ./Components/main_avionics.o
                0x00000000080010e0                run_main()
 .text._Z5printPKcz
                0x0000000008001160       0xc4 ./Components/main_avionics.o
                0x0000000008001160                print(char const*, ...)
 .text._Z17soar_assert_debugbPKctS0_z
                0x0000000008001224      0x184 ./Components/main_avionics.o
                0x0000000008001224                soar_assert_debug(bool, char const*, unsigned short, char const*, ...)
 .text._Z41__static_initialization_and_destruction_0ii
                0x00000000080013a8       0x44 ./Components/main_avionics.o
 .text._GLOBAL__sub_I__ZN6Global11vaListMutexE
                0x00000000080013ec       0x10 ./Components/main_avionics.o
 .text._GLOBAL__sub_D__ZN6Global11vaListMutexE
                0x00000000080013fc       0x10 ./Components/main_avionics.o
 .text.vApplicationGetIdleTaskMemory
                0x000000000800140c       0x34 ./Core/Src/freertos.o
                0x000000000800140c                vApplicationGetIdleTaskMemory
 .text.main     0x0000000008001440       0x3a ./Core/Src/main.o
                0x0000000008001440                main
 .text._Z18SystemClock_Configv
                0x000000000800147a       0xaa ./Core/Src/main.o
                0x000000000800147a                SystemClock_Config()
 .text._ZL12MX_ADC1_Initv
                0x0000000008001524       0xdc ./Core/Src/main.o
 .text._ZL11MX_CRC_Initv
                0x0000000008001600       0x50 ./Core/Src/main.o
 .text._ZL12MX_I2C1_Initv
                0x0000000008001650       0x9c ./Core/Src/main.o
 .text._ZL20MX_LPUART1_UART_Initv
                0x00000000080016ec       0x68 ./Core/Src/main.o
 .text._ZL19MX_USART1_UART_Initv
                0x0000000008001754       0x68 ./Core/Src/main.o
 .text._ZL19MX_USART2_UART_Initv
                0x00000000080017bc       0x68 ./Core/Src/main.o
 .text._ZL19MX_USART3_UART_Initv
                0x0000000008001824       0x70 ./Core/Src/main.o
 .text._ZL12MX_SPI2_Initv
                0x0000000008001894       0x84 ./Core/Src/main.o
 .text._ZL12MX_GPIO_Initv
                0x0000000008001918      0x124 ./Core/Src/main.o
 .text.HAL_TIM_PeriodElapsedCallback
                0x0000000008001a3c       0x24 ./Core/Src/main.o
                0x0000000008001a3c                HAL_TIM_PeriodElapsedCallback
 .text.Error_Handler
                0x0000000008001a60        0xa ./Core/Src/main.o
                0x0000000008001a60                Error_Handler
 *fill*         0x0000000008001a6a        0x2 
 .text.HAL_MspInit
                0x0000000008001a6c       0x50 ./Core/Src/stm32l4xx_hal_msp.o
                0x0000000008001a6c                HAL_MspInit
 .text.HAL_ADC_MspInit
                0x0000000008001abc       0xfc ./Core/Src/stm32l4xx_hal_msp.o
                0x0000000008001abc                HAL_ADC_MspInit
 .text.HAL_CRC_MspInit
                0x0000000008001bb8       0x40 ./Core/Src/stm32l4xx_hal_msp.o
                0x0000000008001bb8                HAL_CRC_MspInit
 .text.HAL_I2C_MspInit
                0x0000000008001bf8       0xb4 ./Core/Src/stm32l4xx_hal_msp.o
                0x0000000008001bf8                HAL_I2C_MspInit
 .text.HAL_UART_MspInit
                0x0000000008001cac      0x2a0 ./Core/Src/stm32l4xx_hal_msp.o
                0x0000000008001cac                HAL_UART_MspInit
 .text.HAL_SPI_MspInit
                0x0000000008001f4c       0x88 ./Core/Src/stm32l4xx_hal_msp.o
                0x0000000008001f4c                HAL_SPI_MspInit
 .text.HAL_InitTick
                0x0000000008001fd4       0xdc ./Core/Src/stm32l4xx_hal_timebase_tim.o
                0x0000000008001fd4                HAL_InitTick
 .text.NMI_Handler
                0x00000000080020b0        0x6 ./Core/Src/stm32l4xx_it.o
                0x00000000080020b0                NMI_Handler
 .text.HardFault_Handler
                0x00000000080020b6        0x6 ./Core/Src/stm32l4xx_it.o
                0x00000000080020b6                HardFault_Handler
 .text.MemManage_Handler
                0x00000000080020bc        0x6 ./Core/Src/stm32l4xx_it.o
                0x00000000080020bc                MemManage_Handler
 .text.BusFault_Handler
                0x00000000080020c2        0x6 ./Core/Src/stm32l4xx_it.o
                0x00000000080020c2                BusFault_Handler
 .text.UsageFault_Handler
                0x00000000080020c8        0x6 ./Core/Src/stm32l4xx_it.o
                0x00000000080020c8                UsageFault_Handler
 .text.DebugMon_Handler
                0x00000000080020ce        0xe ./Core/Src/stm32l4xx_it.o
                0x00000000080020ce                DebugMon_Handler
 .text.TIM1_UP_TIM16_IRQHandler
                0x00000000080020dc       0x14 ./Core/Src/stm32l4xx_it.o
                0x00000000080020dc                TIM1_UP_TIM16_IRQHandler
 .text._getpid  0x00000000080020f0       0x10 ./Core/Src/syscalls.o
                0x00000000080020f0                _getpid
 .text._kill    0x0000000008002100       0x20 ./Core/Src/syscalls.o
                0x0000000008002100                _kill
 .text._exit    0x0000000008002120       0x14 ./Core/Src/syscalls.o
                0x0000000008002120                _exit
 .text._sbrk    0x0000000008002134       0x6c ./Core/Src/sysmem.o
                0x0000000008002134                _sbrk
 .text.SystemInit
                0x00000000080021a0       0x24 ./Core/Src/system_stm32l4xx.o
                0x00000000080021a0                SystemInit
 .text.Reset_Handler
                0x00000000080021c4       0x50 ./Core/Startup/startup_stm32l431rbtx.o
                0x00000000080021c4                Reset_Handler
 .text.Default_Handler
                0x0000000008002214        0x2 ./Core/Startup/startup_stm32l431rbtx.o
                0x0000000008002214                RTC_Alarm_IRQHandler
                0x0000000008002214                EXTI2_IRQHandler
                0x0000000008002214                TIM1_CC_IRQHandler
                0x0000000008002214                TSC_IRQHandler
                0x0000000008002214                TAMP_STAMP_IRQHandler
                0x0000000008002214                EXTI3_IRQHandler
                0x0000000008002214                LPTIM2_IRQHandler
                0x0000000008002214                I2C3_ER_IRQHandler
                0x0000000008002214                EXTI0_IRQHandler
                0x0000000008002214                I2C2_EV_IRQHandler
                0x0000000008002214                CAN1_RX0_IRQHandler
                0x0000000008002214                FPU_IRQHandler
                0x0000000008002214                SPI1_IRQHandler
                0x0000000008002214                TIM6_DAC_IRQHandler
                0x0000000008002214                DMA2_Channel2_IRQHandler
                0x0000000008002214                DMA1_Channel4_IRQHandler
                0x0000000008002214                ADC1_IRQHandler
                0x0000000008002214                USART3_IRQHandler
                0x0000000008002214                DMA1_Channel7_IRQHandler
                0x0000000008002214                CAN1_RX1_IRQHandler
                0x0000000008002214                DMA2_Channel1_IRQHandler
                0x0000000008002214                QUADSPI_IRQHandler
                0x0000000008002214                I2C1_EV_IRQHandler
                0x0000000008002214                DMA1_Channel6_IRQHandler
                0x0000000008002214                DMA2_Channel4_IRQHandler
                0x0000000008002214                RCC_IRQHandler
                0x0000000008002214                TIM1_TRG_COM_IRQHandler
                0x0000000008002214                DMA1_Channel1_IRQHandler
                0x0000000008002214                Default_Handler
                0x0000000008002214                DMA2_Channel7_IRQHandler
                0x0000000008002214                EXTI15_10_IRQHandler
                0x0000000008002214                TIM7_IRQHandler
                0x0000000008002214                SDMMC1_IRQHandler
                0x0000000008002214                I2C3_EV_IRQHandler
                0x0000000008002214                EXTI9_5_IRQHandler
                0x0000000008002214                RTC_WKUP_IRQHandler
                0x0000000008002214                PVD_PVM_IRQHandler
                0x0000000008002214                SPI2_IRQHandler
                0x0000000008002214                CAN1_TX_IRQHandler
                0x0000000008002214                DMA2_Channel5_IRQHandler
                0x0000000008002214                CRS_IRQHandler
                0x0000000008002214                DMA1_Channel5_IRQHandler
                0x0000000008002214                EXTI4_IRQHandler
                0x0000000008002214                RNG_IRQHandler
                0x0000000008002214                DMA1_Channel3_IRQHandler
                0x0000000008002214                COMP_IRQHandler
                0x0000000008002214                WWDG_IRQHandler
                0x0000000008002214                LPUART1_IRQHandler
                0x0000000008002214                DMA2_Channel6_IRQHandler
                0x0000000008002214                TIM2_IRQHandler
                0x0000000008002214                EXTI1_IRQHandler
                0x0000000008002214                USART2_IRQHandler
                0x0000000008002214                I2C2_ER_IRQHandler
                0x0000000008002214                DMA1_Channel2_IRQHandler
                0x0000000008002214                CAN1_SCE_IRQHandler
                0x0000000008002214                FLASH_IRQHandler
                0x0000000008002214                USART1_IRQHandler
                0x0000000008002214                SPI3_IRQHandler
                0x0000000008002214                I2C1_ER_IRQHandler
                0x0000000008002214                SWPMI1_IRQHandler
                0x0000000008002214                LPTIM1_IRQHandler
                0x0000000008002214                SAI1_IRQHandler
                0x0000000008002214                DMA2_Channel3_IRQHandler
                0x0000000008002214                TIM1_BRK_TIM15_IRQHandler
 .text.HAL_Init
                0x0000000008002216       0x30 ./Drivers/STM32L4xx_HAL_Driver/Src/stm32l4xx_hal.o
                0x0000000008002216                HAL_Init
 *fill*         0x0000000008002246        0x2 
 .text.HAL_IncTick
                0x0000000008002248       0x28 ./Drivers/STM32L4xx_HAL_Driver/Src/stm32l4xx_hal.o
                0x0000000008002248                HAL_IncTick
 .text.HAL_GetTick
                0x0000000008002270       0x18 ./Drivers/STM32L4xx_HAL_Driver/Src/stm32l4xx_hal.o
                0x0000000008002270                HAL_GetTick
 .text.LL_ADC_SetCommonClock
                0x0000000008002288       0x26 ./Drivers/STM32L4xx_HAL_Driver/Src/stm32l4xx_hal_adc.o
 .text.LL_ADC_SetCommonPathInternalCh
                0x00000000080022ae       0x26 ./Drivers/STM32L4xx_HAL_Driver/Src/stm32l4xx_hal_adc.o
 .text.LL_ADC_GetCommonPathInternalCh
                0x00000000080022d4       0x1c ./Drivers/STM32L4xx_HAL_Driver/Src/stm32l4xx_hal_adc.o
 .text.LL_ADC_SetOffset
                0x00000000080022f0       0x48 ./Drivers/STM32L4xx_HAL_Driver/Src/stm32l4xx_hal_adc.o
 .text.LL_ADC_GetOffsetChannel
                0x0000000008002338       0x2c ./Drivers/STM32L4xx_HAL_Driver/Src/stm32l4xx_hal_adc.o
 .text.LL_ADC_SetOffsetState
                0x0000000008002364       0x36 ./Drivers/STM32L4xx_HAL_Driver/Src/stm32l4xx_hal_adc.o
 .text.LL_ADC_REG_SetSequencerRanks
                0x000000000800239a       0x58 ./Drivers/STM32L4xx_HAL_Driver/Src/stm32l4xx_hal_adc.o
 .text.LL_ADC_SetChannelSamplingTime
                0x00000000080023f2       0x56 ./Drivers/STM32L4xx_HAL_Driver/Src/stm32l4xx_hal_adc.o
 .text.LL_ADC_SetChannelSingleDiff
                0x0000000008002448       0x48 ./Drivers/STM32L4xx_HAL_Driver/Src/stm32l4xx_hal_adc.o
 .text.LL_ADC_DisableDeepPowerDown
                0x0000000008002490       0x24 ./Drivers/STM32L4xx_HAL_Driver/Src/stm32l4xx_hal_adc.o
 .text.LL_ADC_IsDeepPowerDownEnabled
                0x00000000080024b4       0x28 ./Drivers/STM32L4xx_HAL_Driver/Src/stm32l4xx_hal_adc.o
 .text.LL_ADC_EnableInternalRegulator
                0x00000000080024dc       0x28 ./Drivers/STM32L4xx_HAL_Driver/Src/stm32l4xx_hal_adc.o
 .text.LL_ADC_IsInternalRegulatorEnabled
                0x0000000008002504       0x28 ./Drivers/STM32L4xx_HAL_Driver/Src/stm32l4xx_hal_adc.o
 .text.LL_ADC_IsEnabled
                0x000000000800252c       0x26 ./Drivers/STM32L4xx_HAL_Driver/Src/stm32l4xx_hal_adc.o
 .text.LL_ADC_REG_IsConversionOngoing
                0x0000000008002552       0x26 ./Drivers/STM32L4xx_HAL_Driver/Src/stm32l4xx_hal_adc.o
 .text.LL_ADC_INJ_IsConversionOngoing
                0x0000000008002578       0x26 ./Drivers/STM32L4xx_HAL_Driver/Src/stm32l4xx_hal_adc.o
 *fill*         0x000000000800259e        0x2 
 .text.HAL_ADC_Init
                0x00000000080025a0      0x290 ./Drivers/STM32L4xx_HAL_Driver/Src/stm32l4xx_hal_adc.o
                0x00000000080025a0                HAL_ADC_Init
 .text.HAL_ADC_ConfigChannel
                0x0000000008002830      0x7c0 ./Drivers/STM32L4xx_HAL_Driver/Src/stm32l4xx_hal_adc.o
                0x0000000008002830                HAL_ADC_ConfigChannel
 .text.__NVIC_SetPriorityGrouping
                0x0000000008002ff0       0x48 ./Drivers/STM32L4xx_HAL_Driver/Src/stm32l4xx_hal_cortex.o
 .text.__NVIC_GetPriorityGrouping
                0x0000000008003038       0x1c ./Drivers/STM32L4xx_HAL_Driver/Src/stm32l4xx_hal_cortex.o
 .text.__NVIC_EnableIRQ
                0x0000000008003054       0x3c ./Drivers/STM32L4xx_HAL_Driver/Src/stm32l4xx_hal_cortex.o
 .text.__NVIC_SetPriority
                0x0000000008003090       0x54 ./Drivers/STM32L4xx_HAL_Driver/Src/stm32l4xx_hal_cortex.o
 .text.NVIC_EncodePriority
                0x00000000080030e4       0x66 ./Drivers/STM32L4xx_HAL_Driver/Src/stm32l4xx_hal_cortex.o
 *fill*         0x000000000800314a        0x2 
 .text.__NVIC_SystemReset
                0x000000000800314c       0x2c ./Drivers/STM32L4xx_HAL_Driver/Src/stm32l4xx_hal_cortex.o
 .text.HAL_NVIC_SetPriorityGrouping
                0x0000000008003178       0x16 ./Drivers/STM32L4xx_HAL_Driver/Src/stm32l4xx_hal_cortex.o
                0x0000000008003178                HAL_NVIC_SetPriorityGrouping
 .text.HAL_NVIC_SetPriority
                0x000000000800318e       0x38 ./Drivers/STM32L4xx_HAL_Driver/Src/stm32l4xx_hal_cortex.o
                0x000000000800318e                HAL_NVIC_SetPriority
 .text.HAL_NVIC_EnableIRQ
                0x00000000080031c6       0x1c ./Drivers/STM32L4xx_HAL_Driver/Src/stm32l4xx_hal_cortex.o
                0x00000000080031c6                HAL_NVIC_EnableIRQ
 .text.HAL_NVIC_SystemReset
                0x00000000080031e2        0x8 ./Drivers/STM32L4xx_HAL_Driver/Src/stm32l4xx_hal_cortex.o
                0x00000000080031e2                HAL_NVIC_SystemReset
 *fill*         0x00000000080031ea        0x2 
 .text.HAL_CRC_Init
                0x00000000080031ec       0xc8 ./Drivers/STM32L4xx_HAL_Driver/Src/stm32l4xx_hal_crc.o
                0x00000000080031ec                HAL_CRC_Init
 .text.HAL_CRCEx_Polynomial_Set
                0x00000000080032b4      0x10c ./Drivers/STM32L4xx_HAL_Driver/Src/stm32l4xx_hal_crc_ex.o
                0x00000000080032b4                HAL_CRCEx_Polynomial_Set
 .text.HAL_GPIO_Init
                0x00000000080033c0      0x2f4 ./Drivers/STM32L4xx_HAL_Driver/Src/stm32l4xx_hal_gpio.o
                0x00000000080033c0                HAL_GPIO_Init
 .text.HAL_GPIO_WritePin
                0x00000000080036b4       0x30 ./Drivers/STM32L4xx_HAL_Driver/Src/stm32l4xx_hal_gpio.o
                0x00000000080036b4                HAL_GPIO_WritePin
 .text.HAL_I2C_Init
                0x00000000080036e4      0x11e ./Drivers/STM32L4xx_HAL_Driver/Src/stm32l4xx_hal_i2c.o
                0x00000000080036e4                HAL_I2C_Init
 .text.HAL_I2CEx_ConfigAnalogFilter
                0x0000000008003802       0x96 ./Drivers/STM32L4xx_HAL_Driver/Src/stm32l4xx_hal_i2c_ex.o
                0x0000000008003802                HAL_I2CEx_ConfigAnalogFilter
 .text.HAL_I2CEx_ConfigDigitalFilter
                0x0000000008003898       0x98 ./Drivers/STM32L4xx_HAL_Driver/Src/stm32l4xx_hal_i2c_ex.o
                0x0000000008003898                HAL_I2CEx_ConfigDigitalFilter
 .text.HAL_PWREx_GetVoltageRange
                0x0000000008003930       0x1c ./Drivers/STM32L4xx_HAL_Driver/Src/stm32l4xx_hal_pwr_ex.o
                0x0000000008003930                HAL_PWREx_GetVoltageRange
 .text.HAL_PWREx_ControlVoltageScaling
                0x000000000800394c       0xac ./Drivers/STM32L4xx_HAL_Driver/Src/stm32l4xx_hal_pwr_ex.o
                0x000000000800394c                HAL_PWREx_ControlVoltageScaling
 .text.HAL_RCC_OscConfig
                0x00000000080039f8      0x828 ./Drivers/STM32L4xx_HAL_Driver/Src/stm32l4xx_hal_rcc.o
                0x00000000080039f8                HAL_RCC_OscConfig
 .text.HAL_RCC_ClockConfig
                0x0000000008004220      0x200 ./Drivers/STM32L4xx_HAL_Driver/Src/stm32l4xx_hal_rcc.o
                0x0000000008004220                HAL_RCC_ClockConfig
 .text.HAL_RCC_GetSysClockFreq
                0x0000000008004420      0x118 ./Drivers/STM32L4xx_HAL_Driver/Src/stm32l4xx_hal_rcc.o
                0x0000000008004420                HAL_RCC_GetSysClockFreq
 .text.HAL_RCC_GetHCLKFreq
                0x0000000008004538       0x18 ./Drivers/STM32L4xx_HAL_Driver/Src/stm32l4xx_hal_rcc.o
                0x0000000008004538                HAL_RCC_GetHCLKFreq
 .text.HAL_RCC_GetPCLK1Freq
                0x0000000008004550       0x2c ./Drivers/STM32L4xx_HAL_Driver/Src/stm32l4xx_hal_rcc.o
                0x0000000008004550                HAL_RCC_GetPCLK1Freq
 .text.HAL_RCC_GetPCLK2Freq
                0x000000000800457c       0x2c ./Drivers/STM32L4xx_HAL_Driver/Src/stm32l4xx_hal_rcc.o
                0x000000000800457c                HAL_RCC_GetPCLK2Freq
 .text.HAL_RCC_GetClockConfig
                0x00000000080045a8       0x64 ./Drivers/STM32L4xx_HAL_Driver/Src/stm32l4xx_hal_rcc.o
                0x00000000080045a8                HAL_RCC_GetClockConfig
 .text.RCC_SetFlashLatencyFromMSIRange
                0x000000000800460c       0xc0 ./Drivers/STM32L4xx_HAL_Driver/Src/stm32l4xx_hal_rcc.o
 .text.HAL_RCCEx_PeriphCLKConfig
                0x00000000080046cc      0x430 ./Drivers/STM32L4xx_HAL_Driver/Src/stm32l4xx_hal_rcc_ex.o
                0x00000000080046cc                HAL_RCCEx_PeriphCLKConfig
 .text.RCCEx_PLLSAI1_Config
                0x0000000008004afc      0x1e4 ./Drivers/STM32L4xx_HAL_Driver/Src/stm32l4xx_hal_rcc_ex.o
 .text.HAL_SPI_Init
                0x0000000008004ce0      0x146 ./Drivers/STM32L4xx_HAL_Driver/Src/stm32l4xx_hal_spi.o
                0x0000000008004ce0                HAL_SPI_Init
 .text.HAL_TIM_Base_Init
                0x0000000008004e26       0xae ./Drivers/STM32L4xx_HAL_Driver/Src/stm32l4xx_hal_tim.o
                0x0000000008004e26                HAL_TIM_Base_Init
 .text.HAL_TIM_Base_MspInit
                0x0000000008004ed4       0x14 ./Drivers/STM32L4xx_HAL_Driver/Src/stm32l4xx_hal_tim.o
                0x0000000008004ed4                HAL_TIM_Base_MspInit
 .text.HAL_TIM_Base_Start_IT
                0x0000000008004ee8       0xa8 ./Drivers/STM32L4xx_HAL_Driver/Src/stm32l4xx_hal_tim.o
                0x0000000008004ee8                HAL_TIM_Base_Start_IT
 .text.HAL_TIM_IRQHandler
                0x0000000008004f90      0x23e ./Drivers/STM32L4xx_HAL_Driver/Src/stm32l4xx_hal_tim.o
                0x0000000008004f90                HAL_TIM_IRQHandler
 .text.HAL_TIM_OC_DelayElapsedCallback
                0x00000000080051ce       0x14 ./Drivers/STM32L4xx_HAL_Driver/Src/stm32l4xx_hal_tim.o
                0x00000000080051ce                HAL_TIM_OC_DelayElapsedCallback
 .text.HAL_TIM_IC_CaptureCallback
                0x00000000080051e2       0x14 ./Drivers/STM32L4xx_HAL_Driver/Src/stm32l4xx_hal_tim.o
                0x00000000080051e2                HAL_TIM_IC_CaptureCallback
 .text.HAL_TIM_PWM_PulseFinishedCallback
                0x00000000080051f6       0x14 ./Drivers/STM32L4xx_HAL_Driver/Src/stm32l4xx_hal_tim.o
                0x00000000080051f6                HAL_TIM_PWM_PulseFinishedCallback
 .text.HAL_TIM_TriggerCallback
                0x000000000800520a       0x14 ./Drivers/STM32L4xx_HAL_Driver/Src/stm32l4xx_hal_tim.o
                0x000000000800520a                HAL_TIM_TriggerCallback
 *fill*         0x000000000800521e        0x2 
 .text.TIM_Base_SetConfig
                0x0000000008005220       0xc8 ./Drivers/STM32L4xx_HAL_Driver/Src/stm32l4xx_hal_tim.o
                0x0000000008005220                TIM_Base_SetConfig
 .text.HAL_TIMEx_CommutCallback
                0x00000000080052e8       0x14 ./Drivers/STM32L4xx_HAL_Driver/Src/stm32l4xx_hal_tim_ex.o
                0x00000000080052e8                HAL_TIMEx_CommutCallback
 .text.HAL_TIMEx_BreakCallback
                0x00000000080052fc       0x14 ./Drivers/STM32L4xx_HAL_Driver/Src/stm32l4xx_hal_tim_ex.o
                0x00000000080052fc                HAL_TIMEx_BreakCallback
 .text.HAL_TIMEx_Break2Callback
                0x0000000008005310       0x14 ./Drivers/STM32L4xx_HAL_Driver/Src/stm32l4xx_hal_tim_ex.o
                0x0000000008005310                HAL_TIMEx_Break2Callback
 .text.HAL_UART_Init
                0x0000000008005324       0x9c ./Drivers/STM32L4xx_HAL_Driver/Src/stm32l4xx_hal_uart.o
                0x0000000008005324                HAL_UART_Init
 .text.HAL_UART_Transmit
                0x00000000080053c0      0x128 ./Drivers/STM32L4xx_HAL_Driver/Src/stm32l4xx_hal_uart.o
                0x00000000080053c0                HAL_UART_Transmit
 .text.HAL_UART_Receive_IT
                0x00000000080054e8       0xac ./Drivers/STM32L4xx_HAL_Driver/Src/stm32l4xx_hal_uart.o
                0x00000000080054e8                HAL_UART_Receive_IT
 .text.HAL_UARTEx_RxEventCallback
                0x0000000008005594       0x18 ./Drivers/STM32L4xx_HAL_Driver/Src/stm32l4xx_hal_uart.o
                0x0000000008005594                HAL_UARTEx_RxEventCallback
 .text.UART_SetConfig
                0x00000000080055ac      0x4b4 ./Drivers/STM32L4xx_HAL_Driver/Src/stm32l4xx_hal_uart.o
                0x00000000080055ac                UART_SetConfig
 .text.UART_AdvFeatureConfig
                0x0000000008005a60      0x144 ./Drivers/STM32L4xx_HAL_Driver/Src/stm32l4xx_hal_uart.o
                0x0000000008005a60                UART_AdvFeatureConfig
 .text.UART_CheckIdleState
                0x0000000008005ba4       0x92 ./Drivers/STM32L4xx_HAL_Driver/Src/stm32l4xx_hal_uart.o
                0x0000000008005ba4                UART_CheckIdleState
 .text.UART_WaitOnFlagUntilTimeout
                0x0000000008005c36      0x188 ./Drivers/STM32L4xx_HAL_Driver/Src/stm32l4xx_hal_uart.o
                0x0000000008005c36                UART_WaitOnFlagUntilTimeout
 *fill*         0x0000000008005dbe        0x2 
 .text.UART_Start_Receive_IT
                0x0000000008005dc0      0x194 ./Drivers/STM32L4xx_HAL_Driver/Src/stm32l4xx_hal_uart.o
                0x0000000008005dc0                UART_Start_Receive_IT
 .text.UART_RxISR_8BIT
                0x0000000008005f54      0x160 ./Drivers/STM32L4xx_HAL_Driver/Src/stm32l4xx_hal_uart.o
 .text.UART_RxISR_16BIT
                0x00000000080060b4      0x160 ./Drivers/STM32L4xx_HAL_Driver/Src/stm32l4xx_hal_uart.o
 .text.HAL_RS485Ex_Init
                0x0000000008006214       0xce ./Drivers/STM32L4xx_HAL_Driver/Src/stm32l4xx_hal_uart_ex.o
                0x0000000008006214                HAL_RS485Ex_Init
 .text.osKernelStart
                0x00000000080062e2        0xe ./Middlewares/Third_Party/FreeRTOS/Source/CMSIS_RTOS/cmsis_os.o
                0x00000000080062e2                osKernelStart
 .text.osDelay  0x00000000080062f0       0x28 ./Middlewares/Third_Party/FreeRTOS/Source/CMSIS_RTOS/cmsis_os.o
                0x00000000080062f0                osDelay
 .text.vListInitialise
                0x0000000008006318       0x40 ./Middlewares/Third_Party/FreeRTOS/Source/list.o
                0x0000000008006318                vListInitialise
 .text.vListInitialiseItem
                0x0000000008006358       0x1a ./Middlewares/Third_Party/FreeRTOS/Source/list.o
                0x0000000008006358                vListInitialiseItem
 .text.vListInsertEnd
                0x0000000008006372       0x48 ./Middlewares/Third_Party/FreeRTOS/Source/list.o
                0x0000000008006372                vListInsertEnd
 .text.vListInsert
                0x00000000080063ba       0x72 ./Middlewares/Third_Party/FreeRTOS/Source/list.o
                0x00000000080063ba                vListInsert
 .text.uxListRemove
                0x000000000800642c       0x54 ./Middlewares/Third_Party/FreeRTOS/Source/list.o
                0x000000000800642c                uxListRemove
 .text.xQueueGenericReset
                0x0000000008006480       0xd0 ./Middlewares/Third_Party/FreeRTOS/Source/queue.o
                0x0000000008006480                xQueueGenericReset
 .text.xQueueGenericCreate
                0x0000000008006550       0x74 ./Middlewares/Third_Party/FreeRTOS/Source/queue.o
                0x0000000008006550                xQueueGenericCreate
 .text.prvInitialiseNewQueue
                0x00000000080065c4       0x3e ./Middlewares/Third_Party/FreeRTOS/Source/queue.o
 .text.prvInitialiseMutex
                0x0000000008006602       0x34 ./Middlewares/Third_Party/FreeRTOS/Source/queue.o
 .text.xQueueCreateMutex
                0x0000000008006636       0x30 ./Middlewares/Third_Party/FreeRTOS/Source/queue.o
                0x0000000008006636                xQueueCreateMutex
 *fill*         0x0000000008006666        0x2 
 .text.xQueueGenericSend
                0x0000000008006668      0x1fc ./Middlewares/Third_Party/FreeRTOS/Source/queue.o
                0x0000000008006668                xQueueGenericSend
 .text.xQueueGenericSendFromISR
                0x0000000008006864      0x136 ./Middlewares/Third_Party/FreeRTOS/Source/queue.o
                0x0000000008006864                xQueueGenericSendFromISR
 *fill*         0x000000000800699a        0x2 
 .text.xQueueReceive
                0x000000000800699c      0x1c0 ./Middlewares/Third_Party/FreeRTOS/Source/queue.o
                0x000000000800699c                xQueueReceive
 .text.xQueueSemaphoreTake
                0x0000000008006b5c      0x218 ./Middlewares/Third_Party/FreeRTOS/Source/queue.o
                0x0000000008006b5c                xQueueSemaphoreTake
 .text.vQueueDelete
                0x0000000008006d74       0x46 ./Middlewares/Third_Party/FreeRTOS/Source/queue.o
                0x0000000008006d74                vQueueDelete
 .text.prvGetDisinheritPriorityAfterTimeout
                0x0000000008006dba       0x30 ./Middlewares/Third_Party/FreeRTOS/Source/queue.o
 .text.prvCopyDataToQueue
                0x0000000008006dea       0xd4 ./Middlewares/Third_Party/FreeRTOS/Source/queue.o
 .text.prvCopyDataFromQueue
                0x0000000008006ebe       0x4c ./Middlewares/Third_Party/FreeRTOS/Source/queue.o
 .text.prvUnlockQueue
                0x0000000008006f0a       0xa4 ./Middlewares/Third_Party/FreeRTOS/Source/queue.o
 .text.prvIsQueueEmpty
                0x0000000008006fae       0x2c ./Middlewares/Third_Party/FreeRTOS/Source/queue.o
 .text.prvIsQueueFull
                0x0000000008006fda       0x30 ./Middlewares/Third_Party/FreeRTOS/Source/queue.o
 *fill*         0x000000000800700a        0x2 
 .text.vQueueUnregisterQueue
                0x000000000800700c       0x54 ./Middlewares/Third_Party/FreeRTOS/Source/queue.o
                0x000000000800700c                vQueueUnregisterQueue
 .text.xTaskCreateStatic
                0x0000000008007060       0xba ./Middlewares/Third_Party/FreeRTOS/Source/tasks.o
                0x0000000008007060                xTaskCreateStatic
 .text.xTaskCreate
                0x000000000800711a       0x8a ./Middlewares/Third_Party/FreeRTOS/Source/tasks.o
                0x000000000800711a                xTaskCreate
 .text.prvInitialiseNewTask
                0x00000000080071a4      0x13c ./Middlewares/Third_Party/FreeRTOS/Source/tasks.o
 .text.prvAddNewTaskToReadyList
                0x00000000080072e0       0xd4 ./Middlewares/Third_Party/FreeRTOS/Source/tasks.o
 .text.vTaskDelay
                0x00000000080073b4       0x68 ./Middlewares/Third_Party/FreeRTOS/Source/tasks.o
                0x00000000080073b4                vTaskDelay
 .text.vTaskStartScheduler
                0x000000000800741c       0xd4 ./Middlewares/Third_Party/FreeRTOS/Source/tasks.o
                0x000000000800741c                vTaskStartScheduler
 .text.vTaskSuspendAll
                0x00000000080074f0       0x1c ./Middlewares/Third_Party/FreeRTOS/Source/tasks.o
                0x00000000080074f0                vTaskSuspendAll
 .text.xTaskResumeAll
                0x000000000800750c      0x138 ./Middlewares/Third_Party/FreeRTOS/Source/tasks.o
                0x000000000800750c                xTaskResumeAll
 .text.xTaskGetTickCount
                0x0000000008007644       0x20 ./Middlewares/Third_Party/FreeRTOS/Source/tasks.o
                0x0000000008007644                xTaskGetTickCount
 .text.xTaskIncrementTick
                0x0000000008007664      0x170 ./Middlewares/Third_Party/FreeRTOS/Source/tasks.o
                0x0000000008007664                xTaskIncrementTick
 .text.vTaskSwitchContext
                0x00000000080077d4       0xc4 ./Middlewares/Third_Party/FreeRTOS/Source/tasks.o
                0x00000000080077d4                vTaskSwitchContext
 .text.vTaskPlaceOnEventList
                0x0000000008007898       0x48 ./Middlewares/Third_Party/FreeRTOS/Source/tasks.o
                0x0000000008007898                vTaskPlaceOnEventList
 .text.xTaskRemoveFromEventList
                0x00000000080078e0       0xc4 ./Middlewares/Third_Party/FreeRTOS/Source/tasks.o
                0x00000000080078e0                xTaskRemoveFromEventList
 .text.vTaskInternalSetTimeOutState
                0x00000000080079a4       0x2c ./Middlewares/Third_Party/FreeRTOS/Source/tasks.o
                0x00000000080079a4                vTaskInternalSetTimeOutState
 .text.xTaskCheckForTimeOut
                0x00000000080079d0       0xc4 ./Middlewares/Third_Party/FreeRTOS/Source/tasks.o
                0x00000000080079d0                xTaskCheckForTimeOut
 .text.vTaskMissedYield
                0x0000000008007a94       0x18 ./Middlewares/Third_Party/FreeRTOS/Source/tasks.o
                0x0000000008007a94                vTaskMissedYield
 .text.prvIdleTask
                0x0000000008007aac       0x30 ./Middlewares/Third_Party/FreeRTOS/Source/tasks.o
 .text.prvInitialiseTaskLists
                0x0000000008007adc       0x80 ./Middlewares/Third_Party/FreeRTOS/Source/tasks.o
 .text.prvCheckTasksWaitingTermination
                0x0000000008007b5c       0x5c ./Middlewares/Third_Party/FreeRTOS/Source/tasks.o
 .text.prvDeleteTCB
                0x0000000008007bb8       0x68 ./Middlewares/Third_Party/FreeRTOS/Source/tasks.o
 .text.prvResetNextTaskUnblockTime
                0x0000000008007c20       0x40 ./Middlewares/Third_Party/FreeRTOS/Source/tasks.o
 .text.xTaskGetSchedulerState
                0x0000000008007c60       0x3c ./Middlewares/Third_Party/FreeRTOS/Source/tasks.o
                0x0000000008007c60                xTaskGetSchedulerState
 .text.xTaskPriorityInherit
                0x0000000008007c9c       0xec ./Middlewares/Third_Party/FreeRTOS/Source/tasks.o
                0x0000000008007c9c                xTaskPriorityInherit
 .text.xTaskPriorityDisinherit
                0x0000000008007d88      0x10c ./Middlewares/Third_Party/FreeRTOS/Source/tasks.o
                0x0000000008007d88                xTaskPriorityDisinherit
 .text.vTaskPriorityDisinheritAfterTimeout
                0x0000000008007e94      0x11c ./Middlewares/Third_Party/FreeRTOS/Source/tasks.o
                0x0000000008007e94                vTaskPriorityDisinheritAfterTimeout
 .text.pvTaskIncrementMutexHeldCount
                0x0000000008007fb0       0x28 ./Middlewares/Third_Party/FreeRTOS/Source/tasks.o
                0x0000000008007fb0                pvTaskIncrementMutexHeldCount
 .text.prvAddCurrentTaskToDelayedList
                0x0000000008007fd8       0xcc ./Middlewares/Third_Party/FreeRTOS/Source/tasks.o
 .text.pxPortInitialiseStack
                0x00000000080080a4       0x68 ./Middlewares/Third_Party/FreeRTOS/Source/portable/GCC/ARM_CM4F/port.o
                0x00000000080080a4                pxPortInitialiseStack
 .text.prvTaskExitError
                0x000000000800810c       0x58 ./Middlewares/Third_Party/FreeRTOS/Source/portable/GCC/ARM_CM4F/port.o
 *fill*         0x0000000008008164        0xc 
 .text.SVC_Handler
                0x0000000008008170       0x28 ./Middlewares/Third_Party/FreeRTOS/Source/portable/GCC/ARM_CM4F/port.o
                0x0000000008008170                SVC_Handler
 .text.prvPortStartFirstTask
                0x0000000008008198       0x28 ./Middlewares/Third_Party/FreeRTOS/Source/portable/GCC/ARM_CM4F/port.o
 .text.xPortStartScheduler
                0x00000000080081c0      0x144 ./Middlewares/Third_Party/FreeRTOS/Source/portable/GCC/ARM_CM4F/port.o
                0x00000000080081c0                xPortStartScheduler
 .text.vPortEnterCritical
                0x0000000008008304       0x60 ./Middlewares/Third_Party/FreeRTOS/Source/portable/GCC/ARM_CM4F/port.o
                0x0000000008008304                vPortEnterCritical
 .text.vPortExitCritical
                0x0000000008008364       0x54 ./Middlewares/Third_Party/FreeRTOS/Source/portable/GCC/ARM_CM4F/port.o
                0x0000000008008364                vPortExitCritical
 *fill*         0x00000000080083b8        0x8 
 .text.PendSV_Handler
                0x00000000080083c0       0x68 ./Middlewares/Third_Party/FreeRTOS/Source/portable/GCC/ARM_CM4F/port.o
                0x00000000080083c0                PendSV_Handler
 .text.SysTick_Handler
                0x0000000008008428       0x44 ./Middlewares/Third_Party/FreeRTOS/Source/portable/GCC/ARM_CM4F/port.o
                0x0000000008008428                SysTick_Handler
 .text.vPortSetupTimerInterrupt
                0x000000000800846c       0x48 ./Middlewares/Third_Party/FreeRTOS/Source/portable/GCC/ARM_CM4F/port.o
                0x000000000800846c                vPortSetupTimerInterrupt
 .text.vPortEnableVFP
                0x00000000080084b4       0x14 ./Middlewares/Third_Party/FreeRTOS/Source/portable/GCC/ARM_CM4F/port.o
 .text.vPortValidateInterruptPriority
                0x00000000080084c8       0x80 ./Middlewares/Third_Party/FreeRTOS/Source/portable/GCC/ARM_CM4F/port.o
                0x00000000080084c8                vPortValidateInterruptPriority
 .text.pvPortMalloc
                0x0000000008008548      0x198 ./Middlewares/Third_Party/FreeRTOS/Source/portable/MemMang/heap_4.o
                0x0000000008008548                pvPortMalloc
 .text.vPortFree
                0x00000000080086e0       0xc4 ./Middlewares/Third_Party/FreeRTOS/Source/portable/MemMang/heap_4.o
                0x00000000080086e0                vPortFree
 .text.xPortGetFreeHeapSize
                0x00000000080087a4       0x18 ./Middlewares/Third_Party/FreeRTOS/Source/portable/MemMang/heap_4.o
                0x00000000080087a4                xPortGetFreeHeapSize
 .text.xPortGetMinimumEverFreeHeapSize
                0x00000000080087bc       0x18 ./Middlewares/Third_Party/FreeRTOS/Source/portable/MemMang/heap_4.o
                0x00000000080087bc                xPortGetMinimumEverFreeHeapSize
 .text.prvHeapInit
                0x00000000080087d4       0xc4 ./Middlewares/Third_Party/FreeRTOS/Source/portable/MemMang/heap_4.o
 .text.prvInsertBlockIntoFreeList
                0x0000000008008898       0xb4 ./Middlewares/Third_Party/FreeRTOS/Source/portable/MemMang/heap_4.o
 .text.__cxa_guard_acquire
                0x000000000800894c       0x18 c:/st/stm32cubeide_1.10.1/stm32cubeide/plugins/com.st.stm32cube.ide.mcu.externaltools.gnu-tools-for-stm32.10.3-2021.10.win32_1.0.100.202210260954/tools/bin/../lib/gcc/arm-none-eabi/10.3.1/../../../../arm-none-eabi/lib/thumb/v7e-m+fp/hard\libstdc++_nano.a(guard.o)
                0x000000000800894c                __cxa_guard_acquire
 .text.__cxa_guard_release
                0x0000000008008964        0x6 c:/st/stm32cubeide_1.10.1/stm32cubeide/plugins/com.st.stm32cube.ide.mcu.externaltools.gnu-tools-for-stm32.10.3-2021.10.win32_1.0.100.202210260954/tools/bin/../lib/gcc/arm-none-eabi/10.3.1/../../../../arm-none-eabi/lib/thumb/v7e-m+fp/hard\libstdc++_nano.a(guard.o)
                0x0000000008008964                __cxa_guard_release
 .text._Znwj    0x000000000800896a       0x22 c:/st/stm32cubeide_1.10.1/stm32cubeide/plugins/com.st.stm32cube.ide.mcu.externaltools.gnu-tools-for-stm32.10.3-2021.10.win32_1.0.100.202210260954/tools/bin/../lib/gcc/arm-none-eabi/10.3.1/../../../../arm-none-eabi/lib/thumb/v7e-m+fp/hard\libstdc++_nano.a(new_op.o)
                0x000000000800896a                operator new(unsigned int)
 .text._ZSt15get_new_handlerv
                0x000000000800898c       0x10 c:/st/stm32cubeide_1.10.1/stm32cubeide/plugins/com.st.stm32cube.ide.mcu.externaltools.gnu-tools-for-stm32.10.3-2021.10.win32_1.0.100.202210260954/tools/bin/../lib/gcc/arm-none-eabi/10.3.1/../../../../arm-none-eabi/lib/thumb/v7e-m+fp/hard\libstdc++_nano.a(new_handler.o)
                0x000000000800898c                std::get_new_handler()
 .text.abort    0x000000000800899c        0xe c:/st/stm32cubeide_1.10.1/stm32cubeide/plugins/com.st.stm32cube.ide.mcu.externaltools.gnu-tools-for-stm32.10.3-2021.10.win32_1.0.100.202210260954/tools/bin/../lib/gcc/arm-none-eabi/10.3.1/../../../../arm-none-eabi/lib/thumb/v7e-m+fp/hard\libc_nano.a(lib_a-abort.o)
                0x000000000800899c                abort
 *fill*         0x00000000080089aa        0x2 
 .text.__errno  0x00000000080089ac        0xc c:/st/stm32cubeide_1.10.1/stm32cubeide/plugins/com.st.stm32cube.ide.mcu.externaltools.gnu-tools-for-stm32.10.3-2021.10.win32_1.0.100.202210260954/tools/bin/../lib/gcc/arm-none-eabi/10.3.1/../../../../arm-none-eabi/lib/thumb/v7e-m+fp/hard\libc_nano.a(lib_a-errno.o)
                0x00000000080089ac                __errno
 .text.__libc_init_array
                0x00000000080089b8       0x48 c:/st/stm32cubeide_1.10.1/stm32cubeide/plugins/com.st.stm32cube.ide.mcu.externaltools.gnu-tools-for-stm32.10.3-2021.10.win32_1.0.100.202210260954/tools/bin/../lib/gcc/arm-none-eabi/10.3.1/../../../../arm-none-eabi/lib/thumb/v7e-m+fp/hard\libc_nano.a(lib_a-init.o)
                0x00000000080089b8                __libc_init_array
 .text.__retarget_lock_acquire_recursive
                0x0000000008008a00        0x2 c:/st/stm32cubeide_1.10.1/stm32cubeide/plugins/com.st.stm32cube.ide.mcu.externaltools.gnu-tools-for-stm32.10.3-2021.10.win32_1.0.100.202210260954/tools/bin/../lib/gcc/arm-none-eabi/10.3.1/../../../../arm-none-eabi/lib/thumb/v7e-m+fp/hard\libc_nano.a(lib_a-lock.o)
                0x0000000008008a00                __retarget_lock_acquire_recursive
 .text.__retarget_lock_release_recursive
                0x0000000008008a02        0x2 c:/st/stm32cubeide_1.10.1/stm32cubeide/plugins/com.st.stm32cube.ide.mcu.externaltools.gnu-tools-for-stm32.10.3-2021.10.win32_1.0.100.202210260954/tools/bin/../lib/gcc/arm-none-eabi/10.3.1/../../../../arm-none-eabi/lib/thumb/v7e-m+fp/hard\libc_nano.a(lib_a-lock.o)
                0x0000000008008a02                __retarget_lock_release_recursive
 .text.malloc   0x0000000008008a04       0x10 c:/st/stm32cubeide_1.10.1/stm32cubeide/plugins/com.st.stm32cube.ide.mcu.externaltools.gnu-tools-for-stm32.10.3-2021.10.win32_1.0.100.202210260954/tools/bin/../lib/gcc/arm-none-eabi/10.3.1/../../../../arm-none-eabi/lib/thumb/v7e-m+fp/hard\libc_nano.a(lib_a-malloc.o)
                0x0000000008008a04                malloc
 .text.memcpy   0x0000000008008a14       0x1c c:/st/stm32cubeide_1.10.1/stm32cubeide/plugins/com.st.stm32cube.ide.mcu.externaltools.gnu-tools-for-stm32.10.3-2021.10.win32_1.0.100.202210260954/tools/bin/../lib/gcc/arm-none-eabi/10.3.1/../../../../arm-none-eabi/lib/thumb/v7e-m+fp/hard\libc_nano.a(lib_a-memcpy-stub.o)
                0x0000000008008a14                memcpy
 .text.memset   0x0000000008008a30       0x10 c:/st/stm32cubeide_1.10.1/stm32cubeide/plugins/com.st.stm32cube.ide.mcu.externaltools.gnu-tools-for-stm32.10.3-2021.10.win32_1.0.100.202210260954/tools/bin/../lib/gcc/arm-none-eabi/10.3.1/../../../../arm-none-eabi/lib/thumb/v7e-m+fp/hard\libc_nano.a(lib_a-memset.o)
                0x0000000008008a30                memset
 .text._free_r  0x0000000008008a40       0x98 c:/st/stm32cubeide_1.10.1/stm32cubeide/plugins/com.st.stm32cube.ide.mcu.externaltools.gnu-tools-for-stm32.10.3-2021.10.win32_1.0.100.202210260954/tools/bin/../lib/gcc/arm-none-eabi/10.3.1/../../../../arm-none-eabi/lib/thumb/v7e-m+fp/hard\libc_nano.a(lib_a-nano-freer.o)
                0x0000000008008a40                _free_r
 .text.sbrk_aligned
                0x0000000008008ad8       0x40 c:/st/stm32cubeide_1.10.1/stm32cubeide/plugins/com.st.stm32cube.ide.mcu.externaltools.gnu-tools-for-stm32.10.3-2021.10.win32_1.0.100.202210260954/tools/bin/../lib/gcc/arm-none-eabi/10.3.1/../../../../arm-none-eabi/lib/thumb/v7e-m+fp/hard\libc_nano.a(lib_a-nano-mallocr.o)
 .text._malloc_r
                0x0000000008008b18       0xe8 c:/st/stm32cubeide_1.10.1/stm32cubeide/plugins/com.st.stm32cube.ide.mcu.externaltools.gnu-tools-for-stm32.10.3-2021.10.win32_1.0.100.202210260954/tools/bin/../lib/gcc/arm-none-eabi/10.3.1/../../../../arm-none-eabi/lib/thumb/v7e-m+fp/hard\libc_nano.a(lib_a-nano-mallocr.o)
                0x0000000008008b18                _malloc_r
 .text.cleanup_glue
                0x0000000008008c00       0x1a c:/st/stm32cubeide_1.10.1/stm32cubeide/plugins/com.st.stm32cube.ide.mcu.externaltools.gnu-tools-for-stm32.10.3-2021.10.win32_1.0.100.202210260954/tools/bin/../lib/gcc/arm-none-eabi/10.3.1/../../../../arm-none-eabi/lib/thumb/v7e-m+fp/hard\libc_nano.a(lib_a-reent.o)
                0x0000000008008c00                cleanup_glue
 *fill*         0x0000000008008c1a        0x2 
 .text._reclaim_reent
                0x0000000008008c1c       0xb8 c:/st/stm32cubeide_1.10.1/stm32cubeide/plugins/com.st.stm32cube.ide.mcu.externaltools.gnu-tools-for-stm32.10.3-2021.10.win32_1.0.100.202210260954/tools/bin/../lib/gcc/arm-none-eabi/10.3.1/../../../../arm-none-eabi/lib/thumb/v7e-m+fp/hard\libc_nano.a(lib_a-reent.o)
                0x0000000008008c1c                _reclaim_reent
 .text._sbrk_r  0x0000000008008cd4       0x20 c:/st/stm32cubeide_1.10.1/stm32cubeide/plugins/com.st.stm32cube.ide.mcu.externaltools.gnu-tools-for-stm32.10.3-2021.10.win32_1.0.100.202210260954/tools/bin/../lib/gcc/arm-none-eabi/10.3.1/../../../../arm-none-eabi/lib/thumb/v7e-m+fp/hard\libc_nano.a(lib_a-sbrkr.o)
                0x0000000008008cd4                _sbrk_r
 .text._raise_r
                0x0000000008008cf4       0x50 c:/st/stm32cubeide_1.10.1/stm32cubeide/plugins/com.st.stm32cube.ide.mcu.externaltools.gnu-tools-for-stm32.10.3-2021.10.win32_1.0.100.202210260954/tools/bin/../lib/gcc/arm-none-eabi/10.3.1/../../../../arm-none-eabi/lib/thumb/v7e-m+fp/hard\libc_nano.a(lib_a-signal.o)
                0x0000000008008cf4                _raise_r
 .text.raise    0x0000000008008d44       0x10 c:/st/stm32cubeide_1.10.1/stm32cubeide/plugins/com.st.stm32cube.ide.mcu.externaltools.gnu-tools-for-stm32.10.3-2021.10.win32_1.0.100.202210260954/tools/bin/../lib/gcc/arm-none-eabi/10.3.1/../../../../arm-none-eabi/lib/thumb/v7e-m+fp/hard\libc_nano.a(lib_a-signal.o)
                0x0000000008008d44                raise
 .text._kill_r  0x0000000008008d54       0x24 c:/st/stm32cubeide_1.10.1/stm32cubeide/plugins/com.st.stm32cube.ide.mcu.externaltools.gnu-tools-for-stm32.10.3-2021.10.win32_1.0.100.202210260954/tools/bin/../lib/gcc/arm-none-eabi/10.3.1/../../../../arm-none-eabi/lib/thumb/v7e-m+fp/hard\libc_nano.a(lib_a-signalr.o)
                0x0000000008008d54                _kill_r
 .text._getpid_r
                0x0000000008008d78        0x4 c:/st/stm32cubeide_1.10.1/stm32cubeide/plugins/com.st.stm32cube.ide.mcu.externaltools.gnu-tools-for-stm32.10.3-2021.10.win32_1.0.100.202210260954/tools/bin/../lib/gcc/arm-none-eabi/10.3.1/../../../../arm-none-eabi/lib/thumb/v7e-m+fp/hard\libc_nano.a(lib_a-signalr.o)
                0x0000000008008d78                _getpid_r
 .text.snprintf
                0x0000000008008d7c       0x68 c:/st/stm32cubeide_1.10.1/stm32cubeide/plugins/com.st.stm32cube.ide.mcu.externaltools.gnu-tools-for-stm32.10.3-2021.10.win32_1.0.100.202210260954/tools/bin/../lib/gcc/arm-none-eabi/10.3.1/../../../../arm-none-eabi/lib/thumb/v7e-m+fp/hard\libc_nano.a(lib_a-snprintf.o)
                0x0000000008008d7c                sniprintf
                0x0000000008008d7c                snprintf
 .text._vsnprintf_r
                0x0000000008008de4       0x56 c:/st/stm32cubeide_1.10.1/stm32cubeide/plugins/com.st.stm32cube.ide.mcu.externaltools.gnu-tools-for-stm32.10.3-2021.10.win32_1.0.100.202210260954/tools/bin/../lib/gcc/arm-none-eabi/10.3.1/../../../../arm-none-eabi/lib/thumb/v7e-m+fp/hard\libc_nano.a(lib_a-vsnprintf.o)
                0x0000000008008de4                _vsniprintf_r
                0x0000000008008de4                _vsnprintf_r
 *fill*         0x0000000008008e3a        0x2 
 .text.vsnprintf
                0x0000000008008e3c       0x1c c:/st/stm32cubeide_1.10.1/stm32cubeide/plugins/com.st.stm32cube.ide.mcu.externaltools.gnu-tools-for-stm32.10.3-2021.10.win32_1.0.100.202210260954/tools/bin/../lib/gcc/arm-none-eabi/10.3.1/../../../../arm-none-eabi/lib/thumb/v7e-m+fp/hard\libc_nano.a(lib_a-vsnprintf.o)
                0x0000000008008e3c                vsniprintf
                0x0000000008008e3c                vsnprintf
 .text.__malloc_lock
                0x0000000008008e58        0xc c:/st/stm32cubeide_1.10.1/stm32cubeide/plugins/com.st.stm32cube.ide.mcu.externaltools.gnu-tools-for-stm32.10.3-2021.10.win32_1.0.100.202210260954/tools/bin/../lib/gcc/arm-none-eabi/10.3.1/../../../../arm-none-eabi/lib/thumb/v7e-m+fp/hard\libc_nano.a(lib_a-mlock.o)
                0x0000000008008e58                __malloc_lock
 .text.__malloc_unlock
                0x0000000008008e64        0xc c:/st/stm32cubeide_1.10.1/stm32cubeide/plugins/com.st.stm32cube.ide.mcu.externaltools.gnu-tools-for-stm32.10.3-2021.10.win32_1.0.100.202210260954/tools/bin/../lib/gcc/arm-none-eabi/10.3.1/../../../../arm-none-eabi/lib/thumb/v7e-m+fp/hard\libc_nano.a(lib_a-mlock.o)
                0x0000000008008e64                __malloc_unlock
 .text.__ssputs_r
                0x0000000008008e70       0xb6 c:/st/stm32cubeide_1.10.1/stm32cubeide/plugins/com.st.stm32cube.ide.mcu.externaltools.gnu-tools-for-stm32.10.3-2021.10.win32_1.0.100.202210260954/tools/bin/../lib/gcc/arm-none-eabi/10.3.1/../../../../arm-none-eabi/lib/thumb/v7e-m+fp/hard\libc_nano.a(lib_a-nano-svfprintf.o)
                0x0000000008008e70                __ssputs_r
 *fill*         0x0000000008008f26        0x2 
 .text._svfprintf_r
                0x0000000008008f28      0x200 c:/st/stm32cubeide_1.10.1/stm32cubeide/plugins/com.st.stm32cube.ide.mcu.externaltools.gnu-tools-for-stm32.10.3-2021.10.win32_1.0.100.202210260954/tools/bin/../lib/gcc/arm-none-eabi/10.3.1/../../../../arm-none-eabi/lib/thumb/v7e-m+fp/hard\libc_nano.a(lib_a-nano-svfprintf.o)
                0x0000000008008f28                _svfiprintf_r
                0x0000000008008f28                _svfprintf_r
 .text._printf_common
                0x0000000008009128       0xda c:/st/stm32cubeide_1.10.1/stm32cubeide/plugins/com.st.stm32cube.ide.mcu.externaltools.gnu-tools-for-stm32.10.3-2021.10.win32_1.0.100.202210260954/tools/bin/../lib/gcc/arm-none-eabi/10.3.1/../../../../arm-none-eabi/lib/thumb/v7e-m+fp/hard\libc_nano.a(lib_a-nano-vfprintf_i.o)
                0x0000000008009128                _printf_common
 *fill*         0x0000000008009202        0x2 
 .text._printf_i
                0x0000000008009204      0x24c c:/st/stm32cubeide_1.10.1/stm32cubeide/plugins/com.st.stm32cube.ide.mcu.externaltools.gnu-tools-for-stm32.10.3-2021.10.win32_1.0.100.202210260954/tools/bin/../lib/gcc/arm-none-eabi/10.3.1/../../../../arm-none-eabi/lib/thumb/v7e-m+fp/hard\libc_nano.a(lib_a-nano-vfprintf_i.o)
                0x0000000008009204                _printf_i
 .text.memmove  0x0000000008009450       0x34 c:/st/stm32cubeide_1.10.1/stm32cubeide/plugins/com.st.stm32cube.ide.mcu.externaltools.gnu-tools-for-stm32.10.3-2021.10.win32_1.0.100.202210260954/tools/bin/../lib/gcc/arm-none-eabi/10.3.1/../../../../arm-none-eabi/lib/thumb/v7e-m+fp/hard\libc_nano.a(lib_a-memmove.o)
                0x0000000008009450                memmove
 .text._realloc_r
                0x0000000008009484       0x5e c:/st/stm32cubeide_1.10.1/stm32cubeide/plugins/com.st.stm32cube.ide.mcu.externaltools.gnu-tools-for-stm32.10.3-2021.10.win32_1.0.100.202210260954/tools/bin/../lib/gcc/arm-none-eabi/10.3.1/../../../../arm-none-eabi/lib/thumb/v7e-m+fp/hard\libc_nano.a(lib_a-nano-reallocr.o)
                0x0000000008009484                _realloc_r
 .text._malloc_usable_size_r
                0x00000000080094e2       0x10 c:/st/stm32cubeide_1.10.1/stm32cubeide/plugins/com.st.stm32cube.ide.mcu.externaltools.gnu-tools-for-stm32.10.3-2021.10.win32_1.0.100.202210260954/tools/bin/../lib/gcc/arm-none-eabi/10.3.1/../../../../arm-none-eabi/lib/thumb/v7e-m+fp/hard\libc_nano.a(lib_a-nano-msizer.o)
                0x00000000080094e2                _malloc_usable_size_r
 *(.glue_7)
 .glue_7        0x00000000080094f2        0x0 linker stubs
 *(.glue_7t)
 .glue_7t       0x00000000080094f2        0x0 linker stubs
 *(.eh_frame)
 *fill*         0x00000000080094f2        0x2 
 .eh_frame      0x00000000080094f4        0x0 c:/st/stm32cubeide_1.10.1/stm32cubeide/plugins/com.st.stm32cube.ide.mcu.externaltools.gnu-tools-for-stm32.10.3-2021.10.win32_1.0.100.202210260954/tools/bin/../lib/gcc/arm-none-eabi/10.3.1/thumb/v7e-m+fp/hard/crtbegin.o
 *(.init)
 .init          0x00000000080094f4        0x4 c:/st/stm32cubeide_1.10.1/stm32cubeide/plugins/com.st.stm32cube.ide.mcu.externaltools.gnu-tools-for-stm32.10.3-2021.10.win32_1.0.100.202210260954/tools/bin/../lib/gcc/arm-none-eabi/10.3.1/thumb/v7e-m+fp/hard/crti.o
                0x00000000080094f4                _init
 .init          0x00000000080094f8        0x8 c:/st/stm32cubeide_1.10.1/stm32cubeide/plugins/com.st.stm32cube.ide.mcu.externaltools.gnu-tools-for-stm32.10.3-2021.10.win32_1.0.100.202210260954/tools/bin/../lib/gcc/arm-none-eabi/10.3.1/thumb/v7e-m+fp/hard/crtn.o
 *(.fini)
 .fini          0x0000000008009500        0x4 c:/st/stm32cubeide_1.10.1/stm32cubeide/plugins/com.st.stm32cube.ide.mcu.externaltools.gnu-tools-for-stm32.10.3-2021.10.win32_1.0.100.202210260954/tools/bin/../lib/gcc/arm-none-eabi/10.3.1/thumb/v7e-m+fp/hard/crti.o
                0x0000000008009500                _fini
 .fini          0x0000000008009504        0x8 c:/st/stm32cubeide_1.10.1/stm32cubeide/plugins/com.st.stm32cube.ide.mcu.externaltools.gnu-tools-for-stm32.10.3-2021.10.win32_1.0.100.202210260954/tools/bin/../lib/gcc/arm-none-eabi/10.3.1/thumb/v7e-m+fp/hard/crtn.o
                0x000000000800950c                . = ALIGN (0x4)
                0x000000000800950c                _etext = .

.vfp11_veneer   0x000000000800950c        0x0
 .vfp11_veneer  0x000000000800950c        0x0 linker stubs

.v4_bx          0x000000000800950c        0x0
 .v4_bx         0x000000000800950c        0x0 linker stubs

.iplt           0x000000000800950c        0x0
 .iplt          0x000000000800950c        0x0 c:/st/stm32cubeide_1.10.1/stm32cubeide/plugins/com.st.stm32cube.ide.mcu.externaltools.gnu-tools-for-stm32.10.3-2021.10.win32_1.0.100.202210260954/tools/bin/../lib/gcc/arm-none-eabi/10.3.1/thumb/v7e-m+fp/hard/crtbegin.o

.rodata         0x000000000800950c      0x708
                0x000000000800950c                . = ALIGN (0x4)
 *(.rodata)
 .rodata        0x000000000800950c       0xea ./Components/Communication/UARTTask.o
 *fill*         0x00000000080095f6        0x2 
 .rodata        0x00000000080095f8       0x7f ./Components/Core/Command.o
 *fill*         0x0000000008009677        0x1 
 .rodata        0x0000000008009678       0x39 ./Components/Core/Mutex.o
 *fill*         0x00000000080096b1        0x3 
 .rodata        0x00000000080096b4       0x46 ./Components/Core/Queue.o
 *fill*         0x00000000080096fa        0x2 
 .rodata        0x00000000080096fc       0xae ./Components/FlightControl/FlightTask.o
 *fill*         0x00000000080097aa        0x2 
 .rodata        0x00000000080097ac      0x1de ./Components/SoarDebug/DebugTask.o
 *fill*         0x000000000800998a        0x2 
 .rodata        0x000000000800998c      0x1a4 ./Components/main_avionics.o
 .rodata        0x0000000008009b30        0x5 ./Middlewares/Third_Party/FreeRTOS/Source/tasks.o
 *(.rodata*)
 *fill*         0x0000000008009b35        0x3 
 .rodata.AHBPrescTable
                0x0000000008009b38       0x10 ./Core/Src/system_stm32l4xx.o
                0x0000000008009b38                AHBPrescTable
 .rodata.APBPrescTable
                0x0000000008009b48        0x8 ./Core/Src/system_stm32l4xx.o
                0x0000000008009b48                APBPrescTable
 .rodata.MSIRangeTable
                0x0000000008009b50       0x30 ./Core/Src/system_stm32l4xx.o
                0x0000000008009b50                MSIRangeTable
 .rodata.__sf_fake_stderr
                0x0000000008009b80       0x20 c:/st/stm32cubeide_1.10.1/stm32cubeide/plugins/com.st.stm32cube.ide.mcu.externaltools.gnu-tools-for-stm32.10.3-2021.10.win32_1.0.100.202210260954/tools/bin/../lib/gcc/arm-none-eabi/10.3.1/../../../../arm-none-eabi/lib/thumb/v7e-m+fp/hard\libc_nano.a(lib_a-findfp.o)
                0x0000000008009b80                __sf_fake_stderr
 .rodata.__sf_fake_stdin
                0x0000000008009ba0       0x20 c:/st/stm32cubeide_1.10.1/stm32cubeide/plugins/com.st.stm32cube.ide.mcu.externaltools.gnu-tools-for-stm32.10.3-2021.10.win32_1.0.100.202210260954/tools/bin/../lib/gcc/arm-none-eabi/10.3.1/../../../../arm-none-eabi/lib/thumb/v7e-m+fp/hard\libc_nano.a(lib_a-findfp.o)
                0x0000000008009ba0                __sf_fake_stdin
 .rodata.__sf_fake_stdout
                0x0000000008009bc0       0x20 c:/st/stm32cubeide_1.10.1/stm32cubeide/plugins/com.st.stm32cube.ide.mcu.externaltools.gnu-tools-for-stm32.10.3-2021.10.win32_1.0.100.202210260954/tools/bin/../lib/gcc/arm-none-eabi/10.3.1/../../../../arm-none-eabi/lib/thumb/v7e-m+fp/hard\libc_nano.a(lib_a-findfp.o)
                0x0000000008009bc0                __sf_fake_stdout
 .rodata._svfprintf_r.str1.1
                0x0000000008009be0       0x11 c:/st/stm32cubeide_1.10.1/stm32cubeide/plugins/com.st.stm32cube.ide.mcu.externaltools.gnu-tools-for-stm32.10.3-2021.10.win32_1.0.100.202210260954/tools/bin/../lib/gcc/arm-none-eabi/10.3.1/../../../../arm-none-eabi/lib/thumb/v7e-m+fp/hard\libc_nano.a(lib_a-nano-svfprintf.o)
 .rodata._printf_i.str1.1
                0x0000000008009bf1       0x22 c:/st/stm32cubeide_1.10.1/stm32cubeide/plugins/com.st.stm32cube.ide.mcu.externaltools.gnu-tools-for-stm32.10.3-2021.10.win32_1.0.100.202210260954/tools/bin/../lib/gcc/arm-none-eabi/10.3.1/../../../../arm-none-eabi/lib/thumb/v7e-m+fp/hard\libc_nano.a(lib_a-nano-vfprintf_i.o)
                0x0000000008009c14                . = ALIGN (0x4)
 *fill*         0x0000000008009c13        0x1 

.ARM.extab      0x0000000008009c14        0x0
                0x0000000008009c14                . = ALIGN (0x4)
 *(.ARM.extab* .gnu.linkonce.armextab.*)
                0x0000000008009c14                . = ALIGN (0x4)

.ARM            0x0000000008009c14        0x8
                0x0000000008009c14                . = ALIGN (0x4)
                0x0000000008009c14                __exidx_start = .
 *(.ARM.exidx*)
 .ARM.exidx     0x0000000008009c14        0x8 c:/st/stm32cubeide_1.10.1/stm32cubeide/plugins/com.st.stm32cube.ide.mcu.externaltools.gnu-tools-for-stm32.10.3-2021.10.win32_1.0.100.202210260954/tools/bin/../lib/gcc/arm-none-eabi/10.3.1/thumb/v7e-m+fp/hard\libgcc.a(_udivmoddi4.o)
                0x0000000008009c1c                __exidx_end = .
                0x0000000008009c1c                . = ALIGN (0x4)

.rel.dyn        0x0000000008009c1c        0x0
 .rel.iplt      0x0000000008009c1c        0x0 c:/st/stm32cubeide_1.10.1/stm32cubeide/plugins/com.st.stm32cube.ide.mcu.externaltools.gnu-tools-for-stm32.10.3-2021.10.win32_1.0.100.202210260954/tools/bin/../lib/gcc/arm-none-eabi/10.3.1/thumb/v7e-m+fp/hard/crtbegin.o

.preinit_array  0x0000000008009c1c        0x0
                0x0000000008009c1c                . = ALIGN (0x4)
                0x0000000008009c1c                PROVIDE (__preinit_array_start = .)
 *(.preinit_array*)
                0x0000000008009c1c                PROVIDE (__preinit_array_end = .)
                0x0000000008009c1c                . = ALIGN (0x4)

.init_array     0x0000000008009c1c        0x8
                0x0000000008009c1c                . = ALIGN (0x4)
                0x0000000008009c1c                PROVIDE (__init_array_start = .)
 *(SORT_BY_NAME(.init_array.*))
 *(.init_array*)
 .init_array    0x0000000008009c1c        0x4 c:/st/stm32cubeide_1.10.1/stm32cubeide/plugins/com.st.stm32cube.ide.mcu.externaltools.gnu-tools-for-stm32.10.3-2021.10.win32_1.0.100.202210260954/tools/bin/../lib/gcc/arm-none-eabi/10.3.1/thumb/v7e-m+fp/hard/crtbegin.o
 .init_array    0x0000000008009c20        0x4 ./Components/main_avionics.o
                0x0000000008009c24                PROVIDE (__init_array_end = .)
                0x0000000008009c24                . = ALIGN (0x4)

.fini_array     0x0000000008009c24        0x8
                0x0000000008009c24                . = ALIGN (0x4)
                [!provide]                        PROVIDE (__fini_array_start = .)
 *(SORT_BY_NAME(.fini_array.*))
 *(.fini_array*)
 .fini_array    0x0000000008009c24        0x4 c:/st/stm32cubeide_1.10.1/stm32cubeide/plugins/com.st.stm32cube.ide.mcu.externaltools.gnu-tools-for-stm32.10.3-2021.10.win32_1.0.100.202210260954/tools/bin/../lib/gcc/arm-none-eabi/10.3.1/thumb/v7e-m+fp/hard/crtbegin.o
 .fini_array    0x0000000008009c28        0x4 ./Components/main_avionics.o
                [!provide]                        PROVIDE (__fini_array_end = .)
                0x0000000008009c2c                . = ALIGN (0x4)
                0x0000000008009c2c                _sidata = LOADADDR (.data)

.data           0x0000000020000000       0x74 load address 0x0000000008009c2c
                0x0000000020000000                . = ALIGN (0x4)
                0x0000000020000000                _sdata = .
 *(.data)
 *(.data*)
 .data.SystemCoreClock
                0x0000000020000000        0x4 ./Core/Src/system_stm32l4xx.o
                0x0000000020000000                SystemCoreClock
 .data.uwTickPrio
                0x0000000020000004        0x4 ./Drivers/STM32L4xx_HAL_Driver/Src/stm32l4xx_hal.o
                0x0000000020000004                uwTickPrio
 .data.uwTickFreq
                0x0000000020000008        0x1 ./Drivers/STM32L4xx_HAL_Driver/Src/stm32l4xx_hal.o
                0x0000000020000008                uwTickFreq
 *fill*         0x0000000020000009        0x3 
 .data.uxCriticalNesting
                0x000000002000000c        0x4 ./Middlewares/Third_Party/FreeRTOS/Source/portable/GCC/ARM_CM4F/port.o
 .data._impure_ptr
                0x0000000020000010        0x4 c:/st/stm32cubeide_1.10.1/stm32cubeide/plugins/com.st.stm32cube.ide.mcu.externaltools.gnu-tools-for-stm32.10.3-2021.10.win32_1.0.100.202210260954/tools/bin/../lib/gcc/arm-none-eabi/10.3.1/../../../../arm-none-eabi/lib/thumb/v7e-m+fp/hard\libc_nano.a(lib_a-impure.o)
                0x0000000020000010                _impure_ptr
 .data.impure_data
                0x0000000020000014       0x60 c:/st/stm32cubeide_1.10.1/stm32cubeide/plugins/com.st.stm32cube.ide.mcu.externaltools.gnu-tools-for-stm32.10.3-2021.10.win32_1.0.100.202210260954/tools/bin/../lib/gcc/arm-none-eabi/10.3.1/../../../../arm-none-eabi/lib/thumb/v7e-m+fp/hard\libc_nano.a(lib_a-impure.o)
 *(.RamFunc)
 *(.RamFunc*)
                0x0000000020000074                . = ALIGN (0x4)
                0x0000000020000074                _edata = .

.igot.plt       0x0000000020000074        0x0 load address 0x0000000008009ca0
 .igot.plt      0x0000000020000074        0x0 c:/st/stm32cubeide_1.10.1/stm32cubeide/plugins/com.st.stm32cube.ide.mcu.externaltools.gnu-tools-for-stm32.10.3-2021.10.win32_1.0.100.202210260954/tools/bin/../lib/gcc/arm-none-eabi/10.3.1/thumb/v7e-m+fp/hard/crtbegin.o
                0x0000000020000074                . = ALIGN (0x4)

.bss            0x0000000020000074     0x1414 load address 0x0000000008009ca0
                0x0000000020000074                _sbss = .
                0x0000000020000074                __bss_start__ = _sbss
 *(.bss)
 .bss           0x0000000020000074       0x1c c:/st/stm32cubeide_1.10.1/stm32cubeide/plugins/com.st.stm32cube.ide.mcu.externaltools.gnu-tools-for-stm32.10.3-2021.10.win32_1.0.100.202210260954/tools/bin/../lib/gcc/arm-none-eabi/10.3.1/thumb/v7e-m+fp/hard/crtbegin.o
 *(.bss*)
 .bss._ZZN8UARTTask4InstEvE4inst
                0x0000000020000090        0x8 ./Components/Communication/UARTTask.o
                0x0000000020000090                UARTTask::Inst()::inst
 .bss._ZGVZN8UARTTask4InstEvE4inst
                0x0000000020000098        0x4 ./Components/Communication/UARTTask.o
                0x0000000020000098                guard variable for UARTTask::Inst()::inst
 .bss._ZN7Command21statAllocationCounterE
                0x000000002000009c        0x2 ./Components/Core/Command.o
                0x000000002000009c                Command::statAllocationCounter
 *fill*         0x000000002000009e        0x2 
 .bss._ZZN10FlightTask4InstEvE4inst
                0x00000000200000a0        0x8 ./Components/FlightControl/FlightTask.o
                0x00000000200000a0                FlightTask::Inst()::inst
 .bss._ZGVZN10FlightTask4InstEvE4inst
                0x00000000200000a8        0x4 ./Components/FlightControl/FlightTask.o
                0x00000000200000a8                guard variable for FlightTask::Inst()::inst
 .bss._ZZN9DebugTask4InstEvE4inst
                0x00000000200000ac       0x1c ./Components/SoarDebug/DebugTask.o
                0x00000000200000ac                DebugTask::Inst()::inst
 .bss._ZGVZN9DebugTask4InstEvE4inst
                0x00000000200000c8        0x4 ./Components/SoarDebug/DebugTask.o
                0x00000000200000c8                guard variable for DebugTask::Inst()::inst
 .bss._ZN6Global11vaListMutexE
                0x00000000200000cc        0x4 ./Components/main_avionics.o
                0x00000000200000cc                Global::vaListMutex
 .bss.xIdleTaskTCBBuffer
                0x00000000200000d0       0xb4 ./Core/Src/freertos.o
 .bss.xIdleStack
                0x0000000020000184      0x200 ./Core/Src/freertos.o
 .bss.hadc1     0x0000000020000384       0x64 ./Core/Src/main.o
                0x0000000020000384                hadc1
 .bss.hcrc      0x00000000200003e8       0x24 ./Core/Src/main.o
                0x00000000200003e8                hcrc
 .bss.hi2c1     0x000000002000040c       0x54 ./Core/Src/main.o
                0x000000002000040c                hi2c1
 .bss.hlpuart1  0x0000000020000460       0x84 ./Core/Src/main.o
                0x0000000020000460                hlpuart1
 .bss.huart1    0x00000000200004e4       0x84 ./Core/Src/main.o
                0x00000000200004e4                huart1
 .bss.huart2    0x0000000020000568       0x84 ./Core/Src/main.o
                0x0000000020000568                huart2
 .bss.huart3    0x00000000200005ec       0x84 ./Core/Src/main.o
                0x00000000200005ec                huart3
 .bss.hspi2     0x0000000020000670       0x64 ./Core/Src/main.o
                0x0000000020000670                hspi2
 .bss.htim1     0x00000000200006d4       0x4c ./Core/Src/stm32l4xx_hal_timebase_tim.o
                0x00000000200006d4                htim1
 .bss.__sbrk_heap_end
                0x0000000020000720        0x4 ./Core/Src/sysmem.o
 .bss.uwTick    0x0000000020000724        0x4 ./Drivers/STM32L4xx_HAL_Driver/Src/stm32l4xx_hal.o
                0x0000000020000724                uwTick
 .bss.xQueueRegistry
                0x0000000020000728       0x40 ./Middlewares/Third_Party/FreeRTOS/Source/queue.o
                0x0000000020000728                xQueueRegistry
 .bss.pxCurrentTCB
                0x0000000020000768        0x4 ./Middlewares/Third_Party/FreeRTOS/Source/tasks.o
                0x0000000020000768                pxCurrentTCB
 .bss.pxReadyTasksLists
                0x000000002000076c       0x8c ./Middlewares/Third_Party/FreeRTOS/Source/tasks.o
 .bss.xDelayedTaskList1
                0x00000000200007f8       0x14 ./Middlewares/Third_Party/FreeRTOS/Source/tasks.o
 .bss.xDelayedTaskList2
                0x000000002000080c       0x14 ./Middlewares/Third_Party/FreeRTOS/Source/tasks.o
 .bss.pxDelayedTaskList
                0x0000000020000820        0x4 ./Middlewares/Third_Party/FreeRTOS/Source/tasks.o
 .bss.pxOverflowDelayedTaskList
                0x0000000020000824        0x4 ./Middlewares/Third_Party/FreeRTOS/Source/tasks.o
 .bss.xPendingReadyList
                0x0000000020000828       0x14 ./Middlewares/Third_Party/FreeRTOS/Source/tasks.o
 .bss.xTasksWaitingTermination
                0x000000002000083c       0x14 ./Middlewares/Third_Party/FreeRTOS/Source/tasks.o
 .bss.uxDeletedTasksWaitingCleanUp
                0x0000000020000850        0x4 ./Middlewares/Third_Party/FreeRTOS/Source/tasks.o
 .bss.xSuspendedTaskList
                0x0000000020000854       0x14 ./Middlewares/Third_Party/FreeRTOS/Source/tasks.o
 .bss.uxCurrentNumberOfTasks
                0x0000000020000868        0x4 ./Middlewares/Third_Party/FreeRTOS/Source/tasks.o
 .bss.xTickCount
                0x000000002000086c        0x4 ./Middlewares/Third_Party/FreeRTOS/Source/tasks.o
 .bss.uxTopReadyPriority
                0x0000000020000870        0x4 ./Middlewares/Third_Party/FreeRTOS/Source/tasks.o
 .bss.xSchedulerRunning
                0x0000000020000874        0x4 ./Middlewares/Third_Party/FreeRTOS/Source/tasks.o
 .bss.xPendedTicks
                0x0000000020000878        0x4 ./Middlewares/Third_Party/FreeRTOS/Source/tasks.o
 .bss.xYieldPending
                0x000000002000087c        0x4 ./Middlewares/Third_Party/FreeRTOS/Source/tasks.o
 .bss.xNumOfOverflows
                0x0000000020000880        0x4 ./Middlewares/Third_Party/FreeRTOS/Source/tasks.o
 .bss.uxTaskNumber
                0x0000000020000884        0x4 ./Middlewares/Third_Party/FreeRTOS/Source/tasks.o
 .bss.xNextTaskUnblockTime
                0x0000000020000888        0x4 ./Middlewares/Third_Party/FreeRTOS/Source/tasks.o
 .bss.xIdleTaskHandle
                0x000000002000088c        0x4 ./Middlewares/Third_Party/FreeRTOS/Source/tasks.o
 .bss.uxSchedulerSuspended
                0x0000000020000890        0x4 ./Middlewares/Third_Party/FreeRTOS/Source/tasks.o
 .bss.ucMaxSysCallPriority
                0x0000000020000894        0x1 ./Middlewares/Third_Party/FreeRTOS/Source/portable/GCC/ARM_CM4F/port.o
 *fill*         0x0000000020000895        0x3 
 .bss.ulMaxPRIGROUPValue
                0x0000000020000898        0x4 ./Middlewares/Third_Party/FreeRTOS/Source/portable/GCC/ARM_CM4F/port.o
 .bss.ucHeap    0x000000002000089c      0xbb8 ./Middlewares/Third_Party/FreeRTOS/Source/portable/MemMang/heap_4.o
 .bss.xStart    0x0000000020001454        0x8 ./Middlewares/Third_Party/FreeRTOS/Source/portable/MemMang/heap_4.o
 .bss.pxEnd     0x000000002000145c        0x4 ./Middlewares/Third_Party/FreeRTOS/Source/portable/MemMang/heap_4.o
 .bss.xFreeBytesRemaining
                0x0000000020001460        0x4 ./Middlewares/Third_Party/FreeRTOS/Source/portable/MemMang/heap_4.o
 .bss.xMinimumEverFreeBytesRemaining
                0x0000000020001464        0x4 ./Middlewares/Third_Party/FreeRTOS/Source/portable/MemMang/heap_4.o
 .bss.xNumberOfSuccessfulAllocations
                0x0000000020001468        0x4 ./Middlewares/Third_Party/FreeRTOS/Source/portable/MemMang/heap_4.o
 .bss.xNumberOfSuccessfulFrees
                0x000000002000146c        0x4 ./Middlewares/Third_Party/FreeRTOS/Source/portable/MemMang/heap_4.o
 .bss.xBlockAllocatedBit
                0x0000000020001470        0x4 ./Middlewares/Third_Party/FreeRTOS/Source/portable/MemMang/heap_4.o
 .bss._ZN12_GLOBAL__N_113__new_handlerE
                0x0000000020001474        0x4 c:/st/stm32cubeide_1.10.1/stm32cubeide/plugins/com.st.stm32cube.ide.mcu.externaltools.gnu-tools-for-stm32.10.3-2021.10.win32_1.0.100.202210260954/tools/bin/../lib/gcc/arm-none-eabi/10.3.1/../../../../arm-none-eabi/lib/thumb/v7e-m+fp/hard\libstdc++_nano.a(new_handler.o)
 .bss.__lock___malloc_recursive_mutex
                0x0000000020001478        0x1 c:/st/stm32cubeide_1.10.1/stm32cubeide/plugins/com.st.stm32cube.ide.mcu.externaltools.gnu-tools-for-stm32.10.3-2021.10.win32_1.0.100.202210260954/tools/bin/../lib/gcc/arm-none-eabi/10.3.1/../../../../arm-none-eabi/lib/thumb/v7e-m+fp/hard\libc_nano.a(lib_a-lock.o)
                0x0000000020001478                __lock___malloc_recursive_mutex
 *fill*         0x0000000020001479        0x3 
 .bss.__malloc_free_list
                0x000000002000147c        0x4 c:/st/stm32cubeide_1.10.1/stm32cubeide/plugins/com.st.stm32cube.ide.mcu.externaltools.gnu-tools-for-stm32.10.3-2021.10.win32_1.0.100.202210260954/tools/bin/../lib/gcc/arm-none-eabi/10.3.1/../../../../arm-none-eabi/lib/thumb/v7e-m+fp/hard\libc_nano.a(lib_a-nano-mallocr.o)
                0x000000002000147c                __malloc_free_list
 .bss.__malloc_sbrk_start
                0x0000000020001480        0x4 c:/st/stm32cubeide_1.10.1/stm32cubeide/plugins/com.st.stm32cube.ide.mcu.externaltools.gnu-tools-for-stm32.10.3-2021.10.win32_1.0.100.202210260954/tools/bin/../lib/gcc/arm-none-eabi/10.3.1/../../../../arm-none-eabi/lib/thumb/v7e-m+fp/hard\libc_nano.a(lib_a-nano-mallocr.o)
                0x0000000020001480                __malloc_sbrk_start
 .bss.errno     0x0000000020001484        0x4 c:/st/stm32cubeide_1.10.1/stm32cubeide/plugins/com.st.stm32cube.ide.mcu.externaltools.gnu-tools-for-stm32.10.3-2021.10.win32_1.0.100.202210260954/tools/bin/../lib/gcc/arm-none-eabi/10.3.1/../../../../arm-none-eabi/lib/thumb/v7e-m+fp/hard\libc_nano.a(lib_a-reent.o)
                0x0000000020001484                errno
 *(COMMON)
                0x0000000020001488                . = ALIGN (0x4)
                0x0000000020001488                _ebss = .
                0x0000000020001488                __bss_end__ = _ebss

._user_heap_stack
                0x0000000020001488      0x600 load address 0x0000000008009ca0
                0x0000000020001488                . = ALIGN (0x8)
                [!provide]                        PROVIDE (end = .)
                0x0000000020001488                PROVIDE (_end = .)
                0x0000000020001688                . = (. + _Min_Heap_Size)
 *fill*         0x0000000020001488      0x200 
                0x0000000020001a88                . = (. + _Min_Stack_Size)
 *fill*         0x0000000020001688      0x400 
                0x0000000020001a88                . = ALIGN (0x8)

/DISCARD/
 libc.a(*)
 libm.a(*)
 libgcc.a(*)

.ARM.attributes
                0x0000000000000000       0x30
 *(.ARM.attributes)
 .ARM.attributes
                0x0000000000000000       0x1e c:/st/stm32cubeide_1.10.1/stm32cubeide/plugins/com.st.stm32cube.ide.mcu.externaltools.gnu-tools-for-stm32.10.3-2021.10.win32_1.0.100.202210260954/tools/bin/../lib/gcc/arm-none-eabi/10.3.1/thumb/v7e-m+fp/hard/crti.o
 .ARM.attributes
                0x000000000000001e       0x34 c:/st/stm32cubeide_1.10.1/stm32cubeide/plugins/com.st.stm32cube.ide.mcu.externaltools.gnu-tools-for-stm32.10.3-2021.10.win32_1.0.100.202210260954/tools/bin/../lib/gcc/arm-none-eabi/10.3.1/thumb/v7e-m+fp/hard/crtbegin.o
 .ARM.attributes
                0x0000000000000052       0x34 ./Components/Communication/UARTTask.o
 .ARM.attributes
                0x0000000000000086       0x34 ./Components/Core/Command.o
 .ARM.attributes
                0x00000000000000ba       0x34 ./Components/Core/Mutex.o
 .ARM.attributes
                0x00000000000000ee       0x34 ./Components/Core/Queue.o
 .ARM.attributes
                0x0000000000000122       0x34 ./Components/Core/Task.o
 .ARM.attributes
                0x0000000000000156       0x34 ./Components/FlightControl/FlightTask.o
 .ARM.attributes
                0x000000000000018a       0x34 ./Components/SoarDebug/DebugTask.o
 .ARM.attributes
                0x00000000000001be       0x34 ./Components/main_avionics.o
 .ARM.attributes
                0x00000000000001f2       0x34 ./Core/Src/freertos.o
 .ARM.attributes
                0x0000000000000226       0x34 ./Core/Src/main.o
 .ARM.attributes
                0x000000000000025a       0x34 ./Core/Src/stm32l4xx_hal_msp.o
 .ARM.attributes
                0x000000000000028e       0x34 ./Core/Src/stm32l4xx_hal_timebase_tim.o
 .ARM.attributes
                0x00000000000002c2       0x34 ./Core/Src/stm32l4xx_it.o
 .ARM.attributes
                0x00000000000002f6       0x34 ./Core/Src/syscalls.o
 .ARM.attributes
                0x000000000000032a       0x34 ./Core/Src/sysmem.o
 .ARM.attributes
                0x000000000000035e       0x34 ./Core/Src/system_stm32l4xx.o
 .ARM.attributes
                0x0000000000000392       0x21 ./Core/Startup/startup_stm32l431rbtx.o
 .ARM.attributes