C:/Users/cjcha/OneDrive/Desktop/Git/RCU-STM/Components/FlightControl/Inc/FlightTask.hpp:14:24:static FlightTask& FlightTask::Inst()	8	static
C:/Users/cjcha/OneDrive/Desktop/Git/RCU-STM/Components/FlightControl/Inc/FlightTask.hpp:22:17:static void FlightTask::RunTask(void*)	16	static
C:/Users/cjcha/OneDrive/Desktop/Git/RCU-STM/Components/GPIO.hpp:22:15:void GPIO::LED1::On()	8	static
C:/Users/cjcha/OneDrive/Desktop/Git/RCU-STM/Components/GPIO.hpp:23:15:void GPIO::LED1::Off()	8	static
../Components/FlightControl/FlightTask.cpp:14:1:FlightTask::FlightTask()	16	static
../Components/FlightControl/FlightTask.cpp:21:6:void FlightTask::InitTask()	32	static
../Components/FlightControl/FlightTask.cpp:41:6:void FlightTask::Run(void*)	24	static
