../Core/Src/main.c:87:5:main	48	static
../Core/Src/main.c:178:6:SystemClock_Config	96	static
../Core/Src/main.c:223:13:MX_ADC1_Init	32	static
../Core/Src/main.c:281:13:MX_CRC_Init	8	static
../Core/Src/main.c:312:13:MX_I2C1_Init	8	static
../Core/Src/main.c:360:13:MX_LPUART1_UART_Init	8	static
../Core/Src/main.c:394:13:MX_USART1_UART_Init	8	static
../Core/Src/main.c:429:13:MX_USART2_UART_Init	8	static
../Core/Src/main.c:464:13:MX_USART3_UART_Init	8	static
../Core/Src/main.c:499:13:MX_SPI2_Init	8	static
../Core/Src/main.c:539:13:MX_GPIO_Init	48	static
../Core/Src/main.c:602:6:StartDefaultTask	16	static
../Core/Src/main.c:621:6:HAL_TIM_PeriodElapsedCallback	16	static
../Core/Src/main.c:638:6:Error_Handler	4	static,ignoring_inline_asm
