../Core/Src/main.cpp:88:5:int main()	8	static
../Core/Src/main.cpp:173:6:void SystemClock_Config()	96	static
../Core/Src/main.cpp:218:13:void MX_ADC1_Init()	32	static
../Core/Src/main.cpp:276:13:void MX_CRC_Init()	8	static
../Core/Src/main.cpp:307:13:void MX_I2C1_Init()	8	static
../Core/Src/main.cpp:355:13:void MX_LPUART1_UART_Init()	8	static
../Core/Src/main.cpp:389:13:void MX_USART1_UART_Init()	8	static
../Core/Src/main.cpp:424:13:void MX_USART2_UART_Init()	8	static
../Core/Src/main.cpp:459:13:void MX_USART3_UART_Init()	8	static
../Core/Src/main.cpp:494:13:void MX_SPI2_Init()	8	static
../Core/Src/main.cpp:534:13:void MX_GPIO_Init()	48	static
../Core/Src/main.cpp:597:6:void StartDefaultTask(const void*)	16	static
../Core/Src/main.cpp:616:6:void HAL_TIM_PeriodElapsedCallback(TIM_HandleTypeDef*)	16	static
../Core/Src/main.cpp:633:6:void Error_Handler()	4	static,ignoring_inline_asm
