C:/Users/cjcha/OneDrive/Desktop/Git/RCU-STM/Components/Core/Inc/Command.hpp:56:18:GLOBAL_COMMANDS Command::GetCommand() const	16	static
C:/Users/cjcha/OneDrive/Desktop/Git/RCU-STM/Components/Core/Inc/Command.hpp:57:11:uint16_t Command::GetTaskCommand() const	16	static
C:/Users/cjcha/OneDrive/Desktop/Git/RCU-STM/Components/SoarDebug/Inc/DebugTask.hpp:26:20:static DebugTask& DebugTask::Inst()	8	static
C:/Users/cjcha/OneDrive/Desktop/Git/RCU-STM/Components/SoarDebug/Inc/DebugTask.hpp:37:14:static void DebugTask::RunTask(void*)	16	static
C:/Users/cjcha/OneDrive/Desktop/Git/RCU-STM/Components/GPIO.hpp:22:15:void GPIO::LED1::On()	8	static
../Components/SoarDebug/DebugTask.cpp:35:6:void HAL_UART_RxCpltCallback(UART_HandleTypeDef*)	16	static
../Components/SoarDebug/DebugTask.cpp:45:1:DebugTask::DebugTask()	16	static
../Components/SoarDebug/DebugTask.cpp:55:6:void DebugTask::InitTask()	32	static
../Components/SoarDebug/DebugTask.cpp:77:6:void DebugTask::Run(void*)	32	static
../Components/SoarDebug/DebugTask.cpp:101:6:void DebugTask::HandleDebugMessage(const char*)	16	static
../Components/SoarDebug/DebugTask.cpp:138:6:bool DebugTask::ReceiveData()	16	static
../Components/SoarDebug/DebugTask.cpp:148:6:void DebugTask::InterruptRxData()	32	static
../Components/SoarDebug/DebugTask.cpp:184:9:static int32_t DebugTask::ExtractIntParameter(const char*, uint16_t)	24	static
