C:/Users/cjcha/OneDrive/Desktop/Git/RCU-STM/Components/Core/Inc/Command.hpp:55:11:uint8_t* Command::GetDataPointer() const	16	static
C:/Users/cjcha/OneDrive/Desktop/Git/RCU-STM/Components/Core/Inc/Command.hpp:56:18:GLOBAL_COMMANDS Command::GetCommand() const	16	static
C:/Users/cjcha/OneDrive/Desktop/Git/RCU-STM/Components/Core/Inc/Command.hpp:57:11:uint16_t Command::GetTaskCommand() const	16	static
C:/Users/cjcha/OneDrive/Desktop/Git/RCU-STM/Components/Communication/Inc/UARTTask.hpp:27:19:static UARTTask& UARTTask::Inst()	8	static
C:/Users/cjcha/OneDrive/Desktop/Git/RCU-STM/Components/Communication/Inc/UARTTask.hpp:35:14:static void UARTTask::RunTask(void*)	16	static
C:/Users/cjcha/OneDrive/Desktop/Git/RCU-STM/Components/Communication/Inc/UARTTask.hpp:43:2:UARTTask::UARTTask()	16	static
../Components/Communication/UARTTask.cpp:15:6:void UARTTask::ConfigureUART()	16	static
../Components/Communication/UARTTask.cpp:23:6:void UARTTask::InitTask()	32	static
../Components/Communication/UARTTask.cpp:48:6:void UARTTask::Run(void*)	32	static
../Components/Communication/UARTTask.cpp:67:6:void UARTTask::HandleCommand(Command&)	24	static
